
 Start  Stop   Length Name               Class

 00000H 01A3DH 01A3EH _TEXT              CODE
 01A3EH 01B3DH 00100H NEW_TEXT           CODE
 01B3EH 0219FH 00662H SYSTEM_TEXT        CODE
 021A0H 021A0H 00000H _FARDATA           FAR_DATA
 021A0H 021A0H 00000H _FARBSS            FAR_BSS
 021A0H 021A0H 00000H _OVERLAY_          OVRINFO
 021A0H 021A0H 00000H _1STUB_            STUBSEG
 021A0H 025A5H 00406H _DATA              DATA
 025A6H 025A7H 00002H _CVTSEG            DATA
 025A8H 025ADH 00006H _SCNSEG            DATA
 025AEH 025AEH 00000H _CONST             CONST
 025AEH 025B3H 00006H _INIT_             INITDATA
 025B4H 025B4H 00000H _INITEND_          INITDATA
 025B4H 025B4H 00000H _EXIT_             EXITDATA
 025B4H 025B4H 00000H _EXITEND_          EXITDATA
 025B4H 02635H 00082H _BSS               BSS
 02636H 02636H 00000H _BSSEND            BSSEND
 02640H 026BFH 00080H _STACK             STACK


Detailed map of segments

 0000:0000 0295 C=CODE   S=_TEXT          G=(none)  M=c0.ASM     ACBP=28
 0000:0295 002D C=CODE   S=_TEXT          G=(none)  M=ATEXIT     ACBP=28
 0000:02C2 0093 C=CODE   S=_TEXT          G=(none)  M=EXIT       ACBP=28
 0000:0355 0000 C=CODE   S=_TEXT          G=(none)  M=FILES      ACBP=28
 0000:0355 0000 C=CODE   S=_TEXT          G=(none)  M=FILES2     ACBP=28
 0000:0355 0021 C=CODE   S=_TEXT          G=(none)  M=H_LLSH     ACBP=28
 0000:0376 0060 C=CODE   S=_TEXT          G=(none)  M=H_PADD     ACBP=28
 0000:03D6 004B C=CODE   S=_TEXT          G=(none)  M=IOERROR    ACBP=28
 0000:0421 0011 C=CODE   S=_TEXT          G=(none)  M=ISATTY     ACBP=28
 0000:0432 00A2 C=CODE   S=_TEXT          G=(none)  M=LONGTOA    ACBP=28
 0000:04D4 0029 C=CODE   S=_TEXT          G=(none)  M=LSEEK      ACBP=28
 0000:04FD 0021 C=CODE   S=_TEXT          G=(none)  M=N_PCMP     ACBP=28
 0000:051E 00BA C=CODE   S=_TEXT          G=(none)  M=SETUPIO    ACBP=28
 0000:05D8 0000 C=CODE   S=_TEXT          G=(none)  M=STKLEN     ACBP=28
 0000:05D8 04DB C=CODE   S=_TEXT          G=(none)  M=VPRINTER   ACBP=28
 0000:0AB3 001F C=CODE   S=_TEXT          G=(none)  M=CVTFAK     ACBP=28
 0000:0AD2 0432 C=CODE   S=_TEXT          G=(none)  M=FARHEAP    ACBP=28
 0000:0F04 0140 C=CODE   S=_TEXT          G=(none)  M=FBRK       ACBP=28
 0000:1044 0004 C=CODE   S=_TEXT          G=(none)  M=REALCVT    ACBP=28
 0000:1048 001C C=CODE   S=_TEXT          G=(none)  M=SETBLOCK   ACBP=28
 0000:1064 00CD C=CODE   S=_TEXT          G=(none)  M=FFLUSH     ACBP=28
 0000:1131 0042 C=CODE   S=_TEXT          G=(none)  M=FLUSHALL   ACBP=28
 0000:1173 01E2 C=CODE   S=_TEXT          G=(none)  M=FSEEK      ACBP=28
 0000:1355 0024 C=CODE   S=_TEXT          G=(none)  M=MEMCPY     ACBP=28
 0000:1379 001B C=CODE   S=_TEXT          G=(none)  M=PRINTF     ACBP=28
 0000:1394 03C8 C=CODE   S=_TEXT          G=(none)  M=PUTC       ACBP=28
 0000:175C 011D C=CODE   S=_TEXT          G=(none)  M=SETVBUF    ACBP=28
 0000:1879 0151 C=CODE   S=_TEXT          G=(none)  M=WRITE      ACBP=28
 0000:19CA 003C C=CODE   S=_TEXT          G=(none)  M=WRITEA     ACBP=28
 0000:1A06 0038 C=CODE   S=_TEXT          G=(none)  M=XFFLUSH    ACBP=28
 01A3:000E 0100 C=CODE   S=NEW_TEXT       G=(none)  M=NEW.CPP    ACBP=28
 01B3:000E 0662 C=CODE   S=SYSTEM_TEXT    G=(none)  M=SYSTEM.ASM ACBP=48
 021A:0000 0000 C=FAR_DATA S=_FARDATA       G=(none)  M=c0.ASM     ACBP=68
 021A:0000 0000 C=FAR_BSS S=_FARBSS        G=(none)  M=c0.ASM     ACBP=68
 021A:0000 0000 C=OVRINFO S=_OVERLAY_      G=(none)  M=c0.ASM     ACBP=68
 021A:0000 0000 C=STUBSEG S=_1STUB_        G=(none)  M=c0.ASM     ACBP=68
 021A:0000 0093 C=DATA   S=_DATA          G=DGROUP  M=c0.ASM     ACBP=68
 021A:0094 00A9 C=DATA   S=_DATA          G=DGROUP  M=NEW.CPP    ACBP=48
 021A:013E 0000 C=DATA   S=_DATA          G=DGROUP  M=SYSTEM.ASM ACBP=48
 021A:013E 0002 C=DATA   S=_DATA          G=DGROUP  M=ATEXIT     ACBP=48
 021A:0140 000C C=DATA   S=_DATA          G=DGROUP  M=EXIT       ACBP=48
 021A:014C 0190 C=DATA   S=_DATA          G=DGROUP  M=FILES      ACBP=48
 021A:02DC 002A C=DATA   S=_DATA          G=DGROUP  M=FILES2     ACBP=48
 021A:0306 0000 C=DATA   S=_DATA          G=DGROUP  M=H_LLSH     ACBP=48
 021A:0306 0000 C=DATA   S=_DATA          G=DGROUP  M=H_PADD     ACBP=48
 021A:0306 005B C=DATA   S=_DATA          G=DGROUP  M=IOERROR    ACBP=48
 021A:0362 0000 C=DATA   S=_DATA          G=DGROUP  M=ISATTY     ACBP=48
 021A:0362 0000 C=DATA   S=_DATA          G=DGROUP  M=LONGTOA    ACBP=48
 021A:0362 0000 C=DATA   S=_DATA          G=DGROUP  M=LSEEK      ACBP=48
 021A:0362 0000 C=DATA   S=_DATA          G=DGROUP  M=N_PCMP     ACBP=48
 021A:0362 0000 C=DATA   S=_DATA          G=DGROUP  M=SETUPIO    ACBP=48
 021A:0362 0002 C=DATA   S=_DATA          G=DGROUP  M=STKLEN     ACBP=48
 021A:0364 0067 C=DATA   S=_DATA          G=DGROUP  M=VPRINTER   ACBP=48
 021A:03CC 0031 C=DATA   S=_DATA          G=DGROUP  M=CVTFAK     ACBP=48
 021A:03FE 0000 C=DATA   S=_DATA          G=DGROUP  M=FARHEAP    ACBP=48
 021A:03FE 0002 C=DATA   S=_DATA          G=DGROUP  M=FBRK       ACBP=48
 021A:0400 0000 C=DATA   S=_DATA          G=DGROUP  M=REALCVT    ACBP=48
 021A:0400 0000 C=DATA   S=_DATA          G=DGROUP  M=SETBLOCK   ACBP=48
 021A:0400 0000 C=DATA   S=_DATA          G=DGROUP  M=FFLUSH     ACBP=48
 021A:0400 0000 C=DATA   S=_DATA          G=DGROUP  M=FLUSHALL   ACBP=48
 021A:0400 0000 C=DATA   S=_DATA          G=DGROUP  M=FSEEK      ACBP=48
 021A:0400 0000 C=DATA   S=_DATA          G=DGROUP  M=MEMCPY     ACBP=48
 021A:0400 0000 C=DATA   S=_DATA          G=DGROUP  M=PRINTF     ACBP=48
 021A:0400 0001 C=DATA   S=_DATA          G=DGROUP  M=PUTC       ACBP=48
 021A:0402 0004 C=DATA   S=_DATA          G=DGROUP  M=SETVBUF    ACBP=48
 021A:0406 0000 C=DATA   S=_DATA          G=DGROUP  M=WRITE      ACBP=48
 021A:0406 0000 C=DATA   S=_DATA          G=DGROUP  M=WRITEA     ACBP=48
 021A:0406 0000 C=DATA   S=_DATA          G=DGROUP  M=XFFLUSH    ACBP=48
 021A:0406 0000 C=DATA   S=_CVTSEG        G=DGROUP  M=c0.ASM     ACBP=48
 021A:0406 0002 C=DATA   S=_CVTSEG        G=DGROUP  M=CVTFAK     ACBP=48
 021A:0408 0000 C=DATA   S=_CVTSEG        G=DGROUP  M=REALCVT    ACBP=48
 021A:0408 0000 C=DATA   S=_SCNSEG        G=DGROUP  M=c0.ASM     ACBP=48
 021A:0408 0006 C=DATA   S=_SCNSEG        G=DGROUP  M=CVTFAK     ACBP=48
 021A:040E 0000 C=CONST  S=_CONST         G=DGROUP  M=c0.ASM     ACBP=48
 021A:040E 0000 C=INITDATA S=_INIT_         G=DGROUP  M=c0.ASM     ACBP=48
 021A:040E 0006 C=INITDATA S=_INIT_         G=DGROUP  M=SETUPIO    ACBP=48
 021A:0414 0000 C=INITDATA S=_INITEND_      G=DGROUP  M=c0.ASM     ACBP=28
 021A:0414 0000 C=EXITDATA S=_EXIT_         G=DGROUP  M=c0.ASM     ACBP=48
 021A:0414 0000 C=EXITDATA S=_EXITEND_      G=DGROUP  M=c0.ASM     ACBP=28
 021A:0414 0000 C=BSS    S=_BSS           G=DGROUP  M=c0.ASM     ACBP=48
 021A:0414 0000 C=BSS    S=_BSS           G=DGROUP  M=NEW.CPP    ACBP=48
 021A:0414 0080 C=BSS    S=_BSS           G=DGROUP  M=ATEXIT     ACBP=48
 021A:0494 0000 C=BSS    S=_BSS           G=DGROUP  M=IOERROR    ACBP=48
 021A:0494 0000 C=BSS    S=_BSS           G=DGROUP  M=ISATTY     ACBP=48
 021A:0494 0000 C=BSS    S=_BSS           G=DGROUP  M=LONGTOA    ACBP=48
 021A:0494 0000 C=BSS    S=_BSS           G=DGROUP  M=LSEEK      ACBP=48
 021A:0494 0000 C=BSS    S=_BSS           G=DGROUP  M=SETUPIO    ACBP=48
 021A:0494 0000 C=BSS    S=_BSS           G=DGROUP  M=VPRINTER   ACBP=48
 021A:0494 0000 C=BSS    S=_BSS           G=DGROUP  M=SETBLOCK   ACBP=48
 021A:0494 0000 C=BSS    S=_BSS           G=DGROUP  M=MEMCPY     ACBP=48
 021A:0494 0001 C=BSS    S=_BSS           G=DGROUP  M=PUTC       ACBP=48
 021A:0496 0000 C=BSS    S=_BSS           G=DGROUP  M=WRITEA     ACBP=48
 021A:0496 0000 C=BSSEND S=_BSSEND        G=DGROUP  M=c0.ASM     ACBP=28
 0264:0000 0080 C=STACK  S=_STACK         G=(none)  M=c0.ASM     ACBP=74

  Address         Publics by Name

 021A:0000 idle  DATASEG@
 0000:0291 idle  DGROUP@
 0000:0358 idle  F_LXLSH@
 0000:0379 idle  F_PADD@
 0000:03A8 idle  F_PSUB@
 0000:0358 idle  LXLSH@
 0000:0355       N_LXLSH@
 0000:0376       N_PADD@
 0000:04FD       N_PCMP@
 0000:03A5 idle  N_PSUB@
 0000:0379 idle  PADD@
 0000:03A8 idle  PSUB@
 0000:027A       _abort
 01B3:04A8 idle  _AbsReadMemoryByte
 01B3:04D8 idle  _AbsReadMemoryDword
 01B3:04C0 idle  _AbsReadMemoryWord
 01B3:04F4 idle  _AbsWriteMemoryByte
 01B3:052A idle  _AbsWriteMemoryDword
 01B3:050F idle  _AbsWriteMemoryWord
 0000:0295 idle  _atexit
 01B3:007D idle  _ColdReboot
 01B3:0258 idle  _CompareBuffersPtr
 01B3:008E       _Delay
 021A:007F       _errno
 0000:031A       _exit
 0000:0C12 idle  _farfree
 0000:0D26 idle  _farmalloc
 0000:0E8A idle  _farrealloc
 0000:1064       _fflush
 01B3:014A idle  _Fill
 01B3:0125       _FillByte
 01B3:00F0 idle  _FillDword
 01B3:0104 idle  _FillWord
 0000:1131       _flushall
 0000:13B0 idle  _fputc
 0000:1545 idle  _fputchar
 0000:0C12       _free
 0000:11F5       _fseek
 0000:1275 idle  _ftell
 01B3:00B1       _GetBiosConfigTable
 01B3:055E       _GetBiosType
 01B3:03F8       _GetCPU_Speed
 01B3:027E       _GetCPU_Type
 01B3:009D       _GetExtendedMemorySize
 01B3:0056 idle  _HardwareReboot
 0000:0421       _isatty
 0000:04D4       _lseek
 01A3:000E       _main
 0000:0D1C       _malloc
 0000:1355       _memcpy
 01B3:017F idle  _MovePtr
 0000:1379       _printf
 01B3:00D0 idle  _ReadIndexPort
 01B3:00BC       _ReadPort
 0000:0E83 idle  _realloc
 01B3:0547 idle  _RomCheck
 01B3:020F idle  _SearchPtr
 0000:1048       _setblock
 0000:175C       _setvbuf
 01B3:01DA idle  _Swap
 01B3:019E idle  _SwapByte
 01B3:01C4 idle  _SwapLong
 01B3:01B1 idle  _SwapWord
 01B3:006C idle  _WarmReboot
 01B3:00DE idle  _WriteIndexPort
 01B3:00C4 idle  _WritePort
 0000:1000 idle  __AHINCR
 0000:000C idle  __AHSHIFT
 021A:013E       __atexitcnt
 021A:0414       __atexittbl
 0000:0F7A       __brk
 021A:008B       __brklvl
 021A:006B idle  __C0argc
 021A:006D idle  __C0argv
 021A:0071 idle  __C0environ
 0000:033B idle  __cexit
 0000:016A       __checknull
 0000:0157       __cleanup
 0000:0000  Abs  __cvtfak
 0000:0349 idle  __c_exit
 021A:0306 idle  __doserrno
 0000:040F idle  __DOSERROR
 021A:0308 idle  __dosErrorToSV
 021A:0075 idle  __envLng
 021A:0077 idle  __envseg
 021A:0079 idle  __envSize
 0000:0329       __exit
 021A:0140       __exitbuf
 021A:0144 idle  __exitfopen
 021A:0148 idle  __exitopen
 0000:1394 idle  __fputc
 0000:1559       __FPUTN
 021A:0087       __heapbase
 021A:008F       __heaptop
 021A:005B idle  __Int0Vector
 021A:005F idle  __Int4Vector
 021A:0063 idle  __Int5Vector
 021A:0067 idle  __Int6Vector
 0000:03D6       __IOERROR
 0000:0432       __LONGTOA
 0000:0293 idle  __MMODEL
 021A:02DC       __nfile
 021A:02DE       __openfd
 021A:007D idle  __osmajor
 021A:007E idle  __osminor
 021A:007D idle  __osversion
 021A:007B       __psp
 0000:1044       __REALCVT
 021A:0406       __RealCvtVector
 0000:01C0       __restorezero
 0000:0FB9       __sbrk
 021A:0408 idle  __ScanTodVector
 0000:051E       __setupio
 021A:0081 idle  __StartTime
 021A:0362       __stklen
 021A:014C       __streams
 0000:016B       __terminate
 0000:04B4 idle  __UTOA
 021A:007D idle  __version
 0000:05F0       __VPRINTER
 0000:19CA       __write
 0000:1A06       __xfflush
 021A:0085 idle  ___brklvl
 0000:0AD2 idle  ___first
 0000:0AD4 idle  ___last
 0000:0AD6 idle  ___rover
 0000:1879       ___write

  Address         Publics by Value

 0000:0000  Abs  __cvtfak
 0000:000C idle  __AHSHIFT
 0000:0157       __cleanup
 0000:016A       __checknull
 0000:016B       __terminate
 0000:01C0       __restorezero
 0000:027A       _abort
 0000:0291 idle  DGROUP@
 0000:0293 idle  __MMODEL
 0000:0295 idle  _atexit
 0000:031A       _exit
 0000:0329       __exit
 0000:033B idle  __cexit
 0000:0349 idle  __c_exit
 0000:0355       N_LXLSH@
 0000:0358 idle  LXLSH@
 0000:0358 idle  F_LXLSH@
 0000:0376       N_PADD@
 0000:0379 idle  F_PADD@
 0000:0379 idle  PADD@
 0000:03A5 idle  N_PSUB@
 0000:03A8 idle  F_PSUB@
 0000:03A8 idle  PSUB@
 0000:03D6       __IOERROR
 0000:040F idle  __DOSERROR
 0000:0421       _isatty
 0000:0432       __LONGTOA
 0000:04B4 idle  __UTOA
 0000:04D4       _lseek
 0000:04FD       N_PCMP@
 0000:051E       __setupio
 0000:05F0       __VPRINTER
 0000:0AD2 idle  ___first
 0000:0AD4 idle  ___last
 0000:0AD6 idle  ___rover
 0000:0C12       _free
 0000:0C12 idle  _farfree
 0000:0D1C       _malloc
 0000:0D26 idle  _farmalloc
 0000:0E83 idle  _realloc
 0000:0E8A idle  _farrealloc
 0000:0F7A       __brk
 0000:0FB9       __sbrk
 0000:1000 idle  __AHINCR
 0000:1044       __REALCVT
 0000:1048       _setblock
 0000:1064       _fflush
 0000:1131       _flushall
 0000:11F5       _fseek
 0000:1275 idle  _ftell
 0000:1355       _memcpy
 0000:1379       _printf
 0000:1394 idle  __fputc
 0000:13B0 idle  _fputc
 0000:1545 idle  _fputchar
 0000:1559       __FPUTN
 0000:175C       _setvbuf
 0000:1879       ___write
 0000:19CA       __write
 0000:1A06       __xfflush
 01A3:000E       _main
 01B3:0056 idle  _HardwareReboot
 01B3:006C idle  _WarmReboot
 01B3:007D idle  _ColdReboot
 01B3:008E       _Delay
 01B3:009D       _GetExtendedMemorySize
 01B3:00B1       _GetBiosConfigTable
 01B3:00BC       _ReadPort
 01B3:00C4 idle  _WritePort
 01B3:00D0 idle  _ReadIndexPort
 01B3:00DE idle  _WriteIndexPort
 01B3:00F0 idle  _FillDword
 01B3:0104 idle  _FillWord
 01B3:0125       _FillByte
 01B3:014A idle  _Fill
 01B3:017F idle  _MovePtr
 01B3:019E idle  _SwapByte
 01B3:01B1 idle  _SwapWord
 01B3:01C4 idle  _SwapLong
 01B3:01DA idle  _Swap
 01B3:020F idle  _SearchPtr
 01B3:0258 idle  _CompareBuffersPtr
 01B3:027E       _GetCPU_Type
 01B3:03F8       _GetCPU_Speed
 01B3:04A8 idle  _AbsReadMemoryByte
 01B3:04C0 idle  _AbsReadMemoryWord
 01B3:04D8 idle  _AbsReadMemoryDword
 01B3:04F4 idle  _AbsWriteMemoryByte
 01B3:050F idle  _AbsWriteMemoryWord
 01B3:052A idle  _AbsWriteMemoryDword
 01B3:0547 idle  _RomCheck
 01B3:055E       _GetBiosType
 021A:0000 idle  DATASEG@
 021A:005B idle  __Int0Vector
 021A:005F idle  __Int4Vector
 021A:0063 idle  __Int5Vector
 021A:0067 idle  __Int6Vector
 021A:006B idle  __C0argc
 021A:006D idle  __C0argv
 021A:0071 idle  __C0environ
 021A:0075 idle  __envLng
 021A:0077 idle  __envseg
 021A:0079 idle  __envSize
 021A:007B       __psp
 021A:007D idle  __osversion
 021A:007D idle  __osmajor
 021A:007D idle  __version
 021A:007E idle  __osminor
 021A:007F       _errno
 021A:0081 idle  __StartTime
 021A:0085 idle  ___brklvl
 021A:0087       __heapbase
 021A:008B       __brklvl
 021A:008F       __heaptop
 021A:013E       __atexitcnt
 021A:0140       __exitbuf
 021A:0144 idle  __exitfopen
 021A:0148 idle  __exitopen
 021A:014C       __streams
 021A:02DC       __nfile
 021A:02DE       __openfd
 021A:0306 idle  __doserrno
 021A:0308 idle  __dosErrorToSV
 021A:0362       __stklen
 021A:0406       __RealCvtVector
 021A:0408 idle  __ScanTodVector
 021A:0414       __atexittbl

Line numbers for NEW.OBJ(NEW.CPP) segment NEW_TEXT

     8 01A3:000E    17 01A3:0012    19 01A3:0020    20 01A3:002B
    21 01A3:003D    22 01A3:004F    23 01A3:0065    25 01A3:007B
    26 01A3:0083    28 01A3:0092    29 01A3:009E    31 01A3:00B0
    33 01A3:00C1    34 01A3:00C9    36 01A3:00DB    37 01A3:00E3
    38 01A3:00F5    39 01A3:00FD    41 01A3:010C
Line numbers for SYSTEM.OBJ(SYSTEM.ASM) segment SYSTEM_TEXT

    98 01B3:0056    99 01B3:0059   101 01B3:005A   102 01B3:005B
   103 01B3:005D   104 01B3:005F   105 01B3:0060   106 01B3:0062
   107 01B3:0064   108 01B3:0065   109 01B3:0067   111 01B3:0069
   112 01B3:006A   117 01B3:006C   118 01B3:006F   119 01B3:0071
   120 01B3:0077   121 01B3:007A   122 01B3:007C   128 01B3:007D
   129 01B3:0080   130 01B3:0082   131 01B3:0088   132 01B3:008B
   133 01B3:008D   140 01B3:008E   141 01B3:0090   142 01B3:0094
   143 01B3:0098   144 01B3:009A   145 01B3:009C   151 01B3:009D
   152 01B3:00A0   153 01B3:00A1   154 01B3:00A3   155 01B3:00A5
   156 01B3:00A7   157 01B3:00A9   158 01B3:00AB   159 01B3:00AD
   160 01B3:00AF   161 01B3:00B0   167 01B3:00B1   168 01B3:00B2
   169 01B3:00B4   170 01B3:00B6   171 01B3:00B8   172 01B3:00BA
   173 01B3:00BB   180 01B3:00BC   181 01B3:00BE   182 01B3:00C2
   183 01B3:00C3   191 01B3:00C4   192 01B3:00C6   193 01B3:00CA
   194 01B3:00CE   195 01B3:00CF   203 01B3:00D0   204 01B3:00D2
   205 01B3:00D6   206 01B3:00DA   207 01B3:00DB   208 01B3:00DC
   209 01B3:00DD   218 01B3:00DE   219 01B3:00E0   220 01B3:00E4
   221 01B3:00E8   222 01B3:00EC   223 01B3:00ED   232 01B3:00F0
   233 01B3:00F2   234 01B3:00F6   235 01B3:00FA   236 01B3:00FB
   237 01B3:0100   238 01B3:0103   247 01B3:0104   248 01B3:0106
   249 01B3:010A   250 01B3:010E   251 01B3:0112   252 01B3:0116
   253 01B3:011A   254 01B3:011C   255 01B3:011D   256 01B3:0120
   257 01B3:0122   258 01B3:0124   267 01B3:0125   268 01B3:0127
   269 01B3:012B   270 01B3:012F   271 01B3:0133   272 01B3:0135
   273 01B3:0136   274 01B3:013A   275 01B3:013B   276 01B3:013C
   277 01B3:013D   278 01B3:0140   279 01B3:0143   280 01B3:0144
   281 01B3:0147   282 01B3:0149   292 01B3:014A   293 01B3:014C
   294 01B3:014D   295 01B3:0151   296 01B3:0155   297 01B3:0159
   298 01B3:015D   299 01B3:015E   301 01B3:0160   302 01B3:0162
   303 01B3:0165   304 01B3:0169   305 01B3:016C   306 01B3:016F
   307 01B3:0171   308 01B3:0174   309 01B3:0176   310 01B3:017A
   311 01B3:017B   313 01B3:017D   314 01B3:017E   323 01B3:017F
   324 01B3:0181   325 01B3:0182   326 01B3:0186   327 01B3:018A
   328 01B3:018E   329 01B3:018F   330 01B3:0190   331 01B3:0193
   332 01B3:0196   333 01B3:0197   334 01B3:019A   335 01B3:019C
   336 01B3:019D   344 01B3:019E   345 01B3:01A0   346 01B3:01A1
   347 01B3:01A5   348 01B3:01A9   349 01B3:01AC   350 01B3:01AE
   351 01B3:01AF   352 01B3:01B0   360 01B3:01B1   361 01B3:01B3
   362 01B3:01B4   363 01B3:01B8   364 01B3:01BC   365 01B3:01BF
   366 01B3:01C1   367 01B3:01C2   368 01B3:01C3   376 01B3:01C4
   377 01B3:01C6   378 01B3:01C7   379 01B3:01CB   380 01B3:01CF
   381 01B3:01D3   382 01B3:01D6   383 01B3:01D8   384 01B3:01D9
   393 01B3:01DA   394 01B3:01DC   395 01B3:01DD   396 01B3:01E1
   397 01B3:01E3   398 01B3:01E7   399 01B3:01EB   400 01B3:01EC
   401 01B3:01EE   402 01B3:01F0   404 01B3:01F1   405 01B3:01F4
   406 01B3:01F6   407 01B3:01F9   408 01B3:01FC   409 01B3:01FF
   410 01B3:0201   411 01B3:0202   413 01B3:0206   414 01B3:0208
   415 01B3:020B   417 01B3:020D   418 01B3:020E   428 01B3:020F
   429 01B3:0211   430 01B3:0212   431 01B3:0216   432 01B3:0218
   433 01B3:021C   434 01B3:0220   435 01B3:0222   436 01B3:0226
   437 01B3:022A   438 01B3:022B   439 01B3:022C   441 01B3:022E
   442 01B3:0230   443 01B3:0234   444 01B3:0236   445 01B3:023A
   446 01B3:023B   447 01B3:023C   448 01B3:023D   449 01B3:023F
   450 01B3:0241   451 01B3:0242   452 01B3:0243   453 01B3:0244
   455 01B3:0246   456 01B3:0247   457 01B3:0249   458 01B3:024B
   459 01B3:024D   461 01B3:0250   462 01B3:0253   464 01B3:0256
   465 01B3:0257   474 01B3:0258   475 01B3:025A   476 01B3:025C
   477 01B3:0260   478 01B3:0262   479 01B3:0266   480 01B3:026A
   481 01B3:026B   482 01B3:026D   483 01B3:0270   484 01B3:0272
   485 01B3:0276   486 01B3:0277   487 01B3:0279   489 01B3:027B
   490 01B3:027D   497 01B3:027E   498 01B3:027F   499 01B3:0280
   500 01B3:0281   501 01B3:0282   502 01B3:0285   503 01B3:0288
   504 01B3:0289   505 01B3:028A   506 01B3:028B   507 01B3:028C
   508 01B3:028D   509 01B3:028E   510 01B3:0291   511 01B3:0294
   512 01B3:0298   513 01B3:029A   515 01B3:029D   516 01B3:029F
   517 01B3:02A3   518 01B3:02A5   520 01B3:02A8   521 01B3:02AA
   522 01B3:02AC   523 01B3:02AE   524 01B3:02B1   525 01B3:02B2
   526 01B3:02B8   527 01B3:02BA   528 01B3:02BC   529 01B3:02BE
   530 01B3:02C0   531 01B3:02C2   532 01B3:02C3   533 01B3:02C9
   534 01B3:02D0   535 01B3:02D3   536 01B3:02D7   537 01B3:02D9
   539 01B3:02DC   540 01B3:02DD   541 01B3:02DF   542 01B3:02E1
   543 01B3:02E3   544 01B3:02E9   545 01B3:02EB   546 01B3:02ED
   547 01B3:02EF   548 01B3:02F1   549 01B3:02F3   550 01B3:02F4
   551 01B3:02FA   552 01B3:0301   553 01B3:0304   554 01B3:0308
   555 01B3:030A   557 01B3:030D   559 01B3:0315   560 01B3:031B
   561 01B3:031F   562 01B3:0323   563 01B3:0327   565 01B3:0329
   571 01B3:032A   572 01B3:032B   573 01B3:032C   574 01B3:032D
   575 01B3:032F   576 01B3:0331   577 01B3:0332   578 01B3:0336
   579 01B3:033B   580 01B3:0342   581 01B3:0349   582 01B3:034A
   583 01B3:034F   584 01B3:0353   585 01B3:0354   586 01B3:0355
   587 01B3:0356   591 01B3:0357   592 01B3:0358   593 01B3:0359
   594 01B3:035A   595 01B3:035F   596 01B3:0364   597 01B3:0365
   598 01B3:0367   599 01B3:0369   600 01B3:036A   601 01B3:036F
   602 01B3:0374   603 01B3:0375   604 01B3:0376   605 01B3:0377
   606 01B3:0378   607 01B3:0379   611 01B3:037A   612 01B3:037B
   613 01B3:037C   614 01B3:0380   615 01B3:0382   616 01B3:0385
   617 01B3:0386   618 01B3:0387   623 01B3:0388   624 01B3:0389
   625 01B3:038A   626 01B3:038B   627 01B3:038D   628 01B3:038F
   629 01B3:0390   630 01B3:0392   631 01B3:0396   632 01B3:039A
   633 01B3:039C   634 01B3:039E   635 01B3:03A2   636 01B3:03A7
   637 01B3:03AE   638 01B3:03B5   639 01B3:03B6   640 01B3:03BB
   641 01B3:03BF   642 01B3:03C0   643 01B3:03C1   644 01B3:03C2
   648 01B3:03C3   649 01B3:03C4   650 01B3:03C5   651 01B3:03C6
   652 01B3:03CB   653 01B3:03D0   654 01B3:03D1   655 01B3:03D3
   656 01B3:03D5   657 01B3:03D6   658 01B3:03DB   659 01B3:03E0
   660 01B3:03E2   661 01B3:03E7   662 01B3:03EB   663 01B3:03EE
   664 01B3:03F0   665 01B3:03F2   666 01B3:03F3   667 01B3:03F4
   668 01B3:03F5   669 01B3:03F6   670 01B3:03F7   678 01B3:03F8
   679 01B3:03FC   680 01B3:03FD   681 01B3:03FE   682 01B3:0400
   683 01B3:0402   684 01B3:0404   685 01B3:0407   686 01B3:0409
   687 01B3:040B   688 01B3:040D   689 01B3:0411   690 01B3:0413
   691 01B3:0415   692 01B3:0419   693 01B3:041B   694 01B3:041F
   695 01B3:0420   696 01B3:0422   697 01B3:0424   698 01B3:0428
   699 01B3:042A   700 01B3:042E   701 01B3:0430   702 01B3:0432
   703 01B3:0434   704 01B3:0437   706 01B3:043A   708 01B3:043D
   709 01B3:043F   710 01B3:0441   711 01B3:0443   712 01B3:0445
   713 01B3:0447   714 01B3:0449   715 01B3:044B   716 01B3:044D
   717 01B3:044F   718 01B3:0451   719 01B3:0453   720 01B3:0455
   721 01B3:0457   722 01B3:0459   723 01B3:045B   724 01B3:045C
   726 01B3:045E   727 01B3:0460   728 01B3:0464   729 01B3:0466
   730 01B3:0468   731 01B3:046A   732 01B3:046C   734 01B3:046D
   735 01B3:046F   736 01B3:0471   737 01B3:0475   738 01B3:0477
   739 01B3:047B   740 01B3:047D   741 01B3:047F   742 01B3:0481
   743 01B3:0484   744 01B3:0486   745 01B3:0488   746 01B3:048A
   747 01B3:048C   748 01B3:0491   750 01B3:0495   751 01B3:0499
   752 01B3:049B   753 01B3:049D   754 01B3:049F   755 01B3:04A1
   756 01B3:04A3   758 01B3:04A5   759 01B3:04A6   760 01B3:04A7
   767 01B3:04A8   768 01B3:04AA   769 01B3:04AB   770 01B3:04AF
   771 01B3:04B3   772 01B3:04B4   773 01B3:04B5   774 01B3:04B7
   775 01B3:04B9   776 01B3:04BB   777 01B3:04BE   778 01B3:04BF
   785 01B3:04C0   786 01B3:04C2   787 01B3:04C3   788 01B3:04C7
   789 01B3:04CB   790 01B3:04CC   791 01B3:04CD   792 01B3:04CF
   793 01B3:04D1   794 01B3:04D3   795 01B3:04D6   796 01B3:04D7
   803 01B3:04D8   804 01B3:04DA   805 01B3:04DB   806 01B3:04DF
   807 01B3:04E3   808 01B3:04E4   809 01B3:04E5   810 01B3:04E7
   811 01B3:04E9   812 01B3:04EB   813 01B3:04EE   814 01B3:04F2
   815 01B3:04F3   823 01B3:04F4   824 01B3:04F6   825 01B3:04F7
   826 01B3:04FB   827 01B3:04FF   828 01B3:0500   829 01B3:0501
   830 01B3:0503   831 01B3:0505   832 01B3:0507   833 01B3:050B
   834 01B3:050D   835 01B3:050E   843 01B3:050F   844 01B3:0511
   845 01B3:0512   846 01B3:0516   847 01B3:051A   848 01B3:051B
   849 01B3:051C   850 01B3:051E   851 01B3:0520   852 01B3:0522
   853 01B3:0526   854 01B3:0528   855 01B3:0529   863 01B3:052A
   864 01B3:052C   865 01B3:052D   866 01B3:0531   867 01B3:0535
   868 01B3:0536   869 01B3:0537   870 01B3:0539   871 01B3:053B
   872 01B3:053D   873 01B3:0542   874 01B3:0545   875 01B3:0546
   882 01B3:0547   883 01B3:0549   884 01B3:054A   885 01B3:054E
   886 01B3:0550   887 01B3:0552   888 01B3:0556   889 01B3:055A
   891 01B3:055C   892 01B3:055D   900 01B3:055E   901 01B3:055F
   902 01B3:0563   903 01B3:0566   904 01B3:0568   905 01B3:056A
   906 01B3:056C   907 01B3:056E   908 01B3:0571   909 01B3:0574
   910 01B3:0576   911 01B3:0577   912 01B3:0579   913 01B3:057A
   916 01B3:057E   917 01B3:0580   918 01B3:0582   919 01B3:0585
   920 01B3:0586   921 01B3:0589   922 01B3:058B   923 01B3:058E
   924 01B3:0591   925 01B3:0593   926 01B3:0594   927 01B3:0596
   928 01B3:0597   931 01B3:059B   932 01B3:059D   933 01B3:059F
   934 01B3:05A2   935 01B3:05A3   936 01B3:05A6   937 01B3:05A8
   938 01B3:05AB   939 01B3:05AE   940 01B3:05B0   941 01B3:05B1
   942 01B3:05B3   943 01B3:05B4   946 01B3:05B8   947 01B3:05BA
   948 01B3:05BC   949 01B3:05BF   950 01B3:05C0   951 01B3:05C3
   952 01B3:05C5   953 01B3:05C8   954 01B3:05CB   955 01B3:05CD
   956 01B3:05CE   957 01B3:05D0   958 01B3:05D1   961 01B3:05D5
   962 01B3:05D7   963 01B3:05D9   964 01B3:05DC   965 01B3:05DD
   966 01B3:05E0   967 01B3:05E2   968 01B3:05E5   969 01B3:05E8
   970 01B3:05EA   971 01B3:05EB   972 01B3:05ED   973 01B3:05EE
   974 01B3:05F2   975 01B3:05F3   976 01B3:05F6   977 01B3:05F9
   978 01B3:05FC   979 01B3:05FD   980 01B3:05FF   981 01B3:0600
   984 01B3:0604   985 01B3:0606   986 01B3:0608   987 01B3:060B
   988 01B3:060C   989 01B3:060F   990 01B3:0611   991 01B3:0614
   992 01B3:0617   993 01B3:0619   994 01B3:061A   995 01B3:061C
   996 01B3:061D   999 01B3:0621  1000 01B3:0622  1001 01B3:0625
  1002 01B3:0627  1003 01B3:062A  1004 01B3:062B  1005 01B3:062C
  1006 01B3:0631  1007 01B3:0635  1008 01B3:0636  1009 01B3:0639
  1010 01B3:063B  1011 01B3:063E  1012 01B3:063F  1013 01B3:0641
  1014 01B3:0643  1015 01B3:0644  1016 01B3:0649  1019 01B3:064D
  1020 01B3:064E  1021 01B3:0652  1022 01B3:0655  1023 01B3:0657
  1024 01B3:0659  1025 01B3:065B  1026 01B3:065D  1027 01B3:0660
  1028 01B3:0663  1029 01B3:0665  1030 01B3:0666  1031 01B3:0668
  1032 01B3:0669  1034 01B3:066D  1036 01B3:066F
Program entry point at 0000:0000

