Microsoft (R) Macro Assembler Version 5.10                  11/25/95 22:08:2
                                                             Page     1-1


       1				INCLUDE MACRO.INC
       2 = 0000                      C	False      EQU  0
       3 = 0001                      C	True       EQU  1
       4			     C	
       5			     C	
       6 = 002F                      C	Multiplex  EQU  2Fh
       7			     C	
       8			     C	BooleanAl  Macro Boolean
       9			     C	           LOCAL AlOk
      10			     C	            mov al,Boolean
      11			     C	            cmp al,0
      12			     C	            je  AlOk
      13			     C	            mov al,1
      14			     C	      ALok:
      15			     C	           endm
      16			     C	
      17			     C	EmsCall Macro EmsFunction
      18			     C	         mov  ah,EmsFunction
      19			     C	         int  67h
      20			     C	         mov  EmsError,ah
      21			     C	        endm
      22			     C	
      23			     C	KbdCall Macro KbdFunction
      24			     C	         mov   ah,KbdFunction
      25			     C	         int   16h
      26			     C	        endm
      27			     C	
      28			     C	StackFrameBP Macro
      29			     C	              push bp
      30			     C	              mov  bp,sp
      31			     C	             endm
      32			     C	
      33			     C	ExitCode Macro Count
      34			     C	          mov  sp,bp
      35			     C	          pop  bp
      36			     C	          ret  Count
      37			     C	         endm
      38			     C	
      39			     C	Zero     Macro reg
      40			     C	          xor  Reg,Reg
      41			     C	         endm
      42				
      43 0000				DATA  SEGMENT WORD PUBLIC
      44				      ASSUME  DS:DATA
      45				
      46				      EXTRN   Error   : BYTE
      47				
      48 0000				DATA  ENDS
      49				
      50 0000				CODE  SEGMENT BYTE PUBLIC
      51				      ASSUME CS:CODE,DS:DATA
      52				
      53				      PUBLIC DosError,DosIo
      54				
Microsoft (R) Macro Assembler Version 5.10                  11/25/95 22:08:2
                                                             Page     1-2


      55 0000				DosIo    PROC NEAR
      56 0000  CD 21			          int  21h
      57 0002  E8 0006 R		          Call DosError
      58 0005  C3			          ret
      59 0006				DosIo    ENDP
      60				
      61 0006				DosError PROC NEAR
      62 0006  73 03			          jnc ErrLoc
      63 0008  A2 0000 E		          mov Error,al
      64 000B				  Errloc:
      65 000B  C3			          ret
      66 000C				DosError ENDP
      67				
      68				
      69 000C				CODE  ENDS
      70				
      71				      END

Microsoft (R) Macro Assembler Version 5.10                  11/25/95 22:08:2
                                                             Symbols-1


Macros:

		N a m e			Lines

BOOLEANAL  . . . . . . . . . . .  	   5
EMSCALL  . . . . . . . . . . . .  	   3
EXITCODE . . . . . . . . . . . .  	   3
KBDCALL  . . . . . . . . . . . .  	   2
STACKFRAMEBP . . . . . . . . . .  	   2
ZERO . . . . . . . . . . . . . .  	   1

Segments and Groups:

                N a m e         	Length	 Align	Combine Class

CODE . . . . . . . . . . . . . .  	000C	BYTE	PUBLIC	
DATA . . . . . . . . . . . . . .  	0000	WORD	PUBLIC	

Symbols:            

                N a m e         	Type	 Value	 Attr

DOSERROR . . . . . . . . . . . .  	N PROC	0006	CODE	Global	Length = 0006
DOSIO  . . . . . . . . . . . . .  	N PROC	0000	CODE	Global	Length = 0006

ERRLOC . . . . . . . . . . . . .  	L NEAR	000B	CODE
ERROR  . . . . . . . . . . . . .  	V BYTE	0000	DATA	External

FALSE  . . . . . . . . . . . . .  	NUMBER	0000	

MULTIPLEX  . . . . . . . . . . .  	NUMBER	002F	

TRUE . . . . . . . . . . . . . .  	NUMBER	0001	

@CPU . . . . . . . . . . . . . .  	TEXT  0101h		
@FILENAME  . . . . . . . . . . .  	TEXT  dosinter		
@VERSION . . . . . . . . . . . .  	TEXT  510		


     71 Source  Lines
     71 Total   Lines
     20 Symbols

  47154 + 389546 Bytes symbol space free

      0 Warning Errors
      0 Severe  Errors
