
 Start  Stop   Length Name               Class

 00000H 048D5H 048D6H _TEXT              CODE
 048D6H 04CA7H 003D2H MEMVIEW_TEXT       CODE
 04CA8H 04D94H 000EDH DRIVERS_TEXT       CODE
 04D95H 04E12H 0007EH DRIVERS2_TEXT      CODE
 04E14H 04ED2H 000BFH framelin_TEXT      CODE
 04ED3H 0505FH 0018DH GRP_TEXT           CODE
 05060H 053EEH 0038FH HISTLIST_TEXT      CODE
 053EFH 054A5H 000B7H MAPCOLOR_TEXT      CODE
 054A6H 056B8H 00213H MENU_TEXT          CODE
 056B9H 05711H 00059H MISC_TEXT          CODE
 05712H 05DA8H 00697H MSGBOX_TEXT        CODE
 05DA9H 06161H 003B9H NEW_TEXT           CODE
 06162H 061ACH 0004BH NEWSTR_TEXT        CODE
 061ADH 061ADH 00000H NMBKGRND_TEXT      CODE
 061ADH 061ADH 00000H NMBUTTON_TEXT      CODE
 061ADH 061ADH 00000H NMCOLLCT_TEXT      CODE
 061ADH 061ADH 00000H NMDIALOG_TEXT      CODE
 061ADH 061ADH 00000H NMDSKTOP_TEXT      CODE
 061ADH 061ADH 00000H NMFILCOL_TEXT      CODE
 061ADH 061ADH 00000H NMFILLST_TEXT      CODE
 061ADH 061ADH 00000H NMFRAME_TEXT       CODE
 061ADH 061ADH 00000H NMGROUP_TEXT       CODE
 061ADH 061ADH 00000H NMINPTLN_TEXT      CODE
 061ADH 061ADH 00000H NMLABEL_TEXT       CODE
 061ADH 061ADH 00000H NMLSTBOX_TEXT      CODE
 061ADH 061ADH 00000H NMLSTVWR_TEXT      CODE
 061ADH 061ADH 00000H NMMNUBAR_TEXT      CODE
 061ADH 061ADH 00000H NMMNUBOX_TEXT      CODE
 061ADH 061ADH 00000H NMMNUVW_TEXT       CODE
 061ADH 061ADH 00000H NMSCOLL_TEXT       CODE
 061ADH 061ADH 00000H NMSCRBAR_TEXT      CODE
 061ADH 061ADH 00000H NMSTCTXT_TEXT      CODE
 061ADH 061ADH 00000H NMSTDDLG_TEXT      CODE
 061ADH 061ADH 00000H NMSTLINE_TEXT      CODE
 061ADH 061ADH 00000H NMVIEW_TEXT        CODE
 061ADH 061ADH 00000H NMWINDOW_TEXT      CODE
 061ADH 0635FH 001B3H PALETTE_TEXT       CODE
 06360H 06463H 00104H SFINPUTL_TEXT      CODE
 06464H 06485H 00022H SINPUTLI_TEXT      CODE
 06486H 06F23H 00A9EH STDDLG_TEXT        CODE
 06F24H 06F24H 00000H STRMSTAT_TEXT      CODE
 06F24H 06F45H 00022H SVIEW_TEXT         CODE
 06F46H 06F6DH 00028H swapst_TEXT        CODE
 06F6EH 071D2H 00265H SYSERR_TEXT        CODE
 071D4H 07485H 002B2H sysint_TEXT        CODE
 07486H 07620H 0019BH TAPPLICA_TEXT      CODE
 07621H 0786AH 0024AH TBKGRND_TEXT       CODE
 0786BH 0822CH 009C2H TBUTTON_TEXT       CODE
 0822DH 0846EH 00242H TCMDSET_TEXT       CODE
 0846FH 08CB8H 0084AH TCOLLECT_TEXT      CODE
 08CB9H 0942CH 00774H TDESKTOP_TEXT      CODE
 0942DH 09714H 002E8H TDIALOG_TEXT       CODE
 09715H 09A72H 0035EH TEVENT_TEXT        CODE
 09A73H 09E1FH 003ADH TFILECOL_TEXT      CODE
 09E20H 0A9E9H 00BCAH TFILLIST_TEXT      CODE
 0A9EAH 0B14CH 00763H TFRAME_TEXT        CODE
 0B14EH 0B1BDH 00070H tgrmv_TEXT         CODE
 0B1BEH 0C51AH 0135DH TGROUP_TEXT        CODE
 0C51BH 0C78FH 00275H THISTWIN_TEXT      CODE
 0C790H 0CA2BH 0029CH THSTVIEW_TEXT      CODE
 0CA2CH 0D657H 00C2CH TINPUTLI_TEXT      CODE
 0D658H 0DAA5H 0044EH TLABEL_TEXT        CODE
 0DAA6H 0DE63H 003BEH TLISTBOX_TEXT      CODE
 0DE64H 0EB9BH 00D38H TLSTVIEW_TEXT      CODE
 0EB9CH 0F0DBH 00540H TMENUBAR_TEXT      CODE
 0F0DCH 0F746H 0066BH TMENUBOX_TEXT      CODE
 0F747H 10A48H 01302H TMNUVIEW_TEXT      CODE
 10A49H 10C1FH 001D7H TMOUSE_TEXT        CODE
 10C20H 10C4DH 0002EH TOBJECT_TEXT       CODE
 10C4EH 13131H 024E4H TOBJSTRM_TEXT      CODE
 13132H 131E5H 000B4H TPOINT_TEXT        CODE
 131E6H 13C2BH 00A46H TPROGRAM_TEXT      CODE
 13C2CH 13E57H 0022CH TSCREEN_TEXT       CODE
 13E58H 148A1H 00A4AH TSCRLBAR_TEXT      CODE
 148A2H 14B87H 002E6H TSORTCOL_TEXT      CODE
 14B88H 14F6AH 003E3H TSTATICT_TEXT      CODE
 14F6BH 15AA5H 00B3BH TSTATUSL_TEXT      CODE
 15AA6H 15B63H 000BEH tvcursor_TEXT      CODE
 15B64H 15C6EH 0010BH tvexposd_TEXT      CODE
 15C6FH 17B16H 01EA8H TVIEW_TEXT         CODE
 17B17H 17B54H 0003EH TVTEXT1_TEXT       CODE
 17B55H 17BF1H 0009DH TVTEXT2_TEXT       CODE
 17BF2H 17F66H 00375H tvwrite_TEXT       CODE
 17F67H 18B18H 00BB2H TWINDOW_TEXT       CODE
 18B20H 190E7H 005C8H E87_PROG           CODE
 190F0H 190F0H 00000H _FARDATA           FAR_DATA
 190F0H 190F0H 00000H _FARBSS            FAR_BSS
 190F0H 190F0H 00000H _OVERLAY_          OVRINFO
 190F0H 190F0H 00000H _1STUB_            STUBSEG
 190F0H 1B53FH 02450H _DATA              DATA
 1B540H 1B543H 00004H _CVTSEG            DATA
 1B544H 1B54FH 0000CH _SCNSEG            DATA
 1B550H 1B550H 00000H _CONST             CONST
 1B550H 1B58BH 0003CH _INIT_             INITDATA
 1B58CH 1B58CH 00000H _INITEND_          INITDATA
 1B58CH 1B5FDH 00072H _EXIT_             EXITDATA
 1B5FEH 1B5FEH 00000H _EXITEND_          EXITDATA
 1B5FEH 1B683H 00086H _BSS               BSS
 1B684H 1B684H 00000H _BSSEND            BSSEND
 1B690H 1B79FH 00110H _STACK             STACK


Detailed map of segments

 0000:0000 0295 C=CODE   S=_TEXT          G=(none)  M=c0.ASM     ACBP=28
 0000:0295 020E C=CODE   S=_TEXT          G=(none)  M=FP87INIT   ACBP=28
 0000:04A3 0000 C=CODE   S=_TEXT          G=(none)  M=E87TRAP    ACBP=28
 0000:04A3 0000 C=CODE   S=_TEXT          G=(none)  M=PROTFLAG   ACBP=28
 0000:04A3 0000 C=CODE   S=_TEXT          G=(none)  M=DEFLT87    ACBP=28
 0000:04A3 0000 C=CODE   S=_TEXT          G=(none)  M=HUGEVAL    ACBP=28
 0000:04A3 009A C=CODE   S=_TEXT          G=(none)  M=LDTRUNC    ACBP=28
 0000:053D 01BD C=CODE   S=_TEXT          G=(none)  M=REALCVT    ACBP=28
 0000:06FA 0395 C=CODE   S=_TEXT          G=(none)  M=SCANTOD    ACBP=28
 0000:0A8F 020C C=CODE   S=_TEXT          G=(none)  M=XCVT       ACBP=28
 0000:0C9B 00B1 C=CODE   S=_TEXT          G=(none)  M=FPERR      ACBP=28
 0000:0D4C 00C9 C=CODE   S=_TEXT          G=(none)  M=_POW10     ACBP=28
 0000:0E15 000B C=CODE   S=_TEXT          G=(none)  M=POW10D     ACBP=28
 0000:0E20 000E C=CODE   S=_TEXT          G=(none)  M=ABS        ACBP=28
 0000:0E2E 002D C=CODE   S=_TEXT          G=(none)  M=ATEXIT     ACBP=28
 0000:0E5B 0000 C=CODE   S=_TEXT          G=(none)  M=CTYPE      ACBP=28
 0000:0E5B 0028 C=CODE   S=_TEXT          G=(none)  M=DOSGDRIV   ACBP=28
 0000:0E83 0025 C=CODE   S=_TEXT          G=(none)  M=ERRORMSG   ACBP=28
 0000:0EA8 0093 C=CODE   S=_TEXT          G=(none)  M=EXIT       ACBP=28
 0000:0F3B 0000 C=CODE   S=_TEXT          G=(none)  M=FILES      ACBP=28
 0000:0F3B 0000 C=CODE   S=_TEXT          G=(none)  M=FILES2     ACBP=28
 0000:0F3B 0000 C=CODE   S=_TEXT          G=(none)  M=FMODE      ACBP=28
 0000:0F3B 0000 C=CODE   S=_TEXT          G=(none)  M=FPSTKLEN   ACBP=28
 0000:0F3B 0017 C=CODE   S=_TEXT          G=(none)  M=F_LXMUL    ACBP=28
 0000:0F52 0021 C=CODE   S=_TEXT          G=(none)  M=F_PCMP     ACBP=28
 0000:0F73 001C C=CODE   S=_TEXT          G=(none)  M=F_SCOPY    ACBP=28
 0000:0F8F 001D C=CODE   S=_TEXT          G=(none)  M=GETCURDI   ACBP=28
 0000:0FAC 0039 C=CODE   S=_TEXT          G=(none)  M=GETDISK    ACBP=28
 0000:0FE5 0020 C=CODE   S=_TEXT          G=(none)  M=GETVECT    ACBP=28
 0000:1005 00AE C=CODE   S=_TEXT          G=(none)  M=H_LDIV     ACBP=28
 0000:10B3 0021 C=CODE   S=_TEXT          G=(none)  M=H_LLSH     ACBP=28
 0000:10D4 0060 C=CODE   S=_TEXT          G=(none)  M=H_PADD     ACBP=28
 0000:1134 004B C=CODE   S=_TEXT          G=(none)  M=IOERROR    ACBP=28
 0000:117F 0011 C=CODE   S=_TEXT          G=(none)  M=ISATTY     ACBP=28
 0000:1190 00A2 C=CODE   S=_TEXT          G=(none)  M=LONGTOA    ACBP=28
 0000:1232 0029 C=CODE   S=_TEXT          G=(none)  M=LSEEK      ACBP=28
 0000:125B 0021 C=CODE   S=_TEXT          G=(none)  M=N_PCMP     ACBP=28
 0000:127C 003C C=CODE   S=_TEXT          G=(none)  M=PUREERR    ACBP=28
 0000:12B8 002F C=CODE   S=_TEXT          G=(none)  M=READA      ACBP=28
 0000:12E7 00BA C=CODE   S=_TEXT          G=(none)  M=SETUPIO    ACBP=28
 0000:13A1 0000 C=CODE   S=_TEXT          G=(none)  M=SIGDATA    ACBP=28
 0000:13A1 0000 C=CODE   S=_TEXT          G=(none)  M=STKLEN     ACBP=28
 0000:13A1 002C C=CODE   S=_TEXT          G=(none)  M=TOUPPER    ACBP=28
 0000:13CD 04DB C=CODE   S=_TEXT          G=(none)  M=VPRINTER   ACBP=28
 0000:18A8 0034 C=CODE   S=_TEXT          G=(none)  M=_STPCPY    ACBP=28
 0000:18DC 002C C=CODE   S=_TEXT          G=(none)  M=ASSERT     ACBP=28
 0000:1908 001F C=CODE   S=_TEXT          G=(none)  M=CVTFAK     ACBP=28
 0000:1927 0432 C=CODE   S=_TEXT          G=(none)  M=FARHEAP    ACBP=28
 0000:1D59 0140 C=CODE   S=_TEXT          G=(none)  M=FBRK       ACBP=28
 0000:1E99 0299 C=CODE   S=_TEXT          G=(none)  M=FHEAPCHK   ACBP=28
 0000:2132 0029 C=CODE   S=_TEXT          G=(none)  M=IOCTL      ACBP=28
 0000:215B 0004 C=CODE   S=_TEXT          G=(none)  M=REALCVT    ACBP=28
 0000:215F 001C C=CODE   S=_TEXT          G=(none)  M=SETBLOCK   ACBP=28
 0000:217B 001D C=CODE   S=_TEXT          G=(none)  M=CHMODA     ACBP=28
 0000:2198 0028 C=CODE   S=_TEXT          G=(none)  M=CLOSE      ACBP=28
 0000:21C0 001E C=CODE   S=_TEXT          G=(none)  M=CLOSEA     ACBP=28
 0000:21DE 00CD C=CODE   S=_TEXT          G=(none)  M=FFLUSH     ACBP=28
 0000:22AB 0060 C=CODE   S=_TEXT          G=(none)  M=FINDFIRS   ACBP=28
 0000:230B 0042 C=CODE   S=_TEXT          G=(none)  M=FLUSHALL   ACBP=28
 0000:234D 002B C=CODE   S=_TEXT          G=(none)  M=FNMERGE    ACBP=28
 0000:2378 002B C=CODE   S=_TEXT          G=(none)  M=FNSPLIT    ACBP=28
 0000:23A3 001C C=CODE   S=_TEXT          G=(none)  M=FPRINTF    ACBP=28
 0000:23BF 01E2 C=CODE   S=_TEXT          G=(none)  M=FSEEK      ACBP=28
 0000:25A1 0070 C=CODE   S=_TEXT          G=(none)  M=LTOA1      ACBP=28
 0000:2611 00D1 C=CODE   S=_TEXT          G=(none)  M=MAKEPATH   ACBP=28
 0000:26E2 0024 C=CODE   S=_TEXT          G=(none)  M=MEMCPY     ACBP=28
 0000:2706 0043 C=CODE   S=_TEXT          G=(none)  M=MEMSET     ACBP=28
 0000:2749 0073 C=CODE   S=_TEXT          G=(none)  M=MOVMEM     ACBP=28
 0000:27BC 019C C=CODE   S=_TEXT          G=(none)  M=OPEN       ACBP=28
 0000:2958 004F C=CODE   S=_TEXT          G=(none)  M=OPENA      ACBP=28
 0000:29A7 03C8 C=CODE   S=_TEXT          G=(none)  M=PUTC       ACBP=28
 0000:2D6F 00D1 C=CODE   S=_TEXT          G=(none)  M=READ       ACBP=28
 0000:2E40 0003 C=CODE   S=_TEXT          G=(none)  M=READU      ACBP=28
 0000:2E43 011D C=CODE   S=_TEXT          G=(none)  M=SETVBUF    ACBP=28
 0000:2F60 02D9 C=CODE   S=_TEXT          G=(none)  M=SPLITPTH   ACBP=28
 0000:3239 0083 C=CODE   S=_TEXT          G=(none)  M=SPRINTF    ACBP=28
 0000:32BC 003F C=CODE   S=_TEXT          G=(none)  M=STRCAT     ACBP=28
 0000:32FB 003D C=CODE   S=_TEXT          G=(none)  M=STRCHR     ACBP=28
 0000:3338 0030 C=CODE   S=_TEXT          G=(none)  M=STRCMP     ACBP=28
 0000:3368 0029 C=CODE   S=_TEXT          G=(none)  M=STRCPY     ACBP=28
 0000:3391 001F C=CODE   S=_TEXT          G=(none)  M=STRLEN     ACBP=28
 0000:33B0 0031 C=CODE   S=_TEXT          G=(none)  M=STRNCPY    ACBP=28
 0000:33E1 0044 C=CODE   S=_TEXT          G=(none)  M=STRNICMP   ACBP=28
 0000:3425 0024 C=CODE   S=_TEXT          G=(none)  M=STRUPR     ACBP=28
 0000:3449 0151 C=CODE   S=_TEXT          G=(none)  M=WRITE      ACBP=28
 0000:359A 003C C=CODE   S=_TEXT          G=(none)  M=WRITEA     ACBP=28
 0000:35D6 0003 C=CODE   S=_TEXT          G=(none)  M=WRITEU     ACBP=28
 0000:35D9 0038 C=CODE   S=_TEXT          G=(none)  M=XFFLUSH    ACBP=28
 0000:3611 00F3 C=CODE   S=_TEXT          G=(none)  M=FSBATTCH   ACBP=28
 0000:3704 00A6 C=CODE   S=_TEXT          G=(none)  M=FSBCLOSE   ACBP=28
 0000:37AA 00DF C=CODE   S=_TEXT          G=(none)  M=FSBCTR1    ACBP=28
 0000:3889 00E0 C=CODE   S=_TEXT          G=(none)  M=FSBCTR2    ACBP=28
 0000:3969 00E2 C=CODE   S=_TEXT          G=(none)  M=FSBCTR3    ACBP=28
 0000:3A4B 0068 C=CODE   S=_TEXT          G=(none)  M=FSBDTR     ACBP=28
 0000:3AB3 0151 C=CODE   S=_TEXT          G=(none)  M=FSBOFLOW   ACBP=28
 0000:3C04 0161 C=CODE   S=_TEXT          G=(none)  M=FSBOPEN    ACBP=28
 0000:3D65 00BC C=CODE   S=_TEXT          G=(none)  M=FSBSBUF    ACBP=28
 0000:3E21 01B5 C=CODE   S=_TEXT          G=(none)  M=FSBSKOFF   ACBP=28
 0000:3FD6 019A C=CODE   S=_TEXT          G=(none)  M=FSBSYNC    ACBP=28
 0000:4170 01B6 C=CODE   S=_TEXT          G=(none)  M=FSBUFLOW   ACBP=28
 0000:4326 004A C=CODE   S=_TEXT          G=(none)  M=STBALC     ACBP=28
 0000:4370 009B C=CODE   S=_TEXT          G=(none)  M=STBCTR1    ACBP=28
 0000:440B 00AF C=CODE   S=_TEXT          G=(none)  M=STBDSGTN   ACBP=28
 0000:44BA 00A1 C=CODE   S=_TEXT          G=(none)  M=STBDSPTN   ACBP=28
 0000:455B 0043 C=CODE   S=_TEXT          G=(none)  M=STBDTR     ACBP=28
 0000:459E 0008 C=CODE   S=_TEXT          G=(none)  M=STBOFLOW   ACBP=28
 0000:45A6 0008 C=CODE   S=_TEXT          G=(none)  M=STBPBFL    ACBP=28
 0000:45AE 002C C=CODE   S=_TEXT          G=(none)  M=STBSBUF    ACBP=28
 0000:45DA 00AF C=CODE   S=_TEXT          G=(none)  M=STBSETB    ACBP=28
 0000:4689 006A C=CODE   S=_TEXT          G=(none)  M=STBSETG    ACBP=28
 0000:46F3 004C C=CODE   S=_TEXT          G=(none)  M=STBSETP    ACBP=28
 0000:473F 0075 C=CODE   S=_TEXT          G=(none)  M=STBSGETN   ACBP=28
 0000:47B4 000B C=CODE   S=_TEXT          G=(none)  M=STBSKOFF   ACBP=28
 0000:47BF 0023 C=CODE   S=_TEXT          G=(none)  M=STBSKPOS   ACBP=28
 0000:47E2 0075 C=CODE   S=_TEXT          G=(none)  M=STBSPUTN   ACBP=28
 0000:4857 004C C=CODE   S=_TEXT          G=(none)  M=STBSYNC    ACBP=28
 0000:48A3 0033 C=CODE   S=_TEXT          G=(none)  M=STBUFLOW   ACBP=28
 048D:0006 03D2 C=CODE   S=MEMVIEW_TEXT   G=(none)  M=MEMVIEW.CPP ACBP=28
 04CA:0008 00ED C=CODE   S=DRIVERS_TEXT   G=(none)  M=DRIVERS    ACBP=28
 04D9:0005 007E C=CODE   S=DRIVERS2_TEXT  G=(none)  M=DRIVERS2   ACBP=28
 04E1:0004 00BF C=CODE   S=framelin_TEXT  G=(none)  M=FRAMELIN   ACBP=48
 04ED:0003 018D C=CODE   S=GRP_TEXT       G=(none)  M=GRP        ACBP=28
 0506:0000 038F C=CODE   S=HISTLIST_TEXT  G=(none)  M=HISTLIST   ACBP=28
 053E:000F 00B7 C=CODE   S=MAPCOLOR_TEXT  G=(none)  M=MAPCOLOR   ACBP=28
 054A:0006 0213 C=CODE   S=MENU_TEXT      G=(none)  M=MENU       ACBP=28
 056B:0009 0059 C=CODE   S=MISC_TEXT      G=(none)  M=MISC       ACBP=28
 0571:0002 0697 C=CODE   S=MSGBOX_TEXT    G=(none)  M=MSGBOX     ACBP=28
 05DA:0009 03B9 C=CODE   S=NEW_TEXT       G=(none)  M=NEW        ACBP=28
 0616:0002 004B C=CODE   S=NEWSTR_TEXT    G=(none)  M=NEWSTR     ACBP=28
 061A:000D 0000 C=CODE   S=NMBKGRND_TEXT  G=(none)  M=NMBKGRND   ACBP=28
 061A:000D 0000 C=CODE   S=NMBUTTON_TEXT  G=(none)  M=NMBUTTON   ACBP=28
 061A:000D 0000 C=CODE   S=NMCOLLCT_TEXT  G=(none)  M=NMCOLLCT   ACBP=28
 061A:000D 0000 C=CODE   S=NMDIALOG_TEXT  G=(none)  M=NMDIALOG   ACBP=28
 061A:000D 0000 C=CODE   S=NMDSKTOP_TEXT  G=(none)  M=NMDSKTOP   ACBP=28
 061A:000D 0000 C=CODE   S=NMFILCOL_TEXT  G=(none)  M=NMFILCOL   ACBP=28
 061A:000D 0000 C=CODE   S=NMFILLST_TEXT  G=(none)  M=NMFILLST   ACBP=28
 061A:000D 0000 C=CODE   S=NMFRAME_TEXT   G=(none)  M=NMFRAME    ACBP=28
 061A:000D 0000 C=CODE   S=NMGROUP_TEXT   G=(none)  M=NMGROUP    ACBP=28
 061A:000D 0000 C=CODE   S=NMINPTLN_TEXT  G=(none)  M=NMINPTLN   ACBP=28
 061A:000D 0000 C=CODE   S=NMLABEL_TEXT   G=(none)  M=NMLABEL    ACBP=28
 061A:000D 0000 C=CODE   S=NMLSTBOX_TEXT  G=(none)  M=NMLSTBOX   ACBP=28
 061A:000D 0000 C=CODE   S=NMLSTVWR_TEXT  G=(none)  M=NMLSTVWR   ACBP=28
 061A:000D 0000 C=CODE   S=NMMNUBAR_TEXT  G=(none)  M=NMMNUBAR   ACBP=28
 061A:000D 0000 C=CODE   S=NMMNUBOX_TEXT  G=(none)  M=NMMNUBOX   ACBP=28
 061A:000D 0000 C=CODE   S=NMMNUVW_TEXT   G=(none)  M=NMMNUVW    ACBP=28
 061A:000D 0000 C=CODE   S=NMSCOLL_TEXT   G=(none)  M=NMSCOLL    ACBP=28
 061A:000D 0000 C=CODE   S=NMSCRBAR_TEXT  G=(none)  M=NMSCRBAR   ACBP=28
 061A:000D 0000 C=CODE   S=NMSTCTXT_TEXT  G=(none)  M=NMSTCTXT   ACBP=28
 061A:000D 0000 C=CODE   S=NMSTDDLG_TEXT  G=(none)  M=NMSTDDLG   ACBP=28
 061A:000D 0000 C=CODE   S=NMSTLINE_TEXT  G=(none)  M=NMSTLINE   ACBP=28
 061A:000D 0000 C=CODE   S=NMVIEW_TEXT    G=(none)  M=NMVIEW     ACBP=28
 061A:000D 0000 C=CODE   S=NMWINDOW_TEXT  G=(none)  M=NMWINDOW   ACBP=28
 061A:000D 01B3 C=CODE   S=PALETTE_TEXT   G=(none)  M=PALETTE    ACBP=28
 0636:0000 0104 C=CODE   S=SFINPUTL_TEXT  G=(none)  M=SFINPUTL   ACBP=28
 0646:0004 0022 C=CODE   S=SINPUTLI_TEXT  G=(none)  M=SINPUTLI   ACBP=28
 0648:0006 0A9E C=CODE   S=STDDLG_TEXT    G=(none)  M=STDDLG     ACBP=28
 06F2:0004 0000 C=CODE   S=STRMSTAT_TEXT  G=(none)  M=STRMSTAT   ACBP=28
 06F2:0004 0022 C=CODE   S=SVIEW_TEXT     G=(none)  M=SVIEW      ACBP=28
 06F4:0006 0028 C=CODE   S=swapst_TEXT    G=(none)  M=SWAPST     ACBP=48
 06F6:000E 0265 C=CODE   S=SYSERR_TEXT    G=(none)  M=SYSERR     ACBP=28
 071D:0004 02B2 C=CODE   S=sysint_TEXT    G=(none)  M=SYSINT     ACBP=48
 0748:0006 019B C=CODE   S=TAPPLICA_TEXT  G=(none)  M=TAPPLICA   ACBP=28
 0762:0001 024A C=CODE   S=TBKGRND_TEXT   G=(none)  M=TBKGRND    ACBP=28
 0786:000B 09C2 C=CODE   S=TBUTTON_TEXT   G=(none)  M=TBUTTON    ACBP=28
 0822:000D 0242 C=CODE   S=TCMDSET_TEXT   G=(none)  M=TCMDSET    ACBP=28
 0846:000F 084A C=CODE   S=TCOLLECT_TEXT  G=(none)  M=TCOLLECT   ACBP=28
 08CB:0009 0774 C=CODE   S=TDESKTOP_TEXT  G=(none)  M=TDESKTOP   ACBP=28
 0942:000D 02E8 C=CODE   S=TDIALOG_TEXT   G=(none)  M=TDIALOG    ACBP=28
 0971:0005 035E C=CODE   S=TEVENT_TEXT    G=(none)  M=TEVENT     ACBP=28
 09A7:0003 03AD C=CODE   S=TFILECOL_TEXT  G=(none)  M=TFILECOL   ACBP=28
 09E2:0000 0BCA C=CODE   S=TFILLIST_TEXT  G=(none)  M=TFILLIST   ACBP=28
 0A9E:000A 0763 C=CODE   S=TFRAME_TEXT    G=(none)  M=TFRAME     ACBP=28
 0B14:000E 0070 C=CODE   S=tgrmv_TEXT     G=(none)  M=TGRMV      ACBP=48
 0B1B:000E 135D C=CODE   S=TGROUP_TEXT    G=(none)  M=TGROUP     ACBP=28
 0C51:000B 0275 C=CODE   S=THISTWIN_TEXT  G=(none)  M=THISTWIN   ACBP=28
 0C79:0000 029C C=CODE   S=THSTVIEW_TEXT  G=(none)  M=THSTVIEW   ACBP=28
 0CA2:000C 0C2C C=CODE   S=TINPUTLI_TEXT  G=(none)  M=TINPUTLI   ACBP=28
 0D65:0008 044E C=CODE   S=TLABEL_TEXT    G=(none)  M=TLABEL     ACBP=28
 0DAA:0006 03BE C=CODE   S=TLISTBOX_TEXT  G=(none)  M=TLISTBOX   ACBP=28
 0DE6:0004 0D38 C=CODE   S=TLSTVIEW_TEXT  G=(none)  M=TLSTVIEW   ACBP=28
 0EB9:000C 0540 C=CODE   S=TMENUBAR_TEXT  G=(none)  M=TMENUBAR   ACBP=28
 0F0D:000C 066B C=CODE   S=TMENUBOX_TEXT  G=(none)  M=TMENUBOX   ACBP=28
 0F74:0007 1302 C=CODE   S=TMNUVIEW_TEXT  G=(none)  M=TMNUVIEW   ACBP=28
 10A4:0009 01D7 C=CODE   S=TMOUSE_TEXT    G=(none)  M=TMOUSE     ACBP=28
 10C2:0000 002E C=CODE   S=TOBJECT_TEXT   G=(none)  M=TOBJECT    ACBP=28
 10C4:000E 24E4 C=CODE   S=TOBJSTRM_TEXT  G=(none)  M=TOBJSTRM   ACBP=28
 1313:0002 00B4 C=CODE   S=TPOINT_TEXT    G=(none)  M=TPOINT     ACBP=28
 131E:0006 0A46 C=CODE   S=TPROGRAM_TEXT  G=(none)  M=TPROGRAM   ACBP=28
 13C2:000C 022C C=CODE   S=TSCREEN_TEXT   G=(none)  M=TSCREEN    ACBP=28
 13E5:0008 0A4A C=CODE   S=TSCRLBAR_TEXT  G=(none)  M=TSCRLBAR   ACBP=28
 148A:0002 02E6 C=CODE   S=TSORTCOL_TEXT  G=(none)  M=TSORTCOL   ACBP=28
 14B8:0008 03E3 C=CODE   S=TSTATICT_TEXT  G=(none)  M=TSTATICT   ACBP=28
 14F6:000B 0B3B C=CODE   S=TSTATUSL_TEXT  G=(none)  M=TSTATUSL   ACBP=28
 15AA:0006 00BE C=CODE   S=tvcursor_TEXT  G=(none)  M=TVCURSOR   ACBP=48
 15B6:0004 010B C=CODE   S=tvexposd_TEXT  G=(none)  M=TVEXPOSD   ACBP=48
 15C6:000F 1EA8 C=CODE   S=TVIEW_TEXT     G=(none)  M=TVIEW      ACBP=28
 17B1:0007 003E C=CODE   S=TVTEXT1_TEXT   G=(none)  M=TVTEXT1    ACBP=28
 17B5:0005 009D C=CODE   S=TVTEXT2_TEXT   G=(none)  M=TVTEXT2    ACBP=28
 17BF:0002 0375 C=CODE   S=tvwrite_TEXT   G=(none)  M=TVWRITE    ACBP=48
 17F6:0007 0BB2 C=CODE   S=TWINDOW_TEXT   G=(none)  M=TWINDOW    ACBP=28
 18B2:0000 0000 C=CODE   S=E87_PROG       G=(none)  M=FP87INIT   ACBP=68
 18B2:0000 03E3 C=CODE   S=E87_PROG       G=(none)  M=EMU087     ACBP=68
 18B2:03F0 01D8 C=CODE   S=E87_PROG       G=(none)  M=E87TRAP    ACBP=68
 190F:0000 0000 C=FAR_DATA S=_FARDATA       G=(none)  M=c0.ASM     ACBP=68
 190F:0000 0000 C=FAR_BSS S=_FARBSS        G=(none)  M=c0.ASM     ACBP=68
 190F:0000 0000 C=OVRINFO S=_OVERLAY_      G=(none)  M=c0.ASM     ACBP=68
 190F:0000 0000 C=STUBSEG S=_1STUB_        G=(none)  M=c0.ASM     ACBP=68
 190F:0000 0093 C=DATA   S=_DATA          G=DGROUP  M=c0.ASM     ACBP=68
 190F:0094 00E4 C=DATA   S=_DATA          G=DGROUP  M=MEMVIEW.CPP ACBP=48
 190F:0178 0000 C=DATA   S=_DATA          G=DGROUP  M=DRIVERS    ACBP=48
 190F:0178 0021 C=DATA   S=_DATA          G=DGROUP  M=DRIVERS2   ACBP=48
 190F:019A 0084 C=DATA   S=_DATA          G=DGROUP  M=FRAMELIN   ACBP=48
 190F:021E 0000 C=DATA   S=_DATA          G=DGROUP  M=GRP        ACBP=48
 190F:021E 0010 C=DATA   S=_DATA          G=DGROUP  M=HISTLIST   ACBP=48
 190F:022E 0000 C=DATA   S=_DATA          G=DGROUP  M=MAPCOLOR   ACBP=48
 190F:022E 0000 C=DATA   S=_DATA          G=DGROUP  M=MENU       ACBP=48
 190F:022E 0000 C=DATA   S=_DATA          G=DGROUP  M=MISC       ACBP=48
 190F:022E 0028 C=DATA   S=_DATA          G=DGROUP  M=MSGBOX     ACBP=48
 190F:0256 00E7 C=DATA   S=_DATA          G=DGROUP  M=NEW        ACBP=48
 190F:033E 0000 C=DATA   S=_DATA          G=DGROUP  M=NEWSTR     ACBP=48
 190F:033E 0010 C=DATA   S=_DATA          G=DGROUP  M=NMBKGRND   ACBP=48
 190F:034E 000C C=DATA   S=_DATA          G=DGROUP  M=NMBUTTON   ACBP=48
 190F:035A 0010 C=DATA   S=_DATA          G=DGROUP  M=NMCOLLCT   ACBP=48
 190F:036A 000C C=DATA   S=_DATA          G=DGROUP  M=NMDIALOG   ACBP=48
 190F:0376 000D C=DATA   S=_DATA          G=DGROUP  M=NMDSKTOP   ACBP=48
 190F:0384 0014 C=DATA   S=_DATA          G=DGROUP  M=NMFILCOL   ACBP=48
 190F:0398 000E C=DATA   S=_DATA          G=DGROUP  M=NMFILLST   ACBP=48
 190F:03A6 000B C=DATA   S=_DATA          G=DGROUP  M=NMFRAME    ACBP=48
 190F:03B2 000B C=DATA   S=_DATA          G=DGROUP  M=NMGROUP    ACBP=48
 190F:03BE 000F C=DATA   S=_DATA          G=DGROUP  M=NMINPTLN   ACBP=48
 190F:03CE 000B C=DATA   S=_DATA          G=DGROUP  M=NMLABEL    ACBP=48
 190F:03DA 000D C=DATA   S=_DATA          G=DGROUP  M=NMLSTBOX   ACBP=48
 190F:03E8 0010 C=DATA   S=_DATA          G=DGROUP  M=NMLSTVWR   ACBP=48
 190F:03F8 000D C=DATA   S=_DATA          G=DGROUP  M=NMMNUBAR   ACBP=48
 190F:0406 000D C=DATA   S=_DATA          G=DGROUP  M=NMMNUBOX   ACBP=48
 190F:0414 000E C=DATA   S=_DATA          G=DGROUP  M=NMMNUVW    ACBP=48
 190F:0422 0016 C=DATA   S=_DATA          G=DGROUP  M=NMSCOLL    ACBP=48
 190F:0438 000F C=DATA   S=_DATA          G=DGROUP  M=NMSCRBAR   ACBP=48
 190F:0448 0010 C=DATA   S=_DATA          G=DGROUP  M=NMSTCTXT   ACBP=48
 190F:0458 0038 C=DATA   S=_DATA          G=DGROUP  M=NMSTDDLG   ACBP=48
 190F:0490 0010 C=DATA   S=_DATA          G=DGROUP  M=NMSTLINE   ACBP=48
 190F:04A0 000A C=DATA   S=_DATA          G=DGROUP  M=NMVIEW     ACBP=48
 190F:04AA 000C C=DATA   S=_DATA          G=DGROUP  M=NMWINDOW   ACBP=48
 190F:04B6 0000 C=DATA   S=_DATA          G=DGROUP  M=PALETTE    ACBP=48
 190F:04B6 0076 C=DATA   S=_DATA          G=DGROUP  M=SFINPUTL   ACBP=48
 190F:052C 000E C=DATA   S=_DATA          G=DGROUP  M=SINPUTLI   ACBP=48
 190F:053A 00F9 C=DATA   S=_DATA          G=DGROUP  M=STDDLG     ACBP=48
 190F:0634 0004 C=DATA   S=_DATA          G=DGROUP  M=STRMSTAT   ACBP=48
 190F:0638 000A C=DATA   S=_DATA          G=DGROUP  M=SVIEW      ACBP=48
 190F:0642 0000 C=DATA   S=_DATA          G=DGROUP  M=SWAPST     ACBP=48
 190F:0642 0014 C=DATA   S=_DATA          G=DGROUP  M=SYSERR     ACBP=48
 190F:0656 0000 C=DATA   S=_DATA          G=DGROUP  M=SYSINT     ACBP=48
 190F:0656 0088 C=DATA   S=_DATA          G=DGROUP  M=TAPPLICA   ACBP=48
 190F:06DE 006F C=DATA   S=_DATA          G=DGROUP  M=TBKGRND    ACBP=48
 190F:074E 007A C=DATA   S=_DATA          G=DGROUP  M=TBUTTON    ACBP=48
 190F:07C8 0010 C=DATA   S=_DATA          G=DGROUP  M=TCMDSET    ACBP=48
 190F:07D8 0068 C=DATA   S=_DATA          G=DGROUP  M=TCOLLECT   ACBP=48
 190F:0840 0080 C=DATA   S=_DATA          G=DGROUP  M=TDESKTOP   ACBP=48
 190F:08C0 009E C=DATA   S=_DATA          G=DGROUP  M=TDIALOG    ACBP=48
 190F:095E 00C3 C=DATA   S=_DATA          G=DGROUP  M=TEVENT     ACBP=48
 190F:0A22 007A C=DATA   S=_DATA          G=DGROUP  M=TFILECOL   ACBP=48
 190F:0A9C 0155 C=DATA   S=_DATA          G=DGROUP  M=TFILLIST   ACBP=48
 190F:0BF2 0073 C=DATA   S=_DATA          G=DGROUP  M=TFRAME     ACBP=48
 190F:0C66 0000 C=DATA   S=_DATA          G=DGROUP  M=TGRMV      ACBP=48
 190F:0C66 0072 C=DATA   S=_DATA          G=DGROUP  M=TGROUP     ACBP=48
 190F:0CD8 0089 C=DATA   S=_DATA          G=DGROUP  M=THISTWIN   ACBP=48
 190F:0D62 0087 C=DATA   S=_DATA          G=DGROUP  M=THSTVIEW   ACBP=48
 190F:0DEA 0072 C=DATA   S=_DATA          G=DGROUP  M=TINPUTLI   ACBP=48
 190F:0E5C 0076 C=DATA   S=_DATA          G=DGROUP  M=TLABEL     ACBP=48
 190F:0ED2 0080 C=DATA   S=_DATA          G=DGROUP  M=TLISTBOX   ACBP=48
 190F:0F52 008F C=DATA   S=_DATA          G=DGROUP  M=TLSTVIEW   ACBP=48
 190F:0FE2 00D8 C=DATA   S=_DATA          G=DGROUP  M=TMENUBAR   ACBP=48
 190F:10BA 0070 C=DATA   S=_DATA          G=DGROUP  M=TMENUBOX   ACBP=48
 190F:112A 004D C=DATA   S=_DATA          G=DGROUP  M=TMNUVIEW   ACBP=48
 190F:1178 0003 C=DATA   S=_DATA          G=DGROUP  M=TMOUSE     ACBP=48
 190F:117C 0000 C=DATA   S=_DATA          G=DGROUP  M=TOBJECT    ACBP=48
 190F:117C 0204 C=DATA   S=_DATA          G=DGROUP  M=TOBJSTRM   ACBP=48
 190F:1380 0000 C=DATA   S=_DATA          G=DGROUP  M=TPOINT     ACBP=48
 190F:1380 017A C=DATA   S=_DATA          G=DGROUP  M=TPROGRAM   ACBP=48
 190F:14FA 001E C=DATA   S=_DATA          G=DGROUP  M=TSCREEN    ACBP=48
 190F:1518 0089 C=DATA   S=_DATA          G=DGROUP  M=TSCRLBAR   ACBP=48
 190F:15A2 0000 C=DATA   S=_DATA          G=DGROUP  M=TSORTCOL   ACBP=48
 190F:15A2 0073 C=DATA   S=_DATA          G=DGROUP  M=TSTATICT   ACBP=48
 190F:1616 0079 C=DATA   S=_DATA          G=DGROUP  M=TSTATUSL   ACBP=48
 190F:1690 0000 C=DATA   S=_DATA          G=DGROUP  M=TVCURSOR   ACBP=48
 190F:1690 0000 C=DATA   S=_DATA          G=DGROUP  M=TVEXPOSD   ACBP=48
 190F:1690 00B0 C=DATA   S=_DATA          G=DGROUP  M=TVIEW      ACBP=48
 190F:1740 01A2 C=DATA   S=_DATA          G=DGROUP  M=TVTEXT1    ACBP=48
 190F:18E2 042D C=DATA   S=_DATA          G=DGROUP  M=TVTEXT2    ACBP=48
 190F:1D10 000E C=DATA   S=_DATA          G=DGROUP  M=TVWRITE    ACBP=48
 190F:1D1E 00B2 C=DATA   S=_DATA          G=DGROUP  M=TWINDOW    ACBP=48
 190F:1DD0 0002 C=DATA   S=_DATA          G=DGROUP  M=FP87INIT   ACBP=68
 190F:1DE0 0000 C=DATA   S=_DATA          G=DGROUP  M=E87TRAP    ACBP=68
 190F:1DE0 0003 C=DATA   S=_DATA          G=DGROUP  M=PROTFLAG   ACBP=48
 190F:1DE4 0002 C=DATA   S=_DATA          G=DGROUP  M=DEFLT87    ACBP=48
 190F:1DE6 0024 C=DATA   S=_DATA          G=DGROUP  M=HUGEVAL    ACBP=48
 190F:1E0A 0000 C=DATA   S=_DATA          G=DGROUP  M=LDTRUNC    ACBP=48
 190F:1E0A 0000 C=DATA   S=_DATA          G=DGROUP  M=REALCVT    ACBP=48
 190F:1E0A 0018 C=DATA   S=_DATA          G=DGROUP  M=SCANTOD    ACBP=48
 190F:1E22 0000 C=DATA   S=_DATA          G=DGROUP  M=XCVT       ACBP=48
 190F:1E22 009A C=DATA   S=_DATA          G=DGROUP  M=FPERR      ACBP=48
 190F:1EBC 0080 C=DATA   S=_DATA          G=DGROUP  M=_POW10     ACBP=48
 190F:1F3C 0000 C=DATA   S=_DATA          G=DGROUP  M=POW10D     ACBP=48
 190F:1F3C 0000 C=DATA   S=_DATA          G=DGROUP  M=ABS        ACBP=48
 190F:1F3C 0002 C=DATA   S=_DATA          G=DGROUP  M=ATEXIT     ACBP=48
 190F:1F3E 0101 C=DATA   S=_DATA          G=DGROUP  M=CTYPE      ACBP=48
 190F:2040 0000 C=DATA   S=_DATA          G=DGROUP  M=DOSGDRIV   ACBP=48
 190F:2040 0000 C=DATA   S=_DATA          G=DGROUP  M=ERRORMSG   ACBP=48
 190F:2040 000C C=DATA   S=_DATA          G=DGROUP  M=EXIT       ACBP=48
 190F:204C 0190 C=DATA   S=_DATA          G=DGROUP  M=FILES      ACBP=48
 190F:21DC 002A C=DATA   S=_DATA          G=DGROUP  M=FILES2     ACBP=48
 190F:2206 0004 C=DATA   S=_DATA          G=DGROUP  M=FMODE      ACBP=48
 190F:220A 0002 C=DATA   S=_DATA          G=DGROUP  M=FPSTKLEN   ACBP=48
 190F:220C 0000 C=DATA   S=_DATA          G=DGROUP  M=F_LXMUL    ACBP=48
 190F:220C 0000 C=DATA   S=_DATA          G=DGROUP  M=F_PCMP     ACBP=48
 190F:220C 0000 C=DATA   S=_DATA          G=DGROUP  M=F_SCOPY    ACBP=48
 190F:220C 0000 C=DATA   S=_DATA          G=DGROUP  M=GETCURDI   ACBP=48
 190F:220C 0000 C=DATA   S=_DATA          G=DGROUP  M=GETDISK    ACBP=48
 190F:220C 0000 C=DATA   S=_DATA          G=DGROUP  M=GETVECT    ACBP=48
 190F:220C 0000 C=DATA   S=_DATA          G=DGROUP  M=H_LDIV     ACBP=48
 190F:220C 0000 C=DATA   S=_DATA          G=DGROUP  M=H_LLSH     ACBP=48
 190F:220C 0000 C=DATA   S=_DATA          G=DGROUP  M=H_PADD     ACBP=48
 190F:220C 005B C=DATA   S=_DATA          G=DGROUP  M=IOERROR    ACBP=48
 190F:2268 0000 C=DATA   S=_DATA          G=DGROUP  M=ISATTY     ACBP=48
 190F:2268 0000 C=DATA   S=_DATA          G=DGROUP  M=LONGTOA    ACBP=48
 190F:2268 0000 C=DATA   S=_DATA          G=DGROUP  M=LSEEK      ACBP=48
 190F:2268 0000 C=DATA   S=_DATA          G=DGROUP  M=N_PCMP     ACBP=48
 190F:2268 003A C=DATA   S=_DATA          G=DGROUP  M=PUREERR    ACBP=48
 190F:22A2 0000 C=DATA   S=_DATA          G=DGROUP  M=READA      ACBP=48
 190F:22A2 0000 C=DATA   S=_DATA          G=DGROUP  M=SETUPIO    ACBP=48
 190F:22A2 0000 C=DATA   S=_DATA          G=DGROUP  M=SIGDATA    ACBP=48
 190F:22A2 0002 C=DATA   S=_DATA          G=DGROUP  M=STKLEN     ACBP=48
 190F:22A4 0000 C=DATA   S=_DATA          G=DGROUP  M=TOUPPER    ACBP=48
 190F:22A4 0067 C=DATA   S=_DATA          G=DGROUP  M=VPRINTER   ACBP=48
 190F:230C 0000 C=DATA   S=_DATA          G=DGROUP  M=_STPCPY    ACBP=48
 190F:230C 0000 C=DATA   S=_DATA          G=DGROUP  M=ASSERT     ACBP=48
 190F:230C 0031 C=DATA   S=_DATA          G=DGROUP  M=CVTFAK     ACBP=48
 190F:233E 0000 C=DATA   S=_DATA          G=DGROUP  M=FARHEAP    ACBP=48
 190F:233E 0002 C=DATA   S=_DATA          G=DGROUP  M=FBRK       ACBP=48
 190F:2340 0000 C=DATA   S=_DATA          G=DGROUP  M=FHEAPCHK   ACBP=48
 190F:2340 0000 C=DATA   S=_DATA          G=DGROUP  M=IOCTL      ACBP=48
 190F:2340 0000 C=DATA   S=_DATA          G=DGROUP  M=REALCVT    ACBP=48
 190F:2340 0000 C=DATA   S=_DATA          G=DGROUP  M=SETBLOCK   ACBP=48
 190F:2340 0000 C=DATA   S=_DATA          G=DGROUP  M=CHMODA     ACBP=48
 190F:2340 0000 C=DATA   S=_DATA          G=DGROUP  M=CLOSE      ACBP=48
 190F:2340 0000 C=DATA   S=_DATA          G=DGROUP  M=CLOSEA     ACBP=48
 190F:2340 0000 C=DATA   S=_DATA          G=DGROUP  M=FFLUSH     ACBP=48
 190F:2340 0000 C=DATA   S=_DATA          G=DGROUP  M=FINDFIRS   ACBP=48
 190F:2340 0000 C=DATA   S=_DATA          G=DGROUP  M=FLUSHALL   ACBP=48
 190F:2340 0000 C=DATA   S=_DATA          G=DGROUP  M=FNMERGE    ACBP=48
 190F:2340 0000 C=DATA   S=_DATA          G=DGROUP  M=FNSPLIT    ACBP=48
 190F:2340 0000 C=DATA   S=_DATA          G=DGROUP  M=FPRINTF    ACBP=48
 190F:2340 0000 C=DATA   S=_DATA          G=DGROUP  M=FSEEK      ACBP=48
 190F:2340 0000 C=DATA   S=_DATA          G=DGROUP  M=LTOA1      ACBP=48
 190F:2340 0000 C=DATA   S=_DATA          G=DGROUP  M=MAKEPATH   ACBP=48
 190F:2340 0000 C=DATA   S=_DATA          G=DGROUP  M=MEMCPY     ACBP=48
 190F:2340 0000 C=DATA   S=_DATA          G=DGROUP  M=MEMSET     ACBP=48
 190F:2340 0000 C=DATA   S=_DATA          G=DGROUP  M=MOVMEM     ACBP=48
 190F:2340 0000 C=DATA   S=_DATA          G=DGROUP  M=OPEN       ACBP=48
 190F:2340 0000 C=DATA   S=_DATA          G=DGROUP  M=OPENA      ACBP=48
 190F:2340 0001 C=DATA   S=_DATA          G=DGROUP  M=PUTC       ACBP=48
 190F:2342 0000 C=DATA   S=_DATA          G=DGROUP  M=READ       ACBP=48
 190F:2342 0000 C=DATA   S=_DATA          G=DGROUP  M=READU      ACBP=48
 190F:2342 0004 C=DATA   S=_DATA          G=DGROUP  M=SETVBUF    ACBP=48
 190F:2346 0000 C=DATA   S=_DATA          G=DGROUP  M=SPLITPTH   ACBP=48
 190F:2346 0000 C=DATA   S=_DATA          G=DGROUP  M=SPRINTF    ACBP=48
 190F:2346 0000 C=DATA   S=_DATA          G=DGROUP  M=STRCAT     ACBP=48
 190F:2346 0000 C=DATA   S=_DATA          G=DGROUP  M=STRCHR     ACBP=48
 190F:2346 0000 C=DATA   S=_DATA          G=DGROUP  M=STRCMP     ACBP=48
 190F:2346 0000 C=DATA   S=_DATA          G=DGROUP  M=STRCPY     ACBP=48
 190F:2346 0000 C=DATA   S=_DATA          G=DGROUP  M=STRLEN     ACBP=48
 190F:2346 0000 C=DATA   S=_DATA          G=DGROUP  M=STRNCPY    ACBP=48
 190F:2346 0000 C=DATA   S=_DATA          G=DGROUP  M=STRNICMP   ACBP=48
 190F:2346 0000 C=DATA   S=_DATA          G=DGROUP  M=STRUPR     ACBP=48
 190F:2346 0000 C=DATA   S=_DATA          G=DGROUP  M=WRITE      ACBP=48
 190F:2346 0000 C=DATA   S=_DATA          G=DGROUP  M=WRITEA     ACBP=48
 190F:2346 0000 C=DATA   S=_DATA          G=DGROUP  M=WRITEU     ACBP=48
 190F:2346 0000 C=DATA   S=_DATA          G=DGROUP  M=XFFLUSH    ACBP=48
 190F:2346 0000 C=DATA   S=_DATA          G=DGROUP  M=FSBATTCH   ACBP=48
 190F:2346 0000 C=DATA   S=_DATA          G=DGROUP  M=FSBCLOSE   ACBP=48
 190F:2346 002C C=DATA   S=_DATA          G=DGROUP  M=FSBCTR1    ACBP=48
 190F:2372 002C C=DATA   S=_DATA          G=DGROUP  M=FSBCTR2    ACBP=48
 190F:239E 002C C=DATA   S=_DATA          G=DGROUP  M=FSBCTR3    ACBP=48
 190F:23CA 002E C=DATA   S=_DATA          G=DGROUP  M=FSBDTR     ACBP=48
 190F:23F8 0000 C=DATA   S=_DATA          G=DGROUP  M=FSBOFLOW   ACBP=48
 190F:23F8 0000 C=DATA   S=_DATA          G=DGROUP  M=FSBOPEN    ACBP=48
 190F:23F8 0000 C=DATA   S=_DATA          G=DGROUP  M=FSBSBUF    ACBP=48
 190F:23F8 0000 C=DATA   S=_DATA          G=DGROUP  M=FSBSKOFF   ACBP=48
 190F:23F8 0000 C=DATA   S=_DATA          G=DGROUP  M=FSBSYNC    ACBP=48
 190F:23F8 0000 C=DATA   S=_DATA          G=DGROUP  M=FSBUFLOW   ACBP=48
 190F:23F8 0000 C=DATA   S=_DATA          G=DGROUP  M=STBALC     ACBP=48
 190F:23F8 002C C=DATA   S=_DATA          G=DGROUP  M=STBCTR1    ACBP=48
 190F:2424 0000 C=DATA   S=_DATA          G=DGROUP  M=STBDSGTN   ACBP=48
 190F:2424 0000 C=DATA   S=_DATA          G=DGROUP  M=STBDSPTN   ACBP=48
 190F:2424 002C C=DATA   S=_DATA          G=DGROUP  M=STBDTR     ACBP=48
 190F:2450 0000 C=DATA   S=_DATA          G=DGROUP  M=STBOFLOW   ACBP=48
 190F:2450 0000 C=DATA   S=_DATA          G=DGROUP  M=STBPBFL    ACBP=48
 190F:2450 0000 C=DATA   S=_DATA          G=DGROUP  M=STBSBUF    ACBP=48
 190F:2450 0000 C=DATA   S=_DATA          G=DGROUP  M=STBSETB    ACBP=48
 190F:2450 0000 C=DATA   S=_DATA          G=DGROUP  M=STBSETG    ACBP=48
 190F:2450 0000 C=DATA   S=_DATA          G=DGROUP  M=STBSETP    ACBP=48
 190F:2450 0000 C=DATA   S=_DATA          G=DGROUP  M=STBSGETN   ACBP=48
 190F:2450 0000 C=DATA   S=_DATA          G=DGROUP  M=STBSKOFF   ACBP=48
 190F:2450 0000 C=DATA   S=_DATA          G=DGROUP  M=STBSKPOS   ACBP=48
 190F:2450 0000 C=DATA   S=_DATA          G=DGROUP  M=STBSPUTN   ACBP=48
 190F:2450 0000 C=DATA   S=_DATA          G=DGROUP  M=STBSYNC    ACBP=48
 190F:2450 0000 C=DATA   S=_DATA          G=DGROUP  M=STBUFLOW   ACBP=48
 190F:2450 0000 C=DATA   S=_CVTSEG        G=DGROUP  M=c0.ASM     ACBP=48
 190F:2450 0002 C=DATA   S=_CVTSEG        G=DGROUP  M=REALCVT    ACBP=48
 190F:2452 0002 C=DATA   S=_CVTSEG        G=DGROUP  M=CVTFAK     ACBP=48
 190F:2454 0000 C=DATA   S=_CVTSEG        G=DGROUP  M=REALCVT    ACBP=48
 190F:2454 0000 C=DATA   S=_SCNSEG        G=DGROUP  M=c0.ASM     ACBP=48
 190F:2454 0006 C=DATA   S=_SCNSEG        G=DGROUP  M=SCANTOD    ACBP=48
 190F:245A 0006 C=DATA   S=_SCNSEG        G=DGROUP  M=CVTFAK     ACBP=48
 190F:2460 0000 C=CONST  S=_CONST         G=DGROUP  M=c0.ASM     ACBP=48
 190F:2460 0000 C=INITDATA S=_INIT_         G=DGROUP  M=c0.ASM     ACBP=48
 190F:2460 0006 C=INITDATA S=_INIT_         G=DGROUP  M=MSGBOX     ACBP=48
 190F:2466 0006 C=INITDATA S=_INIT_         G=DGROUP  M=NEW        ACBP=48
 190F:246C 0006 C=INITDATA S=_INIT_         G=DGROUP  M=SFINPUTL   ACBP=48
 190F:2472 0006 C=INITDATA S=_INIT_         G=DGROUP  M=SINPUTLI   ACBP=48
 190F:2478 0006 C=INITDATA S=_INIT_         G=DGROUP  M=SVIEW      ACBP=48
 190F:247E 0006 C=INITDATA S=_INIT_         G=DGROUP  M=TAPPLICA   ACBP=48
 190F:2484 0006 C=INITDATA S=_INIT_         G=DGROUP  M=TSCRLBAR   ACBP=48
 190F:248A 0006 C=INITDATA S=_INIT_         G=DGROUP  M=TVIEW      ACBP=48
 190F:2490 0006 C=INITDATA S=_INIT_         G=DGROUP  M=FP87INIT   ACBP=48
 190F:2496 0006 C=INITDATA S=_INIT_         G=DGROUP  M=SETUPIO    ACBP=48
 190F:249C 0000 C=INITDATA S=_INITEND_      G=DGROUP  M=c0.ASM     ACBP=28
 190F:249C 0000 C=EXITDATA S=_EXIT_         G=DGROUP  M=c0.ASM     ACBP=48
 190F:249C 0006 C=EXITDATA S=_EXIT_         G=DGROUP  M=STDDLG     ACBP=48
 190F:24A2 0006 C=EXITDATA S=_EXIT_         G=DGROUP  M=TAPPLICA   ACBP=48
 190F:24A8 0006 C=EXITDATA S=_EXIT_         G=DGROUP  M=TBKGRND    ACBP=48
 190F:24AE 0006 C=EXITDATA S=_EXIT_         G=DGROUP  M=TBUTTON    ACBP=48
 190F:24B4 0006 C=EXITDATA S=_EXIT_         G=DGROUP  M=TDIALOG    ACBP=48
 190F:24BA 0006 C=EXITDATA S=_EXIT_         G=DGROUP  M=TFRAME     ACBP=48
 190F:24C0 0006 C=EXITDATA S=_EXIT_         G=DGROUP  M=THISTWIN   ACBP=48
 190F:24C6 0006 C=EXITDATA S=_EXIT_         G=DGROUP  M=THSTVIEW   ACBP=48
 190F:24CC 0006 C=EXITDATA S=_EXIT_         G=DGROUP  M=TINPUTLI   ACBP=48
 190F:24D2 0006 C=EXITDATA S=_EXIT_         G=DGROUP  M=TLABEL     ACBP=48
 190F:24D8 0006 C=EXITDATA S=_EXIT_         G=DGROUP  M=TLSTVIEW   ACBP=48
 190F:24DE 0006 C=EXITDATA S=_EXIT_         G=DGROUP  M=TMNUVIEW   ACBP=48
 190F:24E4 0006 C=EXITDATA S=_EXIT_         G=DGROUP  M=TPROGRAM   ACBP=48
 190F:24EA 0006 C=EXITDATA S=_EXIT_         G=DGROUP  M=TSCRLBAR   ACBP=48
 190F:24F0 0006 C=EXITDATA S=_EXIT_         G=DGROUP  M=TSTATICT   ACBP=48
 190F:24F6 0006 C=EXITDATA S=_EXIT_         G=DGROUP  M=TSTATUSL   ACBP=48
 190F:24FC 0006 C=EXITDATA S=_EXIT_         G=DGROUP  M=TVIEW      ACBP=48
 190F:2502 0006 C=EXITDATA S=_EXIT_         G=DGROUP  M=TWINDOW    ACBP=48
 190F:2508 0006 C=EXITDATA S=_EXIT_         G=DGROUP  M=FP87INIT   ACBP=48
 190F:250E 0000 C=EXITDATA S=_EXITEND_      G=DGROUP  M=c0.ASM     ACBP=28
 190F:250E 0000 C=BSS    S=_BSS           G=DGROUP  M=c0.ASM     ACBP=48
 190F:250E 0000 C=BSS    S=_BSS           G=DGROUP  M=MEMVIEW.CPP ACBP=48
 190F:250E 0000 C=BSS    S=_BSS           G=DGROUP  M=MSGBOX     ACBP=48
 190F:250E 0000 C=BSS    S=_BSS           G=DGROUP  M=NEW        ACBP=48
 190F:250E 0000 C=BSS    S=_BSS           G=DGROUP  M=SFINPUTL   ACBP=48
 190F:250E 0000 C=BSS    S=_BSS           G=DGROUP  M=SINPUTLI   ACBP=48
 190F:250E 0000 C=BSS    S=_BSS           G=DGROUP  M=STDDLG     ACBP=48
 190F:250E 0000 C=BSS    S=_BSS           G=DGROUP  M=SVIEW      ACBP=48
 190F:250E 0000 C=BSS    S=_BSS           G=DGROUP  M=SYSERR     ACBP=48
 190F:250E 0000 C=BSS    S=_BSS           G=DGROUP  M=TAPPLICA   ACBP=48
 190F:250E 0000 C=BSS    S=_BSS           G=DGROUP  M=TBKGRND    ACBP=48
 190F:250E 0000 C=BSS    S=_BSS           G=DGROUP  M=TBUTTON    ACBP=48
 190F:250E 0000 C=BSS    S=_BSS           G=DGROUP  M=TDIALOG    ACBP=48
 190F:250E 0000 C=BSS    S=_BSS           G=DGROUP  M=TFRAME     ACBP=48
 190F:250E 0000 C=BSS    S=_BSS           G=DGROUP  M=THISTWIN   ACBP=48
 190F:250E 0000 C=BSS    S=_BSS           G=DGROUP  M=THSTVIEW   ACBP=48
 190F:250E 0000 C=BSS    S=_BSS           G=DGROUP  M=TINPUTLI   ACBP=48
 190F:250E 0000 C=BSS    S=_BSS           G=DGROUP  M=TLABEL     ACBP=48
 190F:250E 0000 C=BSS    S=_BSS           G=DGROUP  M=TLSTVIEW   ACBP=48
 190F:250E 0000 C=BSS    S=_BSS           G=DGROUP  M=TMNUVIEW   ACBP=48
 190F:250E 0000 C=BSS    S=_BSS           G=DGROUP  M=TPROGRAM   ACBP=48
 190F:250E 0000 C=BSS    S=_BSS           G=DGROUP  M=TSCRLBAR   ACBP=48
 190F:250E 0000 C=BSS    S=_BSS           G=DGROUP  M=TSTATICT   ACBP=48
 190F:250E 0000 C=BSS    S=_BSS           G=DGROUP  M=TSTATUSL   ACBP=48
 190F:250E 0000 C=BSS    S=_BSS           G=DGROUP  M=TVIEW      ACBP=48
 190F:250E 0000 C=BSS    S=_BSS           G=DGROUP  M=TWINDOW    ACBP=48
 190F:250E 0000 C=BSS    S=_BSS           G=DGROUP  M=LDTRUNC    ACBP=48
 190F:250E 0000 C=BSS    S=_BSS           G=DGROUP  M=REALCVT    ACBP=48
 190F:250E 0000 C=BSS    S=_BSS           G=DGROUP  M=SCANTOD    ACBP=48
 190F:250E 0000 C=BSS    S=_BSS           G=DGROUP  M=XCVT       ACBP=48
 190F:250E 0000 C=BSS    S=_BSS           G=DGROUP  M=_POW10     ACBP=48
 190F:250E 0000 C=BSS    S=_BSS           G=DGROUP  M=ABS        ACBP=48
 190F:250E 0080 C=BSS    S=_BSS           G=DGROUP  M=ATEXIT     ACBP=48
 190F:258E 0000 C=BSS    S=_BSS           G=DGROUP  M=GETCURDI   ACBP=48
 190F:258E 0000 C=BSS    S=_BSS           G=DGROUP  M=GETVECT    ACBP=48
 190F:258E 0000 C=BSS    S=_BSS           G=DGROUP  M=IOERROR    ACBP=48
 190F:258E 0000 C=BSS    S=_BSS           G=DGROUP  M=ISATTY     ACBP=48
 190F:258E 0000 C=BSS    S=_BSS           G=DGROUP  M=LONGTOA    ACBP=48
 190F:258E 0000 C=BSS    S=_BSS           G=DGROUP  M=LSEEK      ACBP=48
 190F:258E 0000 C=BSS    S=_BSS           G=DGROUP  M=READA      ACBP=48
 190F:258E 0000 C=BSS    S=_BSS           G=DGROUP  M=SETUPIO    ACBP=48
 190F:258E 0004 C=BSS    S=_BSS           G=DGROUP  M=SIGDATA    ACBP=48
 190F:2592 0000 C=BSS    S=_BSS           G=DGROUP  M=VPRINTER   ACBP=48
 190F:2592 0000 C=BSS    S=_BSS           G=DGROUP  M=IOCTL      ACBP=48
 190F:2592 0000 C=BSS    S=_BSS           G=DGROUP  M=SETBLOCK   ACBP=48
 190F:2592 0000 C=BSS    S=_BSS           G=DGROUP  M=CHMODA     ACBP=48
 190F:2592 0000 C=BSS    S=_BSS           G=DGROUP  M=CLOSEA     ACBP=48
 190F:2592 0000 C=BSS    S=_BSS           G=DGROUP  M=FINDFIRS   ACBP=48
 190F:2592 0000 C=BSS    S=_BSS           G=DGROUP  M=MEMCPY     ACBP=48
 190F:2592 0000 C=BSS    S=_BSS           G=DGROUP  M=MEMSET     ACBP=48
 190F:2592 0000 C=BSS    S=_BSS           G=DGROUP  M=MOVMEM     ACBP=48
 190F:2592 0000 C=BSS    S=_BSS           G=DGROUP  M=OPEN       ACBP=48
 190F:2592 0000 C=BSS    S=_BSS           G=DGROUP  M=OPENA      ACBP=48
 190F:2592 0001 C=BSS    S=_BSS           G=DGROUP  M=PUTC       ACBP=48
 190F:2594 0000 C=BSS    S=_BSS           G=DGROUP  M=READ       ACBP=48
 190F:2594 0000 C=BSS    S=_BSS           G=DGROUP  M=STRCAT     ACBP=48
 190F:2594 0000 C=BSS    S=_BSS           G=DGROUP  M=STRCHR     ACBP=48
 190F:2594 0000 C=BSS    S=_BSS           G=DGROUP  M=STRCMP     ACBP=48
 190F:2594 0000 C=BSS    S=_BSS           G=DGROUP  M=STRCPY     ACBP=48
 190F:2594 0000 C=BSS    S=_BSS           G=DGROUP  M=STRLEN     ACBP=48
 190F:2594 0000 C=BSS    S=_BSS           G=DGROUP  M=STRNCPY    ACBP=48
 190F:2594 0000 C=BSS    S=_BSS           G=DGROUP  M=STRNICMP   ACBP=48
 190F:2594 0000 C=BSS    S=_BSS           G=DGROUP  M=STRUPR     ACBP=48
 190F:2594 0000 C=BSS    S=_BSS           G=DGROUP  M=WRITEA     ACBP=48
 190F:2594 0000 C=BSSEND S=_BSSEND        G=DGROUP  M=c0.ASM     ACBP=28
 1B69:0000 0110 C=STACK  S=_STACK         G=(none)  M=c0.ASM     ACBP=74
 1B69:0000 0080 C=STACK  S=_STACK         G=(none)  M=EMUVARS    ACBP=78

  Address         Publics by Name

 054A:0154       operator +(TStatusDef far&,TStatusItem far&)
 054A:01D8 idle  operator +(TStatusDef far&,TStatusDef far&)
 054A:0050       operator +(TSubMenu far&,TMenuItem far&)
 054A:0113       operator +(TSubMenu far&,TSubMenu far&)
 1313:0032       operator +(const TPoint far&,const TPoint far&)
 0822:017E       operator &(const TCommandSet far&,const TCommandSet far&)
 05DA:0347       operator delete(void far*)
 0822:0229       operator ==(const TCommandSet far&,const TCommandSet far&)
 1313:0062       operator ==(const TPoint far&,const TPoint far&)
 10C4:12D2 idle  operator <<(opstream far&,double)
 10C4:12B1 idle  operator <<(opstream far&,float)
 10C4:1239       operator <<(opstream far&,int)
 10C4:126F       operator <<(opstream far&,long)
 10C4:12F3 idle  operator <<(opstream far&,TStreamable far&)
 10C4:133A       operator <<(opstream far&,TStreamable far*)
 10C4:1203       operator <<(opstream far&,short)
 10C4:11E7       operator <<(opstream far&,unsigned char)
 10C4:1254 idle  operator <<(opstream far&,unsigned int)
 10C4:1290 idle  operator <<(opstream far&,unsigned long)
 10C4:121E       operator <<(opstream far&,unsigned short)
 10C4:11CB       operator <<(opstream far&,char)
 1313:008C       operator !=(const TPoint far&,const TPoint far&)
 05DA:0263       operator new(unsigned int)
 0822:01C4 idle  operator |(const TCommandSet far&,const TCommandSet far&)
 10C4:0B7D idle  operator >>(ipstream far&,TStreamable far&)
 10C4:0B5B idle  operator >>(ipstream far&,double far&)
 10C4:0B39 idle  operator >>(ipstream far&,float far&)
 10C4:0ABB       operator >>(ipstream far&,int far&)
 10C4:0AF5       operator >>(ipstream far&,long far&)
 10C4:0BC5       operator >>(ipstream far&,void far*far&)
 10C4:0A81       operator >>(ipstream far&,short far&)
 10C4:0A64       operator >>(ipstream far&,unsigned char far&)
 10C4:0AD8 idle  operator >>(ipstream far&,unsigned int far&)
 10C4:0B17 idle  operator >>(ipstream far&,unsigned long far&)
 10C4:0A9E       operator >>(ipstream far&,unsigned short far&)
 10C4:0A47       operator >>(ipstream far&,char far&)
 1313:0002       operator -(const TPoint far&,const TPoint far&)
 0B1B:02FA idle  addSubviewDataSize(TView far*,void far*)
 0506:0019 idle  advanceStringPointer()
 08CB:0415 idle  calcTileRect(short,const TRect far&)
 0506:02E9 idle  clearHistory()
 04D9:0062       cstrlen(const char far*)
 04D9:0005       ctrlToArrow(unsigned short)
 0506:008C idle  deleteString()
 09E2:037E idle  DirSearchRec::operator new(unsigned int)
 08CB:03E9 idle  dividerLoc(int,int,int,int)
 0B1B:01CC idle  doCalcChange(TView far*,void far*)
 08CB:0166 idle  doCascade(TView far*,void far*)
 08CB:0132 idle  doCount(TView far*,void far*)
 08CB:03C2 idle  doCountTileable(TView far*,void far*)
 0506:037F       doneHistory()
 08CB:054A idle  doTile(TView far*,void far*)
 09E2:0858       fexpand(char far*)
 0000:3889       filebuf::filebuf(int)
 0000:39DA idle  filebuf::filebuf(int,unsigned char far*,int)
 0000:3969       filebuf::filebuf(int,char far*,int)
 0000:37AA       filebuf::filebuf()
 0000:3A4B       filebuf::~filebuf()
 0000:3611       filebuf::attach(int)
 0000:3704       filebuf::close()
 0000:3C04       filebuf::open(const char far*,int,int)
 190F:23CA idle  filebuf::openprot
 0000:3AB3       filebuf::overflow(int)
 0000:3E21       filebuf::seekoff(long,seek_dir,int)
 0000:3D65       filebuf::setbuf(char far*,int)
 0000:3FD6       filebuf::sync()
 0000:4170       filebuf::underflow()
 190F:12E0       fpbase::
 10C4:178E idle  fpbase::fpbase(int)
 10C4:1818 idle  fpbase::fpbase(int,char far*,int)
 10C4:16EE idle  fpbase::fpbase(const char far*,int,int)
 10C4:1668 idle  fpbase::fpbase()
 10C4:18AB idle  fpbase::~fpbase()
 10C4:2426       fpbase::
 10C4:195D idle  fpbase::attach(int)
 10C4:19A9 idle  fpbase::close()
 10C4:1911 idle  fpbase::open(const char far*,int,int)
 10C4:1A30 idle  fpbase::rdbuf()
 10C4:19E5 idle  fpbase::setbuf(char far*,int)
 190F:12B8       fpstream::
 10C4:21C7 idle  fpstream::fpstream(int)
 10C4:226D idle  fpstream::fpstream(int,char far*,int)
 10C4:2111 idle  fpstream::fpstream(const char far*,int,int)
 10C4:206E idle  fpstream::fpstream()
 10C4:231F idle  fpstream::~fpstream()
 10C4:23D2       fpstream::
 10C4:23B0 idle  fpstream::open(const char far*,int,int)
 10C4:239F idle  fpstream::rdbuf()
 17B5:0005       getAltChar(unsigned short)
 17B5:004D       getAltCode(char)
 131E:09EA       hasMouse(TView far*,void far*)
 0506:025A idle  historyAdd(unsigned char,const char far*)
 0506:0236       historyCount(unsigned char)
 0506:02B2       historyStr(unsigned char,int)
 0506:000B idle  HistRec::operator new(unsigned int)
 0506:0000 idle  HistRec::operator new(unsigned int,HistRec far*)
 0CA2:000C       hotKey(const char far*)
 190F:12D4       ifpstream::
 10C4:1B74 idle  ifpstream::ifpstream(int)
 10C4:1C0A idle  ifpstream::ifpstream(int,char far*,int)
 10C4:1AD1 idle  ifpstream::ifpstream(const char far*,int,int)
 10C4:1A3E idle  ifpstream::ifpstream()
 10C4:1CA9 idle  ifpstream::~ifpstream()
 10C4:240E       ifpstream::
 10C4:1D34 idle  ifpstream::open(const char far*,int,int)
 10C4:1D23 idle  ifpstream::rdbuf()
 0506:0369       initHistory()
 0571:033D idle  inputBox(const char far*,const char far*,char far*,unsigned char)
 0571:03AA idle  inputBoxRect(const TRect far&,const char far*,const char far*,char far*,unsigned char)
 0506:00EA idle  insertString(unsigned char,const char far*)
 06F6:01C2 idle  Int11trap::Int11trap()
 06F6:020E idle  Int11trap::~Int11trap()
 06F6:0247 idle  Int11trap::handler()
 190F:0652 idle  Int11trap::oldHandler
 190F:12E8       iopstream::
 10C4:14B4 idle  iopstream::iopstream(streambuf far*)
 10C4:15D5 idle  iopstream::iopstream()
 10C4:155B idle  iopstream::~iopstream()
 10C4:2432       iopstream::
 190F:12FC       ipstream::
 10C4:06E5 idle  ipstream::ipstream(streambuf far*)
 10C4:0CAF idle  ipstream::ipstream()
 10C4:0766 idle  ipstream::~ipstream()
 10C4:2456       ipstream::
 10C4:0E0F idle  ipstream::find(unsigned int)
 10C4:08AC idle  ipstream::readByte()
 10C4:093E       ipstream::readBytes(void far*,unsigned int)
 10C4:0D85 idle  ipstream::readData(const TStreamableClass far*,TStreamable far*)
 10C4:0D1C idle  ipstream::readPrefix()
 10C4:09CC       ipstream::readString(char far*,unsigned int)
 10C4:0962       ipstream::readString()
 10C4:0DD3 idle  ipstream::readSuffix()
 10C4:0912 idle  ipstream::readWord()
 10C4:0E28 idle  ipstream::registerObject(const void far*)
 10C4:0812 idle  ipstream::seekg(long)
 10C4:085F idle  ipstream::seekg(long,seek_dir)
 10C4:07E7 idle  ipstream::tellg()
 0B1B:0FD0 idle  isInvalid(TView far*,void far*)
 08CB:0336 idle  iSqr(short)
 056B:005C       lowMemory()
 056B:0009       message(TView far*,unsigned short,unsigned short,void far*)
 0571:02C7       messageBox(const char far*,unsigned short)
 0571:02F1 idle  messageBox(unsigned short,const char far*,...)
 0571:0002 idle  messageBoxRect(const TRect far&,const char far*,unsigned short)
 0571:0217 idle  messageBoxRect(const TRect far&,unsigned short,const char far*,...)
 08CB:0379 idle  mostEqualDivisors(short,short far&,short far&)
 190F:192F       MsgBoxText::cancelText
 190F:193F       MsgBoxText::confirmText
 190F:1937       MsgBoxText::errorText
 190F:193B       MsgBoxText::informationText
 190F:1927       MsgBoxText::noText
 190F:192B       MsgBoxText::okText
 190F:1933       MsgBoxText::warningText
 190F:1923       MsgBoxText::yesText
 048D:0346       newLine()
 0616:0002       newStr(const char far*)
 190F:12C8       ofpstream::
 10C4:1E8C idle  ofpstream::ofpstream(int)
 10C4:1F22 idle  ofpstream::ofpstream(int,char far*,int)
 10C4:1DE9 idle  ofpstream::ofpstream(const char far*,int,int)
 10C4:1D56 idle  ofpstream::ofpstream()
 10C4:1FC1 idle  ofpstream::~ofpstream()
 10C4:23F6       ofpstream::
 10C4:204C idle  ofpstream::open(const char far*,int,int)
 10C4:203B idle  ofpstream::rdbuf()
 190F:12F4       opstream::
 10C4:0EBA idle  opstream::opstream(streambuf far*)
 10C4:0E44 idle  opstream::opstream()
 10C4:0F41 idle  opstream::~opstream()
 10C4:244A       opstream::
 10C4:147A idle  opstream::find(const void far*)
 10C4:1094 idle  opstream::flush()
 10C4:1497 idle  opstream::registerObject(const void far*)
 10C4:0FD0 idle  opstream::seekp(long)
 10C4:101B idle  opstream::seekp(long,seek_dir)
 10C4:1066 idle  opstream::tellp()
 10C4:10B9 idle  opstream::writeByte(unsigned char)
 10C4:1128       opstream::writeBytes(const void far*,unsigned int)
 10C4:13F6 idle  opstream::writeData(TStreamable far&)
 10C4:13C2 idle  opstream::writePrefix(const TStreamable far&)
 10C4:1170       opstream::writeString(const char far*)
 10C4:1465 idle  opstream::writeSuffix(const TStreamable far&)
 10C4:114C idle  opstream::writeWord(unsigned short)
 190F:1304       pstream::
 10C4:0524 idle  pstream::pstream(streambuf far*)
 10C4:0674 idle  pstream::pstream()
 10C4:0565 idle  pstream::~pstream()
 10C4:0653 idle  pstream::operator !() const
 10C4:0632 idle  pstream::operator void far*() const
 10C4:05D7 idle  pstream::bad() const
 10C4:05FC idle  pstream::clear(int)
 10C4:05B9 idle  pstream::eof() const
 10C4:06A3 idle  pstream::error(StreamableError)
 10C4:06AD idle  pstream::error(StreamableError,const TStreamable far&)
 10C4:05C8 idle  pstream::fail() const
 10C4:05E6 idle  pstream::good() const
 10C4:06B7 idle  pstream::init(streambuf far*)
 10C4:058E idle  pstream::initTypes()
 10C4:0664 idle  pstream::rdbuf() const
 10C4:05AD idle  pstream::rdstate() const
 10C4:0618 idle  pstream::registerType(TStreamableClass far*)
 10C4:06D3 idle  pstream::setstate(int)
 190F:0634       pstream::types
 09E2:07E8 idle  squeeze(char far*)
 0506:021D idle  startId(unsigned char)
 0000:4370       streambuf::streambuf()
 0000:455B       streambuf::~streambuf()
 0000:4326       streambuf::doallocate()
 0000:440B       streambuf::do_sgetn(char far*,int)
 0000:44BA       streambuf::do_sputn(const char far*,int)
 0000:459E       streambuf::overflow(int)
 0000:45A6       streambuf::pbackfail(int)
 0000:47B4       streambuf::seekoff(long,seek_dir,int)
 0000:47BF       streambuf::seekpos(long,int)
 0000:45DA       streambuf::setb(char far*,char far*,int)
 0000:45AE       streambuf::setbuf(char far*,int)
 0000:4689       streambuf::setg(char far*,char far*,char far*)
 0000:46F3       streambuf::setp(char far*,char far*)
 0000:473F       streambuf::sgetn(char far*,int)
 0000:47E2       streambuf::sputn(const char far*,int)
 0000:4857       streambuf::sync()
 0000:48A3       streambuf::underflow()
 190F:065A       TApplication::
 0748:0006       TApplication::TApplication()
 0748:0092       TApplication::~TApplication()
 0748:017D       TApplication::
 0748:00F3       TApplication::resume()
 0748:00DF       TApplication::suspend()
 190F:06E5       TBackground::
 0762:0056 idle  TBackground::TBackground(StreamableInit)
 0762:0001       TBackground::TBackground(const TRect far&,char)
 0762:01E3       TBackground::~TBackground()
 0762:0227       TBackground::
 0762:0196 idle  TBackground::build()
 0762:009C idle  TBackground::draw()
 0762:0105 idle  TBackground::getPalette() const
 190F:033E       TBackground::name
 0762:015F idle  TBackground::read(ipstream far&)
 0762:021B       TBackground::streamableName() const
 0762:0130 idle  TBackground::write(opstream far&)
 05DA:0009 idle  TBufListEntry::TBufListEntry(void far*far&)
 05DA:0124 idle  TBufListEntry::operator delete(void far*)
 05DA:007F idle  TBufListEntry::~TBufListEntry()
 05DA:011B idle  TBufListEntry::operator new(unsigned int)
 05DA:0105 idle  TBufListEntry::operator new(unsigned int,unsigned int)
 190F:0256 idle  TBufListEntry::bufList
 05DA:0136 idle  TBufListEntry::freeHead()
 190F:075C       TButton::
 0786:000B       TButton::TButton(const TRect far&,const char far*,unsigned short,unsigned short)
 0786:00B0 idle  TButton::~TButton()
 0786:09A9       TButton::
 0786:091D idle  TButton::build()
 0786:0103 idle  TButton::draw()
 0786:01D7 idle  TButton::drawState(Boolean)
 0786:0119 idle  TButton::drawTitle(TDrawBuffer far&,int,int,unsigned short,Boolean)
 0786:043F idle  TButton::getPalette() const
 0786:046A idle  TButton::handleEvent(TEvent far&)
 0786:0701 idle  TButton::makeDefault(Boolean)
 190F:17E9       TButton::markers
 190F:034E       TButton::name
 0786:0796 idle  TButton::press()
 0786:087A idle  TButton::read(ipstream far&)
 0786:0750 idle  TButton::setState(unsigned short,Boolean)
 190F:17E5       TButton::shadows
 0786:099D       TButton::streamableName() const
 0786:0816 idle  TButton::write(opstream far&)
 190F:1943 idle  TChDirDialog::changeDirTitle
 190F:1953 idle  TChDirDialog::chdirText
 190F:1947 idle  TChDirDialog::dirNameText
 190F:194B idle  TChDirDialog::dirTreeText
 190F:195F idle  TChDirDialog::drivesText
 190F:195B idle  TChDirDialog::helpText
 190F:1963 idle  TChDirDialog::invalidText
 190F:194F idle  TChDirDialog::okText
 190F:1957 idle  TChDirDialog::revertText
 190F:17D7 idle  TCheckBoxes::button
 190F:07D8       TCollection::
 0846:0770       TCollection::TCollection(StreamableInit)
 0846:07E5       TCollection::~TCollection()
 0846:0829       TCollection::
 190F:035A       TCollection::name
 0846:06C4       TCollection::read(ipstream far&)
 0846:07D9       TCollection::streamableName() const
 0846:0646       TCollection::write(opstream far&)
 190F:17BD idle  TColorDialog::bakText
 190F:17CD idle  TColorDialog::cancelText
 190F:17AD idle  TColorDialog::colors
 190F:17C5 idle  TColorDialog::colorText
 190F:17B9 idle  TColorDialog::forText
 190F:17B1 idle  TColorDialog::groupText
 190F:17B5 idle  TColorDialog::itemText
 190F:17C9 idle  TColorDialog::okText
 190F:17C1 idle  TColorDialog::textText
 190F:1798 idle  TColorSelector::icon
 0822:0043       TCommandSet::TCommandSet(const TCommandSet far&)
 0822:000D       TCommandSet::TCommandSet()
 0822:0138 idle  TCommandSet::operator &=(const TCommandSet far&)
 0822:015B idle  TCommandSet::operator |=(const TCommandSet far&)
 0822:00B0       TCommandSet::disableCmd(int)
 0822:00F4       TCommandSet::disableCmd(const TCommandSet far&)
 0822:0113       TCommandSet::enableCmd(int)
 0822:00D7       TCommandSet::enableCmd(const TCommandSet far&)
 0822:0082       TCommandSet::has(int)
 0822:020A       TCommandSet::isEmpty()
 190F:07C8 idle  TCommandSet::masks
 08CB:0009 idle  TDeskInit::TDeskInit(TBackground far*(far*)(TRect))
 190F:0850       TDeskTop::
 08CB:06A0 idle  TDeskTop::TDeskTop(StreamableInit)
 08CB:0040       TDeskTop::TDeskTop(const TRect far&)
 08CB:0713       TDeskTop::~TDeskTop()
 08CB:0759       TDeskTop::
 08CB:066A idle  TDeskTop::build()
 08CB:01DF idle  TDeskTop::cascade(const TRect far&)
 190F:1A03       TDeskTop::defaultBkgrnd
 08CB:02A5 idle  TDeskTop::handleEvent(TEvent far&)
 08CB:031A idle  TDeskTop::initBackground(TRect)
 190F:0376       TDeskTop::name
 08CB:0113 idle  TDeskTop::shutDown()
 08CB:074D       TDeskTop::streamableName() const
 08CB:059F idle  TDeskTop::tile(const TRect far&)
 08CB:0665 idle  TDeskTop::tileError()
 190F:08E6       TDialog::
 0942:01FC idle  TDialog::TDialog(StreamableInit)
 0942:000D       TDialog::TDialog(const TRect far&,const char far*)
 0942:028D       TDialog::~TDialog()
 0942:02D1       TDialog::
 0942:01C6 idle  TDialog::build()
 0942:009D idle  TDialog::getPalette() const
 0942:00C8 idle  TDialog::handleEvent(TEvent far&)
 190F:036A       TDialog::name
 0942:02C5       TDialog::streamableName() const
 0942:01A5 idle  TDialog::valid(unsigned short)
 190F:17FD idle  TDirListBox::drives
 190F:17F1 idle  TDirListBox::firstDir
 190F:1801 idle  TDirListBox::graphics
 190F:17F9 idle  TDirListBox::lastDir
 190F:17F5 idle  TDirListBox::middleDir
 190F:17ED idle  TDirListBox::pathDir
 13C2:0027 idle  TDisplay::clearScreen(unsigned char,unsigned char)
 190F:14FE idle  TDisplay::crtInfo
 190F:1502 idle  TDisplay::crtRows
 190F:14FA idle  TDisplay::equipment
 13C2:0060 idle  TDisplay::getCols()
 13C2:006B idle  TDisplay::getCrtMode()
 13C2:000C       TDisplay::getCursorType()
 13C2:0049 idle  TDisplay::getRows()
 13C2:0087 idle  TDisplay::setCrtMode(unsigned short)
 13C2:0018       TDisplay::setCursorType(unsigned short)
 17B1:0036       TDisplay::updateIntlChars()
 13C2:0042 idle  TDisplay::videoInt()
 04CA:0008       TDrawBuffer::moveBuf(unsigned short,const void far*,unsigned short,unsigned short)
 04CA:0048       TDrawBuffer::moveChar(unsigned short,char,unsigned short,unsigned short)
 04CA:0085       TDrawBuffer::moveCStr(unsigned short,const char far*,unsigned short)
 04CA:00C1       TDrawBuffer::moveStr(unsigned short,const char far*,unsigned short)
 190F:1913 idle  TEditWindow::clipboardTitle
 190F:1917 idle  TEditWindow::untitled
 0971:033B       TEvent::getKeyEvent()
 0971:0005       TEventQueue::TEventQueue()
 0971:00C9       TEventQueue::~TEventQueue()
 190F:0A08 idle  TEventQueue::autoDelay
 190F:0A06 idle  TEventQueue::autoTicks
 190F:0A11       TEventQueue::curMouse
 190F:0A02 idle  TEventQueue::doubleDelay
 190F:0A18       TEventQueue::downMouse
 190F:0A1F idle  TEventQueue::downTicks
 190F:09FC idle  TEventQueue::eventCount
 190F:09EE idle  TEventQueue::eventQHead
 190F:09F2 idle  TEventQueue::eventQTail
 190F:095E idle  TEventQueue::eventQueue
 0971:00F2       TEventQueue::getMouseEvent(TEvent far&)
 0971:021E idle  TEventQueue::getMouseState(TEvent far&)
 190F:0A0A       TEventQueue::lastMouse
 190F:0656       TEventQueue::mouse
 190F:09FE idle  TEventQueue::mouseEvents
 0971:02A0 idle  TEventQueue::mouseInt()
 190F:09F6       TEventQueue::mouseIntFlag
 190F:0A00 idle  TEventQueue::mouseReverse
 190F:0A04 idle  TEventQueue::repeatDelay
 0971:0031       TEventQueue::resume()
 0971:00C3       TEventQueue::suspend()
 190F:09F8 idle  TEventQueue::Ticks
 190F:0A28       TFileCollection::
 09A7:023E       TFileCollection::~TFileCollection()
 09A7:02E4       TFileCollection::
 09A7:00BD idle  TFileCollection::build()
 09A7:0003       TFileCollection::compare(void far*,void far*)
 09A7:02D2       TFileCollection::freeItem(void far*)
 09A7:02A0       TFileCollection::indexOf(TSearchRec far*)
 09A7:02B9       TFileCollection::insert(TSearchRec far*)
 190F:0384       TFileCollection::name
 09A7:01CB       TFileCollection::readItem(ipstream far&)
 09A7:0294       TFileCollection::streamableName() const
 09A7:0164       TFileCollection::writeItem(void far*,opstream far&)
 190F:197B idle  TFileDialog::cancelText
 190F:1977 idle  TFileDialog::clearText
 190F:1967 idle  TFileDialog::filesText
 190F:197F idle  TFileDialog::helpText
 190F:1983 idle  TFileDialog::invalidDriveText
 190F:1987 idle  TFileDialog::invalidFileText
 190F:196F idle  TFileDialog::okText
 190F:196B idle  TFileDialog::openText
 190F:1973 idle  TFileDialog::replaceText
 190F:1805 idle  TFileEditor::backupExt
 190F:0547       TFileInfoPane::
 0648:04C0 idle  TFileInfoPane::TFileInfoPane(const TRect far&)
 0648:09D4       TFileInfoPane::~TFileInfoPane()
 0648:0A18       TFileInfoPane::
 190F:198F       TFileInfoPane::amText
 0648:0954 idle  TFileInfoPane::build()
 0648:050F idle  TFileInfoPane::draw()
 0648:08D8 idle  TFileInfoPane::getPalette() const
 0648:0903 idle  TFileInfoPane::handleEvent(TEvent far&)
 190F:1993       TFileInfoPane::months
 190F:0460       TFileInfoPane::name
 190F:198B       TFileInfoPane::pmText
 0648:0A0C       TFileInfoPane::streamableName() const
 190F:04C4       TFileInputLine::
 0636:0000 idle  TFileInputLine::TFileInputLine(StreamableInit)
 0648:0006 idle  TFileInputLine::TFileInputLine(const TRect far&,short)
 0636:009C       TFileInputLine::~TFileInputLine()
 0636:00E0       TFileInputLine::
 0636:0046 idle  TFileInputLine::build()
 0648:005D       TFileInputLine::handleEvent(TEvent far&)
 190F:0458       TFileInputLine::name
 0636:00D4       TFileInputLine::streamableName() const
 190F:0B6D       TFileList::
 09E2:0000 idle  TFileList::TFileList(const TRect far&,TScrollBar far*)
 09E2:0053 idle  TFileList::~TFileList()
 09E2:0BA6       TFileList::
 09E2:099E idle  TFileList::build()
 09E2:0203 idle  TFileList::dataSize()
 09E2:0183 idle  TFileList::focusItem(short)
 09E2:01F9 idle  TFileList::getData(void far*)
 09E2:020A idle  TFileList::getKey(const char far*)
 09E2:0252 idle  TFileList::getText(char far*,short,short)
 09E2:02DE idle  TFileList::handleEvent(TEvent far&)
 190F:0398       TFileList::name
 09E2:03BD idle  TFileList::readDirectory(const char far*)
 09E2:033B idle  TFileList::readDirectory(const char far*,const char far*)
 09E2:01FE idle  TFileList::setData(void far*)
 09E2:0B9A       TFileList::streamableName() const
 190F:191B       TFileList::tooManyFiles
 190F:0BFD       TFrame::
 0A9E:06A6 idle  TFrame::TFrame(StreamableInit)
 0A9E:000A       TFrame::TFrame(const TRect far&)
 0A9E:0705       TFrame::~TFrame()
 0A9E:0749       TFrame::
 0A9E:0671 idle  TFrame::build()
 190F:1782       TFrame::closeIcon
 190F:178E       TFrame::dragIcon
 0A9E:03FC idle  TFrame::dragWindow(TEvent far&,unsigned char)
 0A9E:005E idle  TFrame::draw()
 190F:1761       TFrame::frameChars
 04E1:0004       TFrame::frameLine(TDrawBuffer far&,short,short,unsigned char)
 0A9E:03D1 idle  TFrame::getPalette() const
 0A9E:04A8 idle  TFrame::handleEvent(TEvent far&)
 190F:174E       TFrame::initFrame
 190F:03A6       TFrame::name
 0A9E:0642 idle  TFrame::setState(unsigned short,Boolean)
 0A9E:073D       TFrame::streamableName() const
 190F:178A       TFrame::unZoomIcon
 190F:1786       TFrame::zoomIcon
 190F:0C6C       TGroup::
 0B1B:12FB       TGroup::TGroup(StreamableInit)
 0B1B:000E       TGroup::TGroup(const TRect far&)
 0B1B:00D0       TGroup::~TGroup()
 0B1B:1347       TGroup::
 04ED:0003       TGroup::at(short)
 0B1B:12C6 idle  TGroup::build()
 0B1B:020E       TGroup::changeBounds(const TRect far&)
 0B1B:0316       TGroup::dataSize()
 0B1B:03A3       TGroup::draw()
 0B1B:0478       TGroup::drawSubViews(TView far*,TView far*)
 0B1B:04AF       TGroup::endModal(unsigned short)
 0B1B:04D7       TGroup::eventError(TEvent far&)
 0B1B:0504       TGroup::execute()
 0B1B:0588       TGroup::execView(TView far*)
 0B1B:06D8       TGroup::first()
 0B1B:06FF idle  TGroup::firstMatch(unsigned short,unsigned short)
 04ED:003B       TGroup::firstThat(Boolean(far*)(TView far*,void far*),void far*)
 0B1B:0D02 idle  TGroup::focusView(TView far*,Boolean)
 04ED:00A5       TGroup::forEach(void(far*)(TView far*,void far*),void far*)
 0B1B:077C idle  TGroup::freeBuffer()
 0B1B:07B4 idle  TGroup::getBuffer()
 0B1B:07F3       TGroup::getData(void far*)
 0B1B:1022       TGroup::getHelpCtx()
 0B1B:0920       TGroup::handleEvent(TEvent far&)
 04ED:011C       TGroup::indexOf(TView far*)
 0B1B:0A1A       TGroup::insert(TView far*)
 0B1B:0A41 idle  TGroup::insertBefore(TView far*,TView far*)
 0B1B:0B10       TGroup::insertView(TView far*,TView far*)
 0B1B:0BBC       TGroup::lock()
 190F:03B2       TGroup::name
 0B1B:1173       TGroup::read(ipstream far&)
 0B1B:0BDC       TGroup::redraw()
 0B1B:0343       TGroup::remove(TView far*)
 0B14:000E       TGroup::removeView(TView far*)
 0B1B:0C02       TGroup::resetCurrent()
 0B1B:0C2C       TGroup::resetCursor()
 0B1B:0C52       TGroup::selectNext(Boolean)
 0B1B:0CDC idle  TGroup::selectView(TView far*,Boolean)
 0B1B:0D33       TGroup::setCurrent(TView far*,selectMode)
 0B1B:0E18       TGroup::setData(void far*)
 0B1B:0EE4       TGroup::setState(unsigned short,Boolean)
 0B1B:0112       TGroup::shutDown()
 048D:03A6       TGroup::streamableName() const
 0B1B:0FA8       TGroup::unlock()
 0B1B:0FF0       TGroup::valid(unsigned short)
 0B1B:10AC       TGroup::write(opstream far&)
 0C51:000B idle  THistInit::THistInit(TListViewer far*(far*)(TRect,TWindow far*,unsigned short))
 190F:1794 idle  THistory::icon
 190F:0D6D       THistoryViewer::
 0C79:0000       THistoryViewer::THistoryViewer(const TRect far&,TScrollBar far*,TScrollBar far*,unsigned short)
 0C79:0234       THistoryViewer::~THistoryViewer()
 0C79:0278       THistoryViewer::
 0C79:00C2 idle  THistoryViewer::getPalette() const
 0C79:00ED idle  THistoryViewer::getText(char far*,short,short)
 0C79:013C idle  THistoryViewer::handleEvent(TEvent far&)
 0C79:01C6 idle  THistoryViewer::historyWidth()
 190F:0CE5       THistoryWindow::
 0C51:0042 idle  THistoryWindow::THistoryWindow(const TRect far&,unsigned short)
 0C51:0216       THistoryWindow::~THistoryWindow()
 0C51:025C       THistoryWindow::
 0C51:014D idle  THistoryWindow::getPalette() const
 0C51:0178 idle  THistoryWindow::getSelection(char far*)
 0C51:01AA idle  THistoryWindow::initViewer(TRect,TWindow far*,unsigned short)
 10A4:0009 idle  THWMouse::THWMouse()
 10A4:0059 idle  THWMouse::~THWMouse()
 190F:1178       THWMouse::buttonCount
 10A4:0115       THWMouse::getEvent(MouseEventType far&)
 190F:1179 idle  THWMouse::handlerInstalled
 10A4:00D8       THWMouse::hide()
 10A4:0145       THWMouse::registerHandler(unsigned int,void(far*)())
 10A4:0035       THWMouse::resume()
 10A4:00E9       THWMouse::setRange(unsigned short,unsigned short)
 10A4:00BC       THWMouse::show()
 10A4:0083       THWMouse::suspend()
 190F:1792 idle  TIndicator::dragFrame
 190F:1793 idle  TIndicator::normalFrame
 190F:0DF4       TInputLine::
 0CA2:0BA9       TInputLine::TInputLine(StreamableInit)
 0CA2:0045       TInputLine::TInputLine(const TRect far&,int)
 0CA2:00D6       TInputLine::~TInputLine()
 0CA2:0C14       TInputLine::
 0CA2:0B74       TInputLine::build()
 0CA2:0129 idle  TInputLine::canScroll(int)
 0CA2:0172       TInputLine::dataSize()
 0CA2:0491 idle  TInputLine::deleteSelect()
 0CA2:017F       TInputLine::draw()
 0CA2:037E       TInputLine::getData(void far*)
 0CA2:03AE       TInputLine::getPalette() const
 0CA2:04DB       TInputLine::handleEvent(TEvent far&)
 190F:17D2       TInputLine::leftArrow
 0CA2:03D9 idle  TInputLine::mouseDelta(TEvent far&)
 0CA2:0421 idle  TInputLine::mousePos(TEvent far&)
 190F:03BE       TInputLine::name
 0CA2:0AAA       TInputLine::read(ipstream far&)
 190F:17D1       TInputLine::rightArrow
 0CA2:091F idle  TInputLine::selectAll(Boolean)
 0CA2:0988       TInputLine::setData(void far*)
 0CA2:09E9       TInputLine::setState(unsigned short,Boolean)
 0CA2:0C08       TInputLine::streamableName() const
 0CA2:0A2B       TInputLine::write(opstream far&)
 190F:0E66       TLabel::
 0D65:038F idle  TLabel::TLabel(StreamableInit)
 0D65:0008       TLabel::TLabel(const TRect far&,const char far*,TView far*)
 0D65:03EE       TLabel::~TLabel()
 0D65:0432       TLabel::
 0D65:035A idle  TLabel::build()
 0D65:0095 idle  TLabel::draw()
 0D65:0165 idle  TLabel::getPalette() const
 0D65:0190 idle  TLabel::handleEvent(TEvent far&)
 190F:03CE       TLabel::name
 0D65:0300 idle  TLabel::read(ipstream far&)
 0D65:0076 idle  TLabel::shutDown()
 0D65:0426       TLabel::streamableName() const
 0D65:029C idle  TLabel::write(opstream far&)
 190F:0ED2       TListBox::
 0DAA:034E       TListBox::TListBox(StreamableInit)
 0DAA:0006       TListBox::TListBox(const TRect far&,unsigned short,TScrollBar far*)
 0DAA:0079       TListBox::~TListBox()
 0DAA:03A0       TListBox::
 0DAA:0319 idle  TListBox::build()
 0DAA:00BB       TListBox::dataSize()
 0DAA:00C3       TListBox::getData(void far*)
 0DAA:00FC       TListBox::getText(char far*,short,short)
 190F:03DA       TListBox::name
 0DAA:0145       TListBox::newList(TCollection far*)
 0DAA:02C8       TListBox::read(ipstream far&)
 0DAA:020C       TListBox::setData(void far*)
 0DAA:0394       TListBox::streamableName() const
 0DAA:0264       TListBox::write(opstream far&)
 190F:0F65       TListViewer::
 0DE6:0C81       TListViewer::TListViewer(StreamableInit)
 0DE6:0004       TListViewer::TListViewer(const TRect far&,unsigned short,TScrollBar far*,TScrollBar far*)
 0DE6:0CE0       TListViewer::~TListViewer()
 0DE6:0D18       TListViewer::
 0DE6:0C4C idle  TListViewer::build()
 0DE6:00F4       TListViewer::changeBounds(const TRect far&)
 0DE6:0138       TListViewer::draw()
 0DE6:03F9       TListViewer::focusItem(short)
 0DE6:0494       TListViewer::focusItemNum(short)
 0DE6:04D1       TListViewer::getPalette() const
 0DE6:04FC idle  TListViewer::getText(char far*,short,short)
 0DE6:0520       TListViewer::handleEvent(TEvent far&)
 0DE6:0508       TListViewer::isSelected(short)
 190F:03E8       TListViewer::name
 0DE6:0B84       TListViewer::read(ipstream far&)
 0DE6:0949       TListViewer::selectItem(short)
 0DE6:096F       TListViewer::setRange(short)
 0DE6:09C1       TListViewer::setState(unsigned short,Boolean)
 0DE6:0A7D       TListViewer::shutDown()
 0C79:026C       TListViewer::streamableName() const
 0DE6:0AA8       TListViewer::write(opstream far&)
 0F74:019F       TMenu::~TMenu()
 190F:0FE2       TMenuBar::
 0EB9:046E idle  TMenuBar::TMenuBar(StreamableInit)
 0EB9:00B1       TMenuBar::TMenuBar(const TRect far&,TSubMenu far&)
 0EB9:000C       TMenuBar::TMenuBar(const TRect far&,TMenu far*)
 0EB9:019C idle  TMenuBar::~TMenuBar()
 0EB9:04C0       TMenuBar::
 0EB9:0439 idle  TMenuBar::build()
 0EB9:01F4 idle  TMenuBar::draw()
 0EB9:03A4 idle  TMenuBar::getItemRect(TMenuItem far*)
 190F:03F8       TMenuBar::name
 0EB9:04B4       TMenuBar::streamableName() const
 190F:10BE       TMenuBox::
 0F0D:05C9 idle  TMenuBox::TMenuBox(StreamableInit)
 0F0D:0130       TMenuBox::TMenuBox(const TRect far&,TMenu far*,TMenuView far*)
 0F0D:060F       TMenuBox::~TMenuBox()
 0F0D:0653       TMenuBox::
 0F0D:0594 idle  TMenuBox::build()
 0F0D:0279 idle  TMenuBox::draw()
 190F:174A       TMenuBox::frameChars
 0F0D:01F3 idle  TMenuBox::frameLine(TDrawBuffer far&,short)
 0F0D:04E6 idle  TMenuBox::getItemRect(TMenuItem far*)
 190F:0406       TMenuBox::name
 0F0D:0647       TMenuBox::streamableName() const
 0F74:00B2 idle  TMenuItem::TMenuItem(const char far*,unsigned short,TMenu far*,unsigned short,TMenuItem far*)
 0F74:0007       TMenuItem::TMenuItem(const char far*,unsigned short,unsigned short,unsigned short,char far*,TMenuItem far*)
 0F74:0136 idle  TMenuItem::~TMenuItem()
 190F:104E       TMenuView::
 0F74:12AA       TMenuView::TMenuView(StreamableInit)
 0EB9:04E4       TMenuView::~TMenuView()
 0EB9:0528       TMenuView::
 0F74:1275 idle  TMenuView::build()
 0F74:0CBD idle  TMenuView::do_a_select(TEvent far&)
 0F74:0496       TMenuView::execute()
 0F74:0E92 idle  TMenuView::findHotKey(TMenuItem far*,unsigned short)
 0F74:0AB3 idle  TMenuView::findItem(char)
 0F74:0BAD       TMenuView::getHelpCtx()
 0F74:0B45       TMenuView::getItemRect(TMenuItem far*)
 0F74:0C11       TMenuView::getPalette() const
 0F74:0D4D       TMenuView::handleEvent(TEvent far&)
 0F74:0F1D idle  TMenuView::hotKey(unsigned short)
 0F74:040C idle  TMenuView::mouseInMenus(TEvent far&)
 0F74:0375 idle  TMenuView::mouseInOwner(TEvent far&)
 190F:0414       TMenuView::name
 0F74:0F40 idle  TMenuView::newSubView(const TRect far&,TMenu far*,TMenuView far*)
 0F74:02A4 idle  TMenuView::nextItem()
 0F74:02DC idle  TMenuView::prevItem()
 0F74:1227       TMenuView::read(ipstream far&)
 0F74:1086 idle  TMenuView::readMenu(ipstream far&)
 0EB9:051C       TMenuView::streamableName() const
 0F74:0460 idle  TMenuView::topMenu()
 0F74:0334 idle  TMenuView::trackKey(Boolean)
 0F74:020A idle  TMenuView::trackMouse(TEvent far&)
 0F74:0C3C idle  TMenuView::updateMenu(TMenu far*)
 0F74:1055       TMenuView::write(opstream far&)
 0F74:0F65 idle  TMenuView::writeMenu(opstream far&,TMenu far*)
 190F:1799 idle  TMonoSelector::button
 190F:17A1 idle  TMonoSelector::highlight
 190F:17A9 idle  TMonoSelector::inverse
 190F:179D idle  TMonoSelector::normal
 190F:17A5 idle  TMonoSelector::underline
 10A4:0170       TMouse::TMouse()
 10A4:01A7       TMouse::~TMouse()
 190F:00F4       TMyApp::
 048D:0006 idle  TMyApp::TMyApp()
 048D:036B       TMyApp::~TMyApp()
 048D:03B4       TMyApp::
 048D:012F idle  TMyApp::initMenuBar(TRect)
 048D:0087 idle  TMyApp::initStatusLine(TRect)
 190F:0820       TNSCollection::
 0846:000F       TNSCollection::TNSCollection(int,int)
 0846:0078       TNSCollection::TNSCollection()
 0846:00DC       TNSCollection::~TNSCollection()
 0846:0165       TNSCollection::at(int)
 0846:0202 idle  TNSCollection::atFree(int)
 0846:024B       TNSCollection::atInsert(int,void far*)
 0846:02DF idle  TNSCollection::atPut(int,void far*)
 0846:01A0 idle  TNSCollection::atRemove(int)
 0846:0355 idle  TNSCollection::error(int,int)
 0846:0367 idle  TNSCollection::firstThat(Boolean(far*)(void far*,void far*),void far*)
 0846:0419 idle  TNSCollection::forEach(void(far*)(void far*,void far*),void far*)
 0846:0450 idle  TNSCollection::free(void far*)
 0846:0480 idle  TNSCollection::freeAll()
 0846:04BD       TNSCollection::freeItem(void far*)
 0846:04CF       TNSCollection::indexOf(void far*)
 0846:0513       TNSCollection::insert(void far*)
 0846:03BF idle  TNSCollection::lastThat(Boolean(far*)(void far*,void far*),void far*)
 0846:053C idle  TNSCollection::pack()
 0846:031C idle  TNSCollection::remove(void far*)
 0846:0347       TNSCollection::removeAll()
 0846:05A5       TNSCollection::setLimit(int)
 0846:0129       TNSCollection::shutDown()
 190F:0AD5       TNSSortedCollection::
 09E2:0A10       TNSSortedCollection::~TNSSortedCollection()
 09E2:0A54       TNSSortedCollection::
 148A:0002       TNSSortedCollection::indexOf(void far*)
 148A:0095       TNSSortedCollection::insert(void far*)
 148A:00FA       TNSSortedCollection::keyOf(void far*)
 148A:0105       TNSSortedCollection::search(void far*,int far&)
 190F:0838       TObject::
 10C2:0000       TObject::~TObject()
 10C2:0029       TObject::shutDown()
 061A:010E idle  TPalette::operator =(const TPalette far&)
 061A:006F idle  TPalette::TPalette(const TPalette far&)
 061A:000D       TPalette::TPalette(const char far*,unsigned short)
 061A:00D8       TPalette::~TPalette()
 061A:01AE       TPalette::operator [](int) const
 190F:1308       TPReadObjects::
 10C4:0438 idle  TPReadObjects::TPReadObjects()
 10C4:0480 idle  TPReadObjects::~TPReadObjects()
 10C4:050E idle  TPReadObjects::find(unsigned int)
 10C4:04BC idle  TPReadObjects::registerObject(const void far*)
 131E:0006       TProgInit::TProgInit(TStatusLine far*(far*)(TRect),TMenuBar far*(far*)(TRect),[]far*)
 190F:1476       TProgram::
 131E:0059       TProgram::TProgram()
 131E:0240       TProgram::~TProgram()
 131E:0A28       TProgram::
 190F:138C idle  TProgram::application
 190F:1390 idle  TProgram::appPalette
 190F:1388       TProgram::deskTop
 190F:191F       TProgram::exitText
 131E:02C8       TProgram::getEvent(TEvent far&)
 131E:0385       TProgram::getPalette() const
 131E:03FD       TProgram::handleEvent(TEvent far&)
 131E:04A7       TProgram::idle()
 131E:04ED       TProgram::initDeskTop(TRect)
 131E:050C       TProgram::initMenuBar(TRect)
 131E:052F       TProgram::initScreen()
 131E:0594       TProgram::initStatusLine(TRect)
 190F:1384 idle  TProgram::menuBar
 131E:07B5       TProgram::outOfMemory()
 190F:1392       TProgram::pending
 131E:07BA       TProgram::putEvent(TEvent far&)
 131E:0A23       TProgram::resume()
 131E:07D2       TProgram::run()
 131E:07E8 idle  TProgram::setScreenMode(unsigned short)
 131E:0292       TProgram::shutDown()
 190F:1380 idle  TProgram::statusLine
 131E:0A1E       TProgram::suspend()
 131E:08B7 idle  TProgram::validView(TView far*)
 10C4:03FA idle  TPWObj::TPWObj(const void far*,unsigned int)
 190F:1320       TPWrittenObjects::
 10C4:01EF idle  TPWrittenObjects::TPWrittenObjects()
 10C4:02B1 idle  TPWrittenObjects::~TPWrittenObjects()
 10C4:2462       TPWrittenObjects::
 10C4:03AE idle  TPWrittenObjects::compare(void far*,void far*)
 10C4:0355 idle  TPWrittenObjects::find(const void far*)
 10C4:039F idle  TPWrittenObjects::keyOf(void far*)
 10C4:030E idle  TPWrittenObjects::registerObject(const void far*)
 190F:1746 idle  TRadioButtons::button
 13C2:00ED       TScreen::TScreen()
 13C2:014F       TScreen::~TScreen()
 190F:1510       TScreen::checkSnow
 13C2:0212 idle  TScreen::clearScreen()
 190F:1516       TScreen::cursorLines
 13C2:0197 idle  TScreen::fixCrtMode(unsigned short)
 190F:150E idle  TScreen::hiResScreen
 13C2:012C       TScreen::resume()
 190F:1512       TScreen::screenBuffer
 190F:150D       TScreen::screenHeight
 190F:150A       TScreen::screenMode
 190F:150C       TScreen::screenWidth
 13C2:01AD idle  TScreen::setCrtData()
 13C2:0221       TScreen::setVideoMode(unsigned short)
 190F:1508 idle  TScreen::startupCursor
 190F:1506 idle  TScreen::startupMode
 13C2:0179       TScreen::suspend()
 190F:1531       TScrollBar::
 13E5:098A idle  TScrollBar::TScrollBar(StreamableInit)
 13E5:0008       TScrollBar::TScrollBar(const TRect far&)
 13E5:09EA       TScrollBar::~TScrollBar()
 13E5:0A2E       TScrollBar::
 13E5:0955 idle  TScrollBar::build()
 13E5:00A8 idle  TScrollBar::draw()
 13E5:00C9 idle  TScrollBar::drawPos(short)
 13E5:0202 idle  TScrollBar::getPalette() const
 13E5:02B0 idle  TScrollBar::getPartCode()
 13E5:022D idle  TScrollBar::getPos()
 13E5:0288 idle  TScrollBar::getSize()
 13E5:0331 idle  TScrollBar::handleEvent(TEvent far&)
 190F:17E0       TScrollBar::hChars
 190F:0438       TScrollBar::name
 13E5:08B2 idle  TScrollBar::read(ipstream far&)
 13E5:06E3 idle  TScrollBar::scrollDraw()
 13E5:0709 idle  TScrollBar::scrollStep(short)
 13E5:0735       TScrollBar::setParams(short,short,short,short,short)
 13E5:07C0       TScrollBar::setRange(short,short)
 13E5:07E5       TScrollBar::setStep(short,short)
 13E5:080A       TScrollBar::setValue(short)
 13E5:0A22       TScrollBar::streamableName() const
 190F:17DB       TScrollBar::vChars
 13E5:0830 idle  TScrollBar::write(opstream far&)
 190F:0B05       TSortedCollection::
[...]
 10C4:2111 idle  fpstream::fpstream(const char far*,int,int)
 10C4:21C7 idle  fpstream::fpstream(int)
 10C4:226D idle  fpstream::fpstream(int,char far*,int)
 10C4:231F idle  fpstream::~fpstream()
 10C4:239F idle  fpstream::rdbuf()
 10C4:23B0 idle  fpstream::open(const char far*,int,int)
 10C4:23D2       fpstream::
 10C4:23F6       ofpstream::
 10C4:240E       ifpstream::
 10C4:2426       fpbase::
 10C4:2432       iopstream::
 10C4:244A       opstream::
 10C4:2456       ipstream::
 10C4:2462       TPWrittenObjects::
 10C4:24AA       TStreamableTypes::
 1313:0002       operator -(const TPoint far&,const TPoint far&)
 1313:0032       operator +(const TPoint far&,const TPoint far&)
 1313:0062       operator ==(const TPoint far&,const TPoint far&)
 1313:008C       operator !=(const TPoint far&,const TPoint far&)
 131E:0006       TProgInit::TProgInit(TStatusLine far*(far*)(TRect),TMenuBar far*(far*)(TRect),[]far*)
 131E:0059       TProgram::TProgram()
 131E:0240       TProgram::~TProgram()
 131E:0292       TProgram::shutDown()
 131E:02C8       TProgram::getEvent(TEvent far&)
 131E:0385       TProgram::getPalette() const
 131E:03FD       TProgram::handleEvent(TEvent far&)
 131E:04A7       TProgram::idle()
 131E:04ED       TProgram::initDeskTop(TRect)
 131E:050C       TProgram::initMenuBar(TRect)
 131E:052F       TProgram::initScreen()
 131E:0594       TProgram::initStatusLine(TRect)
 131E:07B5       TProgram::outOfMemory()
 131E:07BA       TProgram::putEvent(TEvent far&)
 131E:07D2       TProgram::run()
 131E:07E8 idle  TProgram::setScreenMode(unsigned short)
 131E:08B7 idle  TProgram::validView(TView far*)
 131E:09EA       hasMouse(TView far*,void far*)
 131E:0A1E       TProgram::suspend()
 131E:0A23       TProgram::resume()
 131E:0A28       TProgram::
 13C2:000C       TDisplay::getCursorType()
 13C2:0018       TDisplay::setCursorType(unsigned short)
 13C2:0027 idle  TDisplay::clearScreen(unsigned char,unsigned char)
 13C2:0042 idle  TDisplay::videoInt()
 13C2:0049 idle  TDisplay::getRows()
 13C2:0060 idle  TDisplay::getCols()
 13C2:006B idle  TDisplay::getCrtMode()
 13C2:0087 idle  TDisplay::setCrtMode(unsigned short)
 13C2:00ED       TScreen::TScreen()
 13C2:012C       TScreen::resume()
 13C2:014F       TScreen::~TScreen()
 13C2:0179       TScreen::suspend()
 13C2:0197 idle  TScreen::fixCrtMode(unsigned short)
 13C2:01AD idle  TScreen::setCrtData()
 13C2:0212 idle  TScreen::clearScreen()
 13C2:0221       TScreen::setVideoMode(unsigned short)
 13E5:0008       TScrollBar::TScrollBar(const TRect far&)
 13E5:00A8 idle  TScrollBar::draw()
 13E5:00C9 idle  TScrollBar::drawPos(short)
 13E5:0202 idle  TScrollBar::getPalette() const
 13E5:022D idle  TScrollBar::getPos()
 13E5:0288 idle  TScrollBar::getSize()
 13E5:02B0 idle  TScrollBar::getPartCode()
 13E5:0331 idle  TScrollBar::handleEvent(TEvent far&)
 13E5:06E3 idle  TScrollBar::scrollDraw()
 13E5:0709 idle  TScrollBar::scrollStep(short)
 13E5:0735       TScrollBar::setParams(short,short,short,short,short)
 13E5:07C0       TScrollBar::setRange(short,short)
 13E5:07E5       TScrollBar::setStep(short,short)
 13E5:080A       TScrollBar::setValue(short)
 13E5:0830 idle  TScrollBar::write(opstream far&)
 13E5:08B2 idle  TScrollBar::read(ipstream far&)
 13E5:0955 idle  TScrollBar::build()
 13E5:098A idle  TScrollBar::TScrollBar(StreamableInit)
 13E5:09EA       TScrollBar::~TScrollBar()
 13E5:0A22       TScrollBar::streamableName() const
 13E5:0A2E       TScrollBar::
 148A:0002       TNSSortedCollection::indexOf(void far*)
 148A:0095       TNSSortedCollection::insert(void far*)
 148A:00FA       TNSSortedCollection::keyOf(void far*)
 148A:0105       TNSSortedCollection::search(void far*,int far&)
 148A:01AC       TSortedCollection::write(opstream far&)
 148A:01DE       TSortedCollection::read(ipstream far&)
 148A:0223       TSortedCollection::TSortedCollection(StreamableInit)
 14B8:0008       TStaticText::TStaticText(const TRect far&,const char far*)
 14B8:0069       TStaticText::~TStaticText()
 14B8:00BC idle  TStaticText::draw()
 14B8:025F idle  TStaticText::getPalette() const
 14B8:028A       TStaticText::getText(char far*)
 14B8:02BE       TStaticText::write(opstream far&)
 14B8:02F0       TStaticText::read(ipstream far&)
 14B8:0327 idle  TStaticText::build()
 14B8:035C       TStaticText::TStaticText(StreamableInit)
 14B8:03BB       TStaticText::streamableName() const
 14B8:03C7       TStaticText::
 14F6:000B       TStatusLine::TStatusLine(const TRect far&,TStatusDef far&)
 14F6:007D idle  TStatusLine::disposeItems(TStatusItem far*)
 14F6:00BA idle  TStatusLine::~TStatusLine()
 14F6:015F idle  TStatusLine::draw()
 14F6:0178 idle  TStatusLine::drawSelect(TStatusItem far*)
 14F6:03C4 idle  TStatusLine::findItems()
 14F6:0433 idle  TStatusLine::getPalette() const
 14F6:045E idle  TStatusLine::itemMouseIsIn(TPoint)
 14F6:04D4 idle  TStatusLine::handleEvent(TEvent far&)
 14F6:0682 idle  TStatusLine::hint(unsigned short)
 14F6:068C       TStatusLine::update()
 14F6:06E9 idle  TStatusLine::writeItems(opstream far&,TStatusItem far*)
 14F6:077B idle  TStatusLine::writeDefs(opstream far&,TStatusDef far*)
 14F6:080C idle  TStatusLine::write(opstream far&)
 14F6:083D idle  TStatusLine::readItems(ipstream far&)
 14F6:0946 idle  TStatusLine::readDefs(ipstream far&)
 14F6:0A42 idle  TStatusLine::read(ipstream far&)
 14F6:0A82 idle  TStatusLine::build()
 14F6:0AB7 idle  TStatusLine::TStatusLine(StreamableInit)
 14F6:0B16       TStatusLine::streamableName() const
 14F6:0B22       TStatusLine::
 15AA:0006       TView::resetCursor()
 15B6:0004       TView::exposed()
 15C6:00AC       TView::TView(const TRect far&)
 15C6:0145       TView::~TView()
 15C6:0187 idle  TView::blockCursor()
 15C6:01A6       TView::calcBounds(TRect far&,TPoint)
 15C6:037D       TView::changeBounds(const TRect far&)
 15C6:03A3       TView::clearEvent(TEvent far&)
 15C6:03BE       TView::commandEnabled(unsigned short)
 15C6:03E4       TView::dataSize()
 15C6:03EB       TView::disableCommands(TCommandSet far&)
 15C6:0441 idle  TView::disableCommand(unsigned short)
 15C6:047C idle  TView::moveGrow(TPoint,TPoint,TRect far&,TPoint,TPoint,unsigned char)
 15C6:0651 idle  TView::change(unsigned char,TPoint,TPoint far&,TPoint far&)
 15C6:069D       TView::dragView(TEvent far&,unsigned char,TRect far&,TPoint,TPoint)
 15C6:0A19       TView::draw()
 15C6:0A7D idle  TView::drawCursor()
 15C6:0A99 idle  TView::drawHide(TView far*)
 15C6:0AC7 idle  TView::drawShow(TView far*)
 15C6:0AFA idle  TView::drawUnderRect(TRect far&,TView far*)
 15C6:0C12 idle  TView::drawUnderView(Boolean,TView far*)
 15C6:0C59       TView::drawView()
 15C6:0C8C       TView::enableCommands(TCommandSet far&)
 15C6:0D02 idle  TView::enableCommand(unsigned short)
 15C6:0D47       TView::endModal(unsigned short)
 15C6:0D88 idle  TView::eventAvail()
 15C6:0DD3       TView::getBounds()
 15C6:0E72       TView::execute()
 15C6:0E7A       TView::getClipRect()
 15C6:0F42       TView::getColor(unsigned short)
 15C6:0F91       TView::getCommands(TCommandSet far&)
 15C6:0FA9       TView::getData(void far*)
 15C6:0FAE       TView::getEvent(TEvent far&)
 15C6:0FDB       TView::getExtent()
 15C6:1056       TView::getHelpCtx()
 15C6:1072       TView::getPalette() const
 15C6:109C       TView::getState(unsigned short)
 15C6:10B8 idle  TView::growTo(short,short)
 15C6:1110       TView::handleEvent(TEvent far&)
 15C6:1158       TView::hide()
 15C6:117C idle  TView::hideCursor()
 15C6:119A idle  TView::keyEvent(TEvent far&)
 15C6:11C0       TView::locate(TRect far&)
 15C6:1374 idle  TView::makeFirst()
 15C6:139B idle  TView::makeGlobal(TPoint)
 15C6:1410       TView::makeLocal(TPoint)
 15C6:1485       TView::mouseEvent(TEvent far&,unsigned short)
 15C6:14BD       TView::mouseInView(TPoint)
 15C6:1513       TView::moveTo(short,short)
 15C6:1566       TView::nextView()
 15C6:1595 idle  TView::normalCursor()
 15C6:15B3       TView::prev()
 15C6:15F1 idle  TView::prevView()
 15C6:1624       TView::putEvent(TEvent far&)
 15C6:1651       TView::putInFrontOf(TView far*)
 15C6:1801       TView::select()
 15C6:1841       TView::setBounds(const TRect far&)
 15C6:1880       TView::setCommands(TCommandSet far&)
 15C6:18D4       TView::setCursor(short,short)
 15C6:18F4       TView::setData(void far*)
 15C6:18F9       TView::setState(unsigned short,Boolean)
 15C6:1A32       TView::show()
 15C6:1A54       TView::showCursor()
 15C6:1A73       TView::sizeLimits(TPoint far&,TPoint far&)
 15C6:1AB6       TView::TopView()
 15C6:1B04       TView::valid(unsigned short)
 15C6:1B0C       TView::containsMouse(TEvent far&)
 15C6:1B3F       TView::shutDown()
 15C6:1B7E       TView::write(opstream far&)
 15C6:1C93       TView::read(ipstream far&)
 15C6:1DED       TView::build()
 15C6:1E22       TView::TView(StreamableInit)
 15C6:1E87       TView::streamableName() const
 15C6:1E93       TView::
 17B1:0036       TDisplay::updateIntlChars()
 17B5:0005       getAltChar(unsigned short)
 17B5:004D       getAltCode(char)
 17BF:0002 idle  TView::writeView()
 17BF:0230       TView::writeBuf(short,short,short,short,const void far*)
 17BF:026A idle  TView::writeChar(short,short,char,unsigned char,short)
 17BF:02CB       TView::writeLine(short,short,short,short,const void far*)
 17BF:02FD idle  TView::writeStr(short,short,const char far*,unsigned char)
 17F6:0007       TWindowInit::TWindowInit(TFrame far*(far*)(TRect))
 17F6:003E       TWindow::TWindow(const TRect far&,const char far*,short)
 17F6:017A       TWindow::~TWindow()
 17F6:01D1       TWindow::close()
 17F6:0243       TWindow::shutDown()
 17F6:0262 idle  TWindow::getPalette() const
 17F6:02DD       TWindow::getTitle(short)
 17F6:02ED       TWindow::handleEvent(TEvent far&)
 17F6:055E       TWindow::initFrame(TRect)
 17F6:0576       TWindow::setState(unsigned short,Boolean)
 17F6:067E       TWindow::standardScrollBar(unsigned short)
 17F6:0773       TWindow::sizeLimits(TPoint far&,TPoint far&)
 17F6:07A3       TWindow::zoom()
 17F6:085D       TWindow::write(opstream far&)
 17F6:097A       TWindow::read(ipstream far&)
 17F6:0A99 idle  TWindow::build()
 17F6:0ACF       TWindow::TWindow(StreamableInit)
 17F6:0B95       TWindow::
 18B2:0306       e087_Entry
 18B2:03C6       e087_Shortcut
 18B2:0430       e087_Trap
 190F:0000 idle  DATASEG@
 190F:005B idle  __Int0Vector
 190F:005F idle  __Int4Vector
 190F:0063 idle  __Int5Vector
 190F:0067 idle  __Int6Vector
 190F:006B idle  __C0argc
 190F:006D idle  __C0argv
 190F:0071 idle  __C0environ
 190F:0075 idle  __envLng
 190F:0077 idle  __envseg
 190F:0079 idle  __envSize
 190F:007B       __psp
 190F:007D idle  __osversion
 190F:007D idle  __osmajor
 190F:007D       __version
 190F:007E idle  __osminor
 190F:007F       _errno
 190F:0081 idle  __StartTime
 190F:0085 idle  ___brklvl
 190F:0087       __heapbase
 190F:008B       __brklvl
 190F:008F       __heaptop
 190F:00F4       TMyApp::
 190F:021E idle  _historySize
 190F:0256 idle  TBufListEntry::bufList
 190F:025A idle  TVMemMgr::safetyPool
 190F:025E idle  TVMemMgr::safetyPoolSize
 190F:0260 idle  TVMemMgr::inited
 190F:0262 idle  _memMgr
 190F:033E       TBackground::name
 190F:034E       TButton::name
 190F:035A       TCollection::name
 190F:036A       TDialog::name
 190F:0376       TDeskTop::name
 190F:0384       TFileCollection::name
 190F:0398       TFileList::name
 190F:03A6       TFrame::name
 190F:03B2       TGroup::name
 190F:03BE       TInputLine::name
 190F:03CE       TLabel::name
 190F:03DA       TListBox::name
 190F:03E8       TListViewer::name
 190F:03F8       TMenuBar::name
 190F:0406       TMenuBox::name
 190F:0414       TMenuView::name
 190F:0422       TSortedCollection::name
 190F:0438       TScrollBar::name
 190F:0448       TStaticText::name
 190F:0458       TFileInputLine::name
 190F:045C       TSortedListBox::name
 190F:0460       TFileInfoPane::name
 190F:0490       TStatusLine::name
 190F:04A0       TView::name
 190F:04AA       TWindow::name
 190F:04BA idle  _RFileInputLine
 190F:04C4       TFileInputLine::
 190F:0530       _RInputLine
 190F:053A idle  _shiftKeys
 190F:0547       TFileInfoPane::
 190F:05AF       TSortedListBox::
 190F:0634       pstream::types
 190F:0638       _RView
 190F:0642       TSystemError::ctrlBreakHit
 190F:0644       TSystemError::sysErrorFunc
 190F:0648 idle  TSystemError::sysColorAttr
 190F:064A idle  TSystemError::sysMonoAttr
 190F:064C       TSystemError::saveCtrlBreak
 190F:064E idle  TSystemError::sysErrActive
 190F:0650       TSystemError::inIDE
 190F:0652 idle  Int11trap::oldHandler
 190F:0656       TEventQueue::mouse
 190F:065A       TApplication::
 190F:06E5       TBackground::
 190F:075C       TButton::
 190F:07C8 idle  TCommandSet::masks
 190F:07D8       TCollection::
 190F:0814       TStreamable::
 190F:0820       TNSCollection::
 190F:0838       TObject::
 190F:0850       TDeskTop::
 190F:08E6       TDialog::
 190F:095E idle  TEventQueue::eventQueue
 190F:09EE idle  TEventQueue::eventQHead
 190F:09F2 idle  TEventQueue::eventQTail
 190F:09F6       TEventQueue::mouseIntFlag
 190F:09F8 idle  TEventQueue::Ticks
 190F:09FC idle  TEventQueue::eventCount
 190F:09FE idle  TEventQueue::mouseEvents
 190F:0A00 idle  TEventQueue::mouseReverse
 190F:0A02 idle  TEventQueue::doubleDelay
 190F:0A04 idle  TEventQueue::repeatDelay
 190F:0A06 idle  TEventQueue::autoTicks
 190F:0A08 idle  TEventQueue::autoDelay
 190F:0A0A       TEventQueue::lastMouse
 190F:0A11       TEventQueue::curMouse
 190F:0A18       TEventQueue::downMouse
 190F:0A1F idle  TEventQueue::downTicks
 190F:0A28       TFileCollection::
 190F:0AD5       TNSSortedCollection::
 190F:0B05       TSortedCollection::
 190F:0B6D       TFileList::
 190F:0BFD       TFrame::
 190F:0C66       _TheTopView
 190F:0C6C       TGroup::
 190F:0CE5       THistoryWindow::
 190F:0D6D       THistoryViewer::
 190F:0DF4       TInputLine::
 190F:0E66       TLabel::
 190F:0ED2       TListBox::
 190F:0F65       TListViewer::
 190F:0FE2       TMenuBar::
 190F:104E       TMenuView::
 190F:10BE       TMenuBox::
 190F:1178       THWMouse::buttonCount
 190F:1179 idle  THWMouse::handlerInstalled
 190F:12B8       fpstream::
 190F:12C8       ofpstream::
 190F:12D4       ifpstream::
 190F:12E0       fpbase::
 190F:12E8       iopstream::
 190F:12F4       opstream::
 190F:12FC       ipstream::
 190F:1304       pstream::
 190F:1308       TPReadObjects::
 190F:1320       TPWrittenObjects::
 190F:1350       TStreamableTypes::
 190F:1380 idle  TProgram::statusLine
 190F:1384 idle  TProgram::menuBar
 190F:1388       TProgram::deskTop
 190F:138C idle  TProgram::application
 190F:1390 idle  TProgram::appPalette
 190F:1392       TProgram::pending
 190F:1476       TProgram::
 190F:14FA idle  TDisplay::equipment
 190F:14FE idle  TDisplay::crtInfo
 190F:1502 idle  TDisplay::crtRows
 190F:1506 idle  TScreen::startupMode
 190F:1508 idle  TScreen::startupCursor
 190F:150A       TScreen::screenMode
 190F:150C       TScreen::screenWidth
 190F:150D       TScreen::screenHeight
 190F:150E idle  TScreen::hiResScreen
 190F:1510       TScreen::checkSnow
 190F:1512       TScreen::screenBuffer
 190F:1516       TScreen::cursorLines
 190F:1531       TScrollBar::
 190F:15A9       TStaticText::
 190F:1623       TStatusLine::
 190F:1690       _shadowSize
 190F:1694       _shadowAttr
 190F:1695       TView::showMarkers
 190F:1697       TView::errorAttr
 190F:1698       TView::commandSetChanged
 190F:169A       TView::curCommandSet
 190F:16D8       TView::
 190F:1740       _specialChars
 190F:1746 idle  TRadioButtons::button
 190F:174A       TMenuBox::frameChars
 190F:174E       TFrame::initFrame
 190F:1761       TFrame::frameChars
 190F:1782       TFrame::closeIcon
 190F:1786       TFrame::zoomIcon
 190F:178A       TFrame::unZoomIcon
 190F:178E       TFrame::dragIcon
 190F:1792 idle  TIndicator::dragFrame
 190F:1793 idle  TIndicator::normalFrame
 190F:1794 idle  THistory::icon
 190F:1798 idle  TColorSelector::icon
 190F:1799 idle  TMonoSelector::button
 190F:179D idle  TMonoSelector::normal
 190F:17A1 idle  TMonoSelector::highlight
 190F:17A5 idle  TMonoSelector::underline
 190F:17A9 idle  TMonoSelector::inverse
 190F:17AD idle  TColorDialog::colors
 190F:17B1 idle  TColorDialog::groupText
 190F:17B5 idle  TColorDialog::itemText
 190F:17B9 idle  TColorDialog::forText
 190F:17BD idle  TColorDialog::bakText
 190F:17C1 idle  TColorDialog::textText
 190F:17C5 idle  TColorDialog::colorText
 190F:17C9 idle  TColorDialog::okText
 190F:17CD idle  TColorDialog::cancelText
 190F:17D1       TInputLine::rightArrow
 190F:17D2       TInputLine::leftArrow
 190F:17D3       TStatusLine::hintSeparator
 190F:17D7 idle  TCheckBoxes::button
 190F:17DB       TScrollBar::vChars
 190F:17E0       TScrollBar::hChars
 190F:17E5       TButton::shadows
 190F:17E9       TButton::markers
 190F:17ED idle  TDirListBox::pathDir
 190F:17F1 idle  TDirListBox::firstDir
 190F:17F5 idle  TDirListBox::middleDir
 190F:17F9 idle  TDirListBox::lastDir
 190F:17FD idle  TDirListBox::drives
 190F:1801 idle  TDirListBox::graphics
 190F:1805 idle  TFileEditor::backupExt
 190F:1913 idle  TEditWindow::clipboardTitle
 190F:1917 idle  TEditWindow::untitled
 190F:191B       TFileList::tooManyFiles
 190F:191F       TProgram::exitText
 190F:1923       MsgBoxText::yesText
 190F:1927       MsgBoxText::noText
 190F:192B       MsgBoxText::okText
 190F:192F       MsgBoxText::cancelText
 190F:1933       MsgBoxText::warningText
 190F:1937       MsgBoxText::errorText
 190F:193B       MsgBoxText::informationText
 190F:193F       MsgBoxText::confirmText
 190F:1943 idle  TChDirDialog::changeDirTitle
 190F:1947 idle  TChDirDialog::dirNameText
 190F:194B idle  TChDirDialog::dirTreeText
 190F:194F idle  TChDirDialog::okText
 190F:1953 idle  TChDirDialog::chdirText
 190F:1957 idle  TChDirDialog::revertText
 190F:195B idle  TChDirDialog::helpText
 190F:195F idle  TChDirDialog::drivesText
 190F:1963 idle  TChDirDialog::invalidText
 190F:1967 idle  TFileDialog::filesText
 190F:196B idle  TFileDialog::openText
 190F:196F idle  TFileDialog::okText
 190F:1973 idle  TFileDialog::replaceText
 190F:1977 idle  TFileDialog::clearText
 190F:197B idle  TFileDialog::cancelText
 190F:197F idle  TFileDialog::helpText
 190F:1983 idle  TFileDialog::invalidDriveText
 190F:1987 idle  TFileDialog::invalidFileText
 190F:198B       TFileInfoPane::pmText
 190F:198F       TFileInfoPane::amText
 190F:1993       TFileInfoPane::months
 190F:19C7       TSystemError::errorString
 190F:19FF       TSystemError::sRetryOrCancel
 190F:1A03       TDeskTop::defaultBkgrnd
 190F:1D58       TWindow::
 190F:1DD0 idle  __8087
 190F:1DE0       __protected
 190F:1DE1       __LDT
 190F:1DE4       __default87
 190F:1DE6 idle  __huge_flt
 190F:1DEA       __huge_dble
 190F:1DF2 idle  __huge_ldble
 190F:1DFC idle  __indefinite
 190F:1E00 idle  __tiny_ldble
 190F:1F3C       __atexitcnt
 190F:1F3E       __ctype
 190F:2040       __exitbuf
 190F:2044 idle  __exitfopen
 190F:2048 idle  __exitopen
 190F:204C       __streams
 190F:21DC       __nfile
 190F:21DE       __openfd
 190F:2206       __fmode
 190F:2208       __notUmask
 190F:220A       __fpstklen
 190F:220C       __doserrno
 190F:220E idle  __dosErrorToSV
 190F:22A2       __stklen
 190F:23CA idle  filebuf::openprot
 190F:2450       __RealCvtVector
 190F:2454 idle  __ScanTodVector
 190F:250E       __atexittbl
 190F:258E       ___SignalPtr
 1B69:0000       __emu

Line numbers for MEMVIEW.OBJ(MEMVIEW.CPP) segment MEMVIEW_TEXT

    36 048D:0006    37 048D:0037    40 048D:0037    42 048D:007C
    44 048D:0087    46 048D:008A    47 048D:0091    55 048D:0091
    56 048D:012D    59 048D:012F    62 048D:0132    63 048D:0139
    72 048D:0139    73 048D:026D    75 048D:026F    77 048D:0273
    78 048D:0281    79 048D:029E    80 048D:02A2
   396 048D:02A4   400 048D:02A7   401 048D:02C0   403 048D:02EB
   365 048D:02F5   369 048D:02F8   370 048D:0311   372 048D:033C
    74 048D:0346    76 048D:0349    77 048D:0369
   850 048D:03A6   851 048D:03A9
Program entry point at 0000:0000

