
 Start  Stop   Length Name               Class

 00000H 01A3DH 01A3EH _TEXT              CODE
 01A3EH 01FC6H 00589H NEWDOS_TEXT        CODE
 01FC7H 0206BH 000A5H C_NEWDOS_TEXT      CODE
 02070H 02070H 00000H _FARDATA           FAR_DATA
 02070H 02070H 00000H _FARBSS            FAR_BSS
 02070H 02070H 00000H _OVERLAY_          OVRINFO
 02070H 02070H 00000H _1STUB_            STUBSEG
 02070H 02447H 003D8H _DATA              DATA
 02448H 02449H 00002H _CVTSEG            DATA
 0244AH 0244FH 00006H _SCNSEG            DATA
 02450H 02450H 00000H _CONST             CONST
 02450H 02455H 00006H _INIT_             INITDATA
 02456H 02456H 00000H _INITEND_          INITDATA
 02456H 02456H 00000H _EXIT_             EXITDATA
 02456H 02456H 00000H _EXITEND_          EXITDATA
 02456H 024E1H 0008CH _BSS               BSS
 024E2H 024E2H 00000H _BSSEND            BSSEND
 024F0H 0256FH 00080H _STACK             STACK


Detailed map of segments

 0000:0000 0295 C=CODE   S=_TEXT          G=(none)  M=c0.ASM     ACBP=28
 0000:0295 002D C=CODE   S=_TEXT          G=(none)  M=ATEXIT     ACBP=28
 0000:02C2 0093 C=CODE   S=_TEXT          G=(none)  M=EXIT       ACBP=28
 0000:0355 0000 C=CODE   S=_TEXT          G=(none)  M=FILES      ACBP=28
 0000:0355 0000 C=CODE   S=_TEXT          G=(none)  M=FILES2     ACBP=28
 0000:0355 0021 C=CODE   S=_TEXT          G=(none)  M=H_LLSH     ACBP=28
 0000:0376 0060 C=CODE   S=_TEXT          G=(none)  M=H_PADD     ACBP=28
 0000:03D6 004B C=CODE   S=_TEXT          G=(none)  M=IOERROR    ACBP=28
 0000:0421 0011 C=CODE   S=_TEXT          G=(none)  M=ISATTY     ACBP=28
 0000:0432 00A2 C=CODE   S=_TEXT          G=(none)  M=LONGTOA    ACBP=28
 0000:04D4 0029 C=CODE   S=_TEXT          G=(none)  M=LSEEK      ACBP=28
 0000:04FD 0021 C=CODE   S=_TEXT          G=(none)  M=N_PCMP     ACBP=28
 0000:051E 00BA C=CODE   S=_TEXT          G=(none)  M=SETUPIO    ACBP=28
 0000:05D8 0000 C=CODE   S=_TEXT          G=(none)  M=STKLEN     ACBP=28
 0000:05D8 04DB C=CODE   S=_TEXT          G=(none)  M=VPRINTER   ACBP=28
 0000:0AB3 001F C=CODE   S=_TEXT          G=(none)  M=CVTFAK     ACBP=28
 0000:0AD2 0432 C=CODE   S=_TEXT          G=(none)  M=FARHEAP    ACBP=28
 0000:0F04 0140 C=CODE   S=_TEXT          G=(none)  M=FBRK       ACBP=28
 0000:1044 0004 C=CODE   S=_TEXT          G=(none)  M=REALCVT    ACBP=28
 0000:1048 001C C=CODE   S=_TEXT          G=(none)  M=SETBLOCK   ACBP=28
 0000:1064 00CD C=CODE   S=_TEXT          G=(none)  M=FFLUSH     ACBP=28
 0000:1131 0042 C=CODE   S=_TEXT          G=(none)  M=FLUSHALL   ACBP=28
 0000:1173 01E2 C=CODE   S=_TEXT          G=(none)  M=FSEEK      ACBP=28
 0000:1355 0024 C=CODE   S=_TEXT          G=(none)  M=MEMCPY     ACBP=28
 0000:1379 001B C=CODE   S=_TEXT          G=(none)  M=PRINTF     ACBP=28
 0000:1394 03C8 C=CODE   S=_TEXT          G=(none)  M=PUTC       ACBP=28
 0000:175C 011D C=CODE   S=_TEXT          G=(none)  M=SETVBUF    ACBP=28
 0000:1879 0151 C=CODE   S=_TEXT          G=(none)  M=WRITE      ACBP=28
 0000:19CA 003C C=CODE   S=_TEXT          G=(none)  M=WRITEA     ACBP=28
 0000:1A06 0038 C=CODE   S=_TEXT          G=(none)  M=XFFLUSH    ACBP=28
 01A3:000E 0589 C=CODE   S=NEWDOS_TEXT    G=(none)  M=newdos.asm ACBP=48
 01FC:0007 00A5 C=CODE   S=C_NEWDOS_TEXT  G=(none)  M=C_NEWDOS.CPP ACBP=28
 0207:0000 0000 C=FAR_DATA S=_FARDATA       G=(none)  M=c0.ASM     ACBP=68
 0207:0000 0000 C=FAR_BSS S=_FARBSS        G=(none)  M=c0.ASM     ACBP=68
 0207:0000 0000 C=OVRINFO S=_OVERLAY_      G=(none)  M=c0.ASM     ACBP=68
 0207:0000 0000 C=STUBSEG S=_1STUB_        G=(none)  M=c0.ASM     ACBP=68
 0207:0000 0093 C=DATA   S=_DATA          G=DGROUP  M=c0.ASM     ACBP=68
 0207:0094 0010 C=DATA   S=_DATA          G=DGROUP  M=newdos.asm ACBP=48
 0207:00A4 006C C=DATA   S=_DATA          G=DGROUP  M=C_NEWDOS.CPP ACBP=48
 0207:0110 0002 C=DATA   S=_DATA          G=DGROUP  M=ATEXIT     ACBP=48
 0207:0112 000C C=DATA   S=_DATA          G=DGROUP  M=EXIT       ACBP=48
 0207:011E 0190 C=DATA   S=_DATA          G=DGROUP  M=FILES      ACBP=48
 0207:02AE 002A C=DATA   S=_DATA          G=DGROUP  M=FILES2     ACBP=48
 0207:02D8 0000 C=DATA   S=_DATA          G=DGROUP  M=H_LLSH     ACBP=48
 0207:02D8 0000 C=DATA   S=_DATA          G=DGROUP  M=H_PADD     ACBP=48
 0207:02D8 005B C=DATA   S=_DATA          G=DGROUP  M=IOERROR    ACBP=48
 0207:0334 0000 C=DATA   S=_DATA          G=DGROUP  M=ISATTY     ACBP=48
 0207:0334 0000 C=DATA   S=_DATA          G=DGROUP  M=LONGTOA    ACBP=48
 0207:0334 0000 C=DATA   S=_DATA          G=DGROUP  M=LSEEK      ACBP=48
 0207:0334 0000 C=DATA   S=_DATA          G=DGROUP  M=N_PCMP     ACBP=48
 0207:0334 0000 C=DATA   S=_DATA          G=DGROUP  M=SETUPIO    ACBP=48
 0207:0334 0002 C=DATA   S=_DATA          G=DGROUP  M=STKLEN     ACBP=48
 0207:0336 0067 C=DATA   S=_DATA          G=DGROUP  M=VPRINTER   ACBP=48
 0207:039E 0031 C=DATA   S=_DATA          G=DGROUP  M=CVTFAK     ACBP=48
 0207:03D0 0000 C=DATA   S=_DATA          G=DGROUP  M=FARHEAP    ACBP=48
 0207:03D0 0002 C=DATA   S=_DATA          G=DGROUP  M=FBRK       ACBP=48
 0207:03D2 0000 C=DATA   S=_DATA          G=DGROUP  M=REALCVT    ACBP=48
 0207:03D2 0000 C=DATA   S=_DATA          G=DGROUP  M=SETBLOCK   ACBP=48
 0207:03D2 0000 C=DATA   S=_DATA          G=DGROUP  M=FFLUSH     ACBP=48
 0207:03D2 0000 C=DATA   S=_DATA          G=DGROUP  M=FLUSHALL   ACBP=48
 0207:03D2 0000 C=DATA   S=_DATA          G=DGROUP  M=FSEEK      ACBP=48
 0207:03D2 0000 C=DATA   S=_DATA          G=DGROUP  M=MEMCPY     ACBP=48
 0207:03D2 0000 C=DATA   S=_DATA          G=DGROUP  M=PRINTF     ACBP=48
 0207:03D2 0001 C=DATA   S=_DATA          G=DGROUP  M=PUTC       ACBP=48
 0207:03D4 0004 C=DATA   S=_DATA          G=DGROUP  M=SETVBUF    ACBP=48
 0207:03D8 0000 C=DATA   S=_DATA          G=DGROUP  M=WRITE      ACBP=48
 0207:03D8 0000 C=DATA   S=_DATA          G=DGROUP  M=WRITEA     ACBP=48
 0207:03D8 0000 C=DATA   S=_DATA          G=DGROUP  M=XFFLUSH    ACBP=48
 0207:03D8 0000 C=DATA   S=_CVTSEG        G=DGROUP  M=c0.ASM     ACBP=48
 0207:03D8 0002 C=DATA   S=_CVTSEG        G=DGROUP  M=CVTFAK     ACBP=48
 0207:03DA 0000 C=DATA   S=_CVTSEG        G=DGROUP  M=REALCVT    ACBP=48
 0207:03DA 0000 C=DATA   S=_SCNSEG        G=DGROUP  M=c0.ASM     ACBP=48
 0207:03DA 0006 C=DATA   S=_SCNSEG        G=DGROUP  M=CVTFAK     ACBP=48
 0207:03E0 0000 C=CONST  S=_CONST         G=DGROUP  M=c0.ASM     ACBP=48
 0207:03E0 0000 C=INITDATA S=_INIT_         G=DGROUP  M=c0.ASM     ACBP=48
 0207:03E0 0006 C=INITDATA S=_INIT_         G=DGROUP  M=SETUPIO    ACBP=48
 0207:03E6 0000 C=INITDATA S=_INITEND_      G=DGROUP  M=c0.ASM     ACBP=28
 0207:03E6 0000 C=EXITDATA S=_EXIT_         G=DGROUP  M=c0.ASM     ACBP=48
 0207:03E6 0000 C=EXITDATA S=_EXITEND_      G=DGROUP  M=c0.ASM     ACBP=28
 0207:03E6 0000 C=BSS    S=_BSS           G=DGROUP  M=c0.ASM     ACBP=48
 0207:03E6 000A C=BSS    S=_BSS           G=DGROUP  M=C_NEWDOS.CPP ACBP=48
 0207:03F0 0080 C=BSS    S=_BSS           G=DGROUP  M=ATEXIT     ACBP=48
 0207:0470 0000 C=BSS    S=_BSS           G=DGROUP  M=IOERROR    ACBP=48
 0207:0470 0000 C=BSS    S=_BSS           G=DGROUP  M=ISATTY     ACBP=48
 0207:0470 0000 C=BSS    S=_BSS           G=DGROUP  M=LONGTOA    ACBP=48
 0207:0470 0000 C=BSS    S=_BSS           G=DGROUP  M=LSEEK      ACBP=48
 0207:0470 0000 C=BSS    S=_BSS           G=DGROUP  M=SETUPIO    ACBP=48
 0207:0470 0000 C=BSS    S=_BSS           G=DGROUP  M=VPRINTER   ACBP=48
 0207:0470 0000 C=BSS    S=_BSS           G=DGROUP  M=SETBLOCK   ACBP=48
 0207:0470 0000 C=BSS    S=_BSS           G=DGROUP  M=MEMCPY     ACBP=48
 0207:0470 0001 C=BSS    S=_BSS           G=DGROUP  M=PUTC       ACBP=48
 0207:0472 0000 C=BSS    S=_BSS           G=DGROUP  M=WRITEA     ACBP=48
 0207:0472 0000 C=BSSEND S=_BSSEND        G=DGROUP  M=c0.ASM     ACBP=28
 024F:0000 0080 C=STACK  S=_STACK         G=(none)  M=c0.ASM     ACBP=74

  Address         Publics by Name

 01FC:0007 idle  DosError()
 01FC:001C idle  Init_Newdos()
 0207:0000 idle  DATASEG@
 0000:0291 idle  DGROUP@
 0000:0358 idle  F_LXLSH@
 0000:0379 idle  F_PADD@
 0000:03A8 idle  F_PSUB@
 0000:0358 idle  LXLSH@
 0000:0355       N_LXLSH@
 0000:0376       N_PADD@
 0000:04FD       N_PCMP@
 0000:03A5 idle  N_PSUB@
 0000:0379 idle  PADD@
 0000:03A8 idle  PSUB@
 0000:027A       _abort
 01A3:04BC idle  _AllocateHMA
 01A3:0450 idle  _AllocateMemory
 0000:0295 idle  _atexit
 01A3:04DB idle  _CapitalizeBuffer
 01A3:04CC idle  _CapitalizeChar
 01A3:04EE idle  _CapitalizePChar
 01A3:02DA idle  _ChangeDirectory
 01A3:0502 idle  _CheckEnvir
 01A3:031D idle  _CloseFile
 01A3:043F idle  _CommitFile
 01A3:018C idle  _ConvertBPBtoDPB
 01A3:02B7 idle  _CreateChild_PSP
 01A3:02D2 idle  _CreateDirectory
 01A3:02FA idle  _CreateFile
 01A3:03EA idle  _CreateNewFile
 01A3:0345 idle  _DeleteFile
 01A3:01A4 idle  _DisableDrive
 01A3:00E2 idle  _DiskReset
 01A3:00C5 idle  _DosBufferedInput
 01A3:00A1 idle  _DosReadAuxChar
 01A3:008E idle  _DosReadChar
 0207:0097       _DosResult
 0207:03E6 idle  _DosVersion
 01A3:00B1 idle  _DosWriteAuxChar
 01A3:00A7 idle  _DosWriteChar
 01A3:00AD idle  _DosWritePrnChar
 01A3:00D3 idle  _DosWriteString
 01A3:0387 idle  _DuplicateHandle
 01A3:01A9 idle  _EnableDrive
 01A3:0551 idle  _EnvPChar
 0207:007F       _errno
 0000:031A       _exit
 0000:0C12 idle  _farfree
 0000:0D26 idle  _farmalloc
 0000:0E8A idle  _farrealloc
 0000:1064       _fflush
 01A3:0443 idle  _FflushFile
 0207:0096 idle  _FileOpenMode
 0000:1131       _flushall
 01A3:0393 idle  _ForceDuplicateHandle
 0000:13B0 idle  _fputc
 0000:1545 idle  _fputchar
 0000:0C12       _free
 0000:11F5       _fseek
 0000:1275 idle  _ftell
 01A3:047E idle  _GetAllocationStrategy
 01A3:0164 idle  _GetBootDrive
 01A3:02E8 idle  _GetCurrentDirectory
 01A3:02C7 idle  _GetCurrentPSP
 01A3:00F2 idle  _GetDefaultDrive
 01A3:013A idle  _GetDefDriveDPT
 01A3:00F8 idle  _GetDefDriveInfo
 01A3:0222 idle  _GetDiskTransferArea
 01A3:022C       _GetDosVersion
 01A3:0152 idle  _GetDriveDPT
 01A3:0117 idle  _GetDriveInfo
 01A3:0526 idle  _GetEnvCount
 01A3:029F idle  _GetExitCode
 01A3:0234 idle  _GetExtBreakCheck
 01A3:02D1 idle  _GetExtErrorInfo
 01A3:0365 idle  _GetFileAttribute
 01A3:03B7 idle  _GetFileDate
 01A3:03C6 idle  _GetFileTime
 01A3:016D idle  _GetFreeDiskSpace
 01A3:04AA idle  _GetFreeHMA_Addr
 01A3:024A       _GetIndosFlagPtr
 01A3:0254 idle  _GetInterruptVector
 01A3:02B1 idle  _GetPSP_Address
 01A3:00BD idle  _GetStdinStatus
 01A3:0264 idle  _GetSwitchChar
 01A3:01C8 idle  _GetSystemDate
 01A3:01EE idle  _GetSystemTime
 01A3:027A       _GetSysvarsPtr
 01A3:0422 idle  _GetTrueName
 01A3:0494 idle  _GetUMB_LinkState
 01A3:019E idle  _GetVerifyFlag
 01A3:04B4 idle  _HMA_MemAvail
 0207:03EC idle  _IndosFlag
 0000:0421       _isatty
 01A3:0405 idle  _LockFile
 0000:04D4       _lseek
 01FC:004D       _main
 0000:0D1C       _malloc
 0000:1355       _memcpy
 01A3:030C idle  _OpenFile
 0207:0094 idle  _PrefixSeg
 0000:1379       _printf
 01A3:0329 idle  _ReadFile
 0000:0E83 idle  _realloc
 01A3:046C idle  _ReallocateMemory
 01A3:045C idle  _ReleaseMemory
 01A3:02D6 idle  _RemoveDirectory
 01A3:03A5 idle  _RenameFile
 01A3:0353 idle  _SeekFile
 01A3:00E8 idle  _SelectDrive
 01A3:0485 idle  _SetAllocationStrategy
 0000:1048       _setblock
 01A3:0214 idle  _SetDiskTransferArea
 01A3:023D idle  _SetExtBreakCheck
 01A3:0374 idle  _SetFileAttribute
 01A3:03D5 idle  _SetFileTimeDate
 01A3:0432 idle  _SetHandlesCount
 01A3:01B6 idle  _SetInterruptVector
 01A3:02A5 idle  _SetPSP_Address
 01A3:026D idle  _SetSwitchChar
 01A3:01DB idle  _SetSystemDate
 01A3:0201 idle  _SetSystemTime
 01A3:049B idle  _SetUMB_LinkState
 0000:175C       _setvbuf
 01A3:0146 idle  _SetVerifyFlag
 01A3:0287 idle  _StayTSR
 0207:03E8 idle  _SysVars
 01A3:0400 idle  _UnlockFile
 01A3:032F idle  _WriteFile
 0000:1000 idle  __AHINCR
 0000:000C idle  __AHSHIFT
 0207:0110       __atexitcnt
 0207:03F0       __atexittbl
 0000:0F7A       __brk
 0207:008B       __brklvl
 0207:006B idle  __C0argc
 0207:006D idle  __C0argv
 0207:0071 idle  __C0environ
 0000:033B idle  __cexit
 0000:016A       __checknull
 0000:0157       __cleanup
 0000:0000  Abs  __cvtfak
 0000:0349 idle  __c_exit
 0207:02D8 idle  __doserrno
 0000:040F idle  __DOSERROR
 0207:02DA idle  __dosErrorToSV
 0207:0075 idle  __envLng
 0207:0077 idle  __envseg
 0207:0079 idle  __envSize
 0000:0329       __exit
 0207:0112       __exitbuf
 0207:0116 idle  __exitfopen
 0207:011A idle  __exitopen
 0000:1394 idle  __fputc
 0000:1559       __FPUTN
 0207:0087       __heapbase
 0207:008F       __heaptop
 0207:005B idle  __Int0Vector
 0207:005F idle  __Int4Vector
 0207:0063 idle  __Int5Vector
 0207:0067 idle  __Int6Vector
 0000:03D6       __IOERROR
 0000:0432       __LONGTOA
 0000:0293 idle  __MMODEL
 0207:02AE       __nfile
 0207:02B0       __openfd
 0207:007D idle  __osmajor
 0207:007E idle  __osminor
 0207:007D idle  __osversion
 0207:007B       __psp
 0000:1044       __REALCVT
 0207:03D8       __RealCvtVector
 0000:01C0       __restorezero
 0000:0FB9       __sbrk
 0207:03DA idle  __ScanTodVector
 0000:051E       __setupio
 0207:0081 idle  __StartTime
 0207:0334       __stklen
 0207:011E       __streams
 0000:016B       __terminate
 0000:04B4 idle  __UTOA
 0207:007D idle  __version
 0000:05F0       __VPRINTER
 0000:19CA       __write
 0000:1A06       __xfflush
 0207:0085 idle  ___brklvl
 0000:0AD2 idle  ___first
 0000:0AD4 idle  ___last
 0000:0AD6 idle  ___rover
 0000:1879       ___write

  Address         Publics by Value

 0000:0000  Abs  __cvtfak
 0000:000C idle  __AHSHIFT
 0000:0157       __cleanup
 0000:016A       __checknull
 0000:016B       __terminate
 0000:01C0       __restorezero
 0000:027A       _abort
 0000:0291 idle  DGROUP@
 0000:0293 idle  __MMODEL
 0000:0295 idle  _atexit
 0000:031A       _exit
 0000:0329       __exit
 0000:033B idle  __cexit
 0000:0349 idle  __c_exit
 0000:0355       N_LXLSH@
 0000:0358 idle  LXLSH@
 0000:0358 idle  F_LXLSH@
 0000:0376       N_PADD@
 0000:0379 idle  F_PADD@
 0000:0379 idle  PADD@
 0000:03A5 idle  N_PSUB@
 0000:03A8 idle  F_PSUB@
 0000:03A8 idle  PSUB@
 0000:03D6       __IOERROR
 0000:040F idle  __DOSERROR
 0000:0421       _isatty
 0000:0432       __LONGTOA
 0000:04B4 idle  __UTOA
 0000:04D4       _lseek
 0000:04FD       N_PCMP@
 0000:051E       __setupio
 0000:05F0       __VPRINTER
 0000:0AD2 idle  ___first
 0000:0AD4 idle  ___last
 0000:0AD6 idle  ___rover
 0000:0C12       _free
 0000:0C12 idle  _farfree
 0000:0D1C       _malloc
 0000:0D26 idle  _farmalloc
 0000:0E83 idle  _realloc
 0000:0E8A idle  _farrealloc
 0000:0F7A       __brk
 0000:0FB9       __sbrk
 0000:1000 idle  __AHINCR
 0000:1044       __REALCVT
 0000:1048       _setblock
 0000:1064       _fflush
 0000:1131       _flushall
 0000:11F5       _fseek
 0000:1275 idle  _ftell
 0000:1355       _memcpy
 0000:1379       _printf
 0000:1394 idle  __fputc
 0000:13B0 idle  _fputc
 0000:1545 idle  _fputchar
 0000:1559       __FPUTN
 0000:175C       _setvbuf
 0000:1879       ___write
 0000:19CA       __write
 0000:1A06       __xfflush
 01A3:008E idle  _DosReadChar
 01A3:00A1 idle  _DosReadAuxChar
 01A3:00A7 idle  _DosWriteChar
 01A3:00AD idle  _DosWritePrnChar
 01A3:00B1 idle  _DosWriteAuxChar
 01A3:00BD idle  _GetStdinStatus
 01A3:00C5 idle  _DosBufferedInput
 01A3:00D3 idle  _DosWriteString
 01A3:00E2 idle  _DiskReset
 01A3:00E8 idle  _SelectDrive
 01A3:00F2 idle  _GetDefaultDrive
 01A3:00F8 idle  _GetDefDriveInfo
 01A3:0117 idle  _GetDriveInfo
 01A3:013A idle  _GetDefDriveDPT
 01A3:0146 idle  _SetVerifyFlag
 01A3:0152 idle  _GetDriveDPT
 01A3:0164 idle  _GetBootDrive
 01A3:016D idle  _GetFreeDiskSpace
 01A3:018C idle  _ConvertBPBtoDPB
 01A3:019E idle  _GetVerifyFlag
 01A3:01A4 idle  _DisableDrive
 01A3:01A9 idle  _EnableDrive
 01A3:01B6 idle  _SetInterruptVector
 01A3:01C8 idle  _GetSystemDate
 01A3:01DB idle  _SetSystemDate
 01A3:01EE idle  _GetSystemTime
 01A3:0201 idle  _SetSystemTime
 01A3:0214 idle  _SetDiskTransferArea
 01A3:0222 idle  _GetDiskTransferArea
 01A3:022C       _GetDosVersion
 01A3:0234 idle  _GetExtBreakCheck
 01A3:023D idle  _SetExtBreakCheck
 01A3:024A       _GetIndosFlagPtr
 01A3:0254 idle  _GetInterruptVector
 01A3:0264 idle  _GetSwitchChar
 01A3:026D idle  _SetSwitchChar
 01A3:027A       _GetSysvarsPtr
 01A3:0287 idle  _StayTSR
 01A3:029F idle  _GetExitCode
 01A3:02A5 idle  _SetPSP_Address
 01A3:02B1 idle  _GetPSP_Address
 01A3:02B7 idle  _CreateChild_PSP
 01A3:02C7 idle  _GetCurrentPSP
 01A3:02D1 idle  _GetExtErrorInfo
 01A3:02D2 idle  _CreateDirectory
 01A3:02D6 idle  _RemoveDirectory
 01A3:02DA idle  _ChangeDirectory
 01A3:02E8 idle  _GetCurrentDirectory
 01A3:02FA idle  _CreateFile
 01A3:030C idle  _OpenFile
 01A3:031D idle  _CloseFile
 01A3:0329 idle  _ReadFile
 01A3:032F idle  _WriteFile
 01A3:0345 idle  _DeleteFile
 01A3:0353 idle  _SeekFile
 01A3:0365 idle  _GetFileAttribute
 01A3:0374 idle  _SetFileAttribute
 01A3:0387 idle  _DuplicateHandle
 01A3:0393 idle  _ForceDuplicateHandle
 01A3:03A5 idle  _RenameFile
 01A3:03B7 idle  _GetFileDate
 01A3:03C6 idle  _GetFileTime
 01A3:03D5 idle  _SetFileTimeDate
 01A3:03EA idle  _CreateNewFile
 01A3:0400 idle  _UnlockFile
 01A3:0405 idle  _LockFile
 01A3:0422 idle  _GetTrueName
 01A3:0432 idle  _SetHandlesCount
 01A3:043F idle  _CommitFile
 01A3:0443 idle  _FflushFile
 01A3:0450 idle  _AllocateMemory
 01A3:045C idle  _ReleaseMemory
 01A3:046C idle  _ReallocateMemory
 01A3:047E idle  _GetAllocationStrategy
 01A3:0485 idle  _SetAllocationStrategy
 01A3:0494 idle  _GetUMB_LinkState
 01A3:049B idle  _SetUMB_LinkState
 01A3:04AA idle  _GetFreeHMA_Addr
 01A3:04B4 idle  _HMA_MemAvail
 01A3:04BC idle  _AllocateHMA
 01A3:04CC idle  _CapitalizeChar
 01A3:04DB idle  _CapitalizeBuffer
 01A3:04EE idle  _CapitalizePChar
 01A3:0502 idle  _CheckEnvir
 01A3:0526 idle  _GetEnvCount
 01A3:0551 idle  _EnvPChar
 01FC:0007 idle  DosError()
 01FC:001C idle  Init_Newdos()
 01FC:004D       _main
 0207:0000 idle  DATASEG@
 0207:005B idle  __Int0Vector
 0207:005F idle  __Int4Vector
 0207:0063 idle  __Int5Vector
 0207:0067 idle  __Int6Vector
 0207:006B idle  __C0argc
 0207:006D idle  __C0argv
 0207:0071 idle  __C0environ
 0207:0075 idle  __envLng
 0207:0077 idle  __envseg
 0207:0079 idle  __envSize
 0207:007B       __psp
 0207:007D idle  __osversion
 0207:007D idle  __osmajor
 0207:007D idle  __version
 0207:007E idle  __osminor
 0207:007F       _errno
 0207:0081 idle  __StartTime
 0207:0085 idle  ___brklvl
 0207:0087       __heapbase
 0207:008B       __brklvl
 0207:008F       __heaptop
 0207:0094 idle  _PrefixSeg
 0207:0096 idle  _FileOpenMode
 0207:0097       _DosResult
 0207:0110       __atexitcnt
 0207:0112       __exitbuf
 0207:0116 idle  __exitfopen
 0207:011A idle  __exitopen
 0207:011E       __streams
 0207:02AE       __nfile
 0207:02B0       __openfd
 0207:02D8 idle  __doserrno
 0207:02DA idle  __dosErrorToSV
 0207:0334       __stklen
 0207:03D8       __RealCvtVector
 0207:03DA idle  __ScanTodVector
 0207:03E6 idle  _DosVersion
 0207:03E8 idle  _SysVars
 0207:03EC idle  _IndosFlag
 0207:03F0       __atexittbl

Line numbers for NEWDOS.OBJ(newdos.asm) segment NEWDOS_TEXT

   273 01A3:000E   274 01A3:0010   275 01A3:0015   276 01A3:001B
   277 01A3:0022   278 01A3:0026   279 01A3:0028   280 01A3:002A
   287 01A3:002B   288 01A3:002D   289 01A3:0032   290 01A3:0038
   291 01A3:003F   292 01A3:0043   293 01A3:0045   294 01A3:0047
   295 01A3:004C   296 01A3:0050   297 01A3:0054   299 01A3:0059
   306 01A3:005A   307 01A3:005C   308 01A3:0061   309 01A3:0067
   310 01A3:006E   311 01A3:0072   312 01A3:0074   313 01A3:0076
   314 01A3:007B   315 01A3:007D   316 01A3:0081   317 01A3:0088
   319 01A3:008D   328 01A3:008E   329 01A3:0090   330 01A3:0092
   331 01A3:0097   332 01A3:009B   334 01A3:009D   335 01A3:00A0
   341 01A3:00A1   342 01A3:00A3   343 01A3:00A6   349 01A3:00A7
   350 01A3:00A9   351 01A3:00AB   353 01A3:00AD   354 01A3:00AF
   356 01A3:00B1   358 01A3:00B3   359 01A3:00B5   360 01A3:00B9
   361 01A3:00BC   368 01A3:00BD   369 01A3:00BF   370 01A3:00C2
   371 01A3:00C4   377 01A3:00C5   378 01A3:00C7   379 01A3:00C8
   380 01A3:00CC   381 01A3:00CE   382 01A3:00D1   383 01A3:00D2
   389 01A3:00D3   390 01A3:00D5   391 01A3:00D6   392 01A3:00DA
   393 01A3:00DB   394 01A3:00DD   395 01A3:00E0   396 01A3:00E1
   403 01A3:00E2   404 01A3:00E4   405 01A3:00E7   411 01A3:00E8
   412 01A3:00EA   413 01A3:00EE   414 01A3:00F1   419 01A3:00F2
   420 01A3:00F4   421 01A3:00F7   427 01A3:00F8   428 01A3:00FA
   429 01A3:00FB   430 01A3:00FD   431 01A3:0100   432 01A3:0104
   433 01A3:0107   434 01A3:010B   435 01A3:010F   436 01A3:0111
   437 01A3:0115   438 01A3:0116   445 01A3:0117   446 01A3:0119
   447 01A3:011A   448 01A3:011C   449 01A3:0120   450 01A3:0123
   451 01A3:0127   452 01A3:012A   453 01A3:012E   454 01A3:0132
   455 01A3:0134   456 01A3:0138   457 01A3:0139   462 01A3:013A
   463 01A3:013B   464 01A3:013D   465 01A3:0140   466 01A3:0142
   467 01A3:0144   468 01A3:0145   474 01A3:0146   475 01A3:0148
   476 01A3:014A   477 01A3:014E   478 01A3:0151   484 01A3:0152
   485 01A3:0154   486 01A3:0155   487 01A3:0157   488 01A3:015B
   489 01A3:015E   490 01A3:0160   491 01A3:0162   492 01A3:0163
   497 01A3:0164   498 01A3:0167   499 01A3:016A   500 01A3:016C
   507 01A3:016D   508 01A3:016F   509 01A3:0171   510 01A3:0175
   511 01A3:0178   512 01A3:017C   513 01A3:017F   514 01A3:0183
   515 01A3:0187   516 01A3:018B   523 01A3:018C   524 01A3:018E
   525 01A3:018F   526 01A3:0193   527 01A3:0197   528 01A3:0199
   529 01A3:019C   530 01A3:019D   535 01A3:019E   536 01A3:01A0
   537 01A3:01A3   543 01A3:01A4   544 01A3:01A7   546 01A3:01A9
   548 01A3:01AC   549 01A3:01AE   550 01A3:01B2   551 01A3:01B5
   563 01A3:01B6   564 01A3:01B8   565 01A3:01B9   566 01A3:01BB
   567 01A3:01BF   568 01A3:01C3   569 01A3:01C6   570 01A3:01C7
   576 01A3:01C8   577 01A3:01CA   578 01A3:01CD   579 01A3:01CF
   580 01A3:01D3   581 01A3:01D6   582 01A3:01DA   588 01A3:01DB
   589 01A3:01DD   590 01A3:01E1   591 01A3:01E4   592 01A3:01E8
   593 01A3:01EA   594 01A3:01ED   600 01A3:01EE   601 01A3:01F0
   602 01A3:01F3   603 01A3:01F5   604 01A3:01F9   605 01A3:01FC
   606 01A3:0200   612 01A3:0201   613 01A3:0203   614 01A3:0207
   615 01A3:020A   616 01A3:020E   617 01A3:0210   618 01A3:0213
   624 01A3:0214   625 01A3:0216   626 01A3:0217   627 01A3:0219
   628 01A3:021D   629 01A3:0220   630 01A3:0221   635 01A3:0222
   636 01A3:0224   637 01A3:0227   638 01A3:0229   639 01A3:022B
   644 01A3:022C   645 01A3:022E   646 01A3:0231   647 01A3:0233
   652 01A3:0234   653 01A3:0237   654 01A3:023A   655 01A3:023C
   661 01A3:023D   662 01A3:023F   663 01A3:0243   664 01A3:0246
   665 01A3:0249   670 01A3:024A   671 01A3:024C   672 01A3:024F
   673 01A3:0251   674 01A3:0253   680 01A3:0254   681 01A3:0256
   682 01A3:0258   683 01A3:025C   684 01A3:025F   685 01A3:0261
   686 01A3:0263   691 01A3:0264   692 01A3:0267   693 01A3:026A
   694 01A3:026C   700 01A3:026D   701 01A3:026F   702 01A3:0272
   703 01A3:0276   704 01A3:0279   709 01A3:027A   710 01A3:027C
   711 01A3:027F   712 01A3:0282   713 01A3:0284   714 01A3:0286
   724 01A3:0287   725 01A3:0289   726 01A3:028C   727 01A3:028E
   728 01A3:0293   729 01A3:0295   730 01A3:0297   731 01A3:029B
   732 01A3:029E   737 01A3:029F   738 01A3:02A1   739 01A3:02A4
   745 01A3:02A5   746 01A3:02A7   747 01A3:02A9   748 01A3:02AD
   749 01A3:02B0   754 01A3:02B1   755 01A3:02B3   756 01A3:02B6
   762 01A3:02B7   763 01A3:02B9   764 01A3:02BB   765 01A3:02BF
   766 01A3:02C3   767 01A3:02C6   772 01A3:02C7   773 01A3:02C9
   774 01A3:02CC   776 01A3:02D0   781 01A3:02D1   793 01A3:02D2
   794 01A3:02D4   796 01A3:02D6   797 01A3:02D8   799 01A3:02DA
   801 01A3:02DC   802 01A3:02DE   803 01A3:02DF   804 01A3:02E3
   805 01A3:02E6   806 01A3:02E7   815 01A3:02E8   816 01A3:02EA
   817 01A3:02EB   818 01A3:02ED   819 01A3:02F1   820 01A3:02F5
   821 01A3:02F8   822 01A3:02F9   833 01A3:02FA   834 01A3:02FC
   835 01A3:02FD   836 01A3:0301   837 01A3:0305   838 01A3:0307
   839 01A3:030A   840 01A3:030B   846 01A3:030C   847 01A3:030E
   848 01A3:0310   849 01A3:0313   850 01A3:0314   851 01A3:0318
   852 01A3:031B   853 01A3:031C   859 01A3:031D   860 01A3:031F
   861 01A3:0321   862 01A3:0325   863 01A3:0328   871 01A3:0329
   872 01A3:032B   873 01A3:032D   875 01A3:032F   876 01A3:0331
   878 01A3:0333   879 01A3:0334   880 01A3:0338   881 01A3:033C
   882 01A3:0340   883 01A3:0343   884 01A3:0344   891 01A3:0345
   892 01A3:0347   893 01A3:0348   894 01A3:034A   895 01A3:034E
   896 01A3:0351   897 01A3:0352   904 01A3:0353   905 01A3:0355
   906 01A3:0359   907 01A3:035D   908 01A3:035F   909 01A3:0361
   910 01A3:0364   916 01A3:0365   917 01A3:0367   918 01A3:0368
   919 01A3:036B   920 01A3:036F   921 01A3:0372   922 01A3:0373
   929 01A3:0374   930 01A3:0376   931 01A3:0377   932 01A3:037A
   933 01A3:037E   934 01A3:0382   935 01A3:0385   936 01A3:0386
   942 01A3:0387   943 01A3:0389   944 01A3:038D   945 01A3:038F
   946 01A3:0392   953 01A3:0393   954 01A3:0395   955 01A3:0399
   956 01A3:039D   957 01A3:039F   958 01A3:03A2   963 01A3:03A3
   968 01A3:03A4   975 01A3:03A5   976 01A3:03A7   977 01A3:03A8
   978 01A3:03AC   979 01A3:03B0   980 01A3:03B2   981 01A3:03B5
   982 01A3:03B6   988 01A3:03B7   989 01A3:03B9   990 01A3:03BC
   991 01A3:03C0   992 01A3:03C3   993 01A3:03C5   999 01A3:03C6
  1000 01A3:03C8  1001 01A3:03CB  1002 01A3:03CF  1003 01A3:03D2
  1004 01A3:03D4  1012 01A3:03D5  1013 01A3:03D7  1014 01A3:03DA
  1015 01A3:03DE  1016 01A3:03E2  1017 01A3:03E6  1018 01A3:03E9
  1025 01A3:03EA  1026 01A3:03EC  1028 01A3:03EE  1030 01A3:03F0
  1031 01A3:03F2  1032 01A3:03F3  1033 01A3:03F7  1034 01A3:03FB
  1035 01A3:03FE  1036 01A3:03FF  1045 01A3:0400  1046 01A3:0403
  1048 01A3:0405  1050 01A3:0408  1051 01A3:040A  1052 01A3:040E
  1053 01A3:0412  1054 01A3:0416  1055 01A3:041A  1056 01A3:041E
  1057 01A3:0421  1065 01A3:0422  1066 01A3:0424  1067 01A3:0426
  1068 01A3:042A  1069 01A3:042E  1070 01A3:0431  1076 01A3:0432
  1077 01A3:0434  1078 01A3:0437  1079 01A3:043B  1080 01A3:043E
  1086 01A3:043F  1087 01A3:0441  1089 01A3:0443  1091 01A3:0445
  1092 01A3:0447  1093 01A3:044B  1094 01A3:044E  1100 01A3:044F
  1110 01A3:0450  1111 01A3:0452  1112 01A3:0454  1113 01A3:0458
  1114 01A3:045B  1120 01A3:045C  1121 01A3:045E  1122 01A3:0462
  1123 01A3:0464  1124 01A3:0466  1125 01A3:0469  1132 01A3:046C
  1133 01A3:046E  1134 01A3:0472  1135 01A3:0474  1136 01A3:0478
  1137 01A3:047A  1138 01A3:047D  1143 01A3:047E  1144 01A3:0481
  1145 01A3:0484  1151 01A3:0485  1152 01A3:0487  1153 01A3:048A
  1154 01A3:048E  1155 01A3:0490  1156 01A3:0493  1161 01A3:0494
  1162 01A3:0497  1163 01A3:049A  1169 01A3:049B  1170 01A3:049D
  1171 01A3:04A0  1172 01A3:04A4  1173 01A3:04A6  1174 01A3:04A9
  1179 01A3:04AA  1180 01A3:04AD  1181 01A3:04AF  1182 01A3:04B1
  1183 01A3:04B3  1188 01A3:04B4  1189 01A3:04B7  1190 01A3:04B9
  1191 01A3:04BB  1197 01A3:04BC  1198 01A3:04BE  1199 01A3:04C1
  1200 01A3:04C5  1201 01A3:04C7  1202 01A3:04C9  1203 01A3:04CB
  1217 01A3:04CC  1218 01A3:04CE  1219 01A3:04D1  1220 01A3:04D5
  1221 01A3:04D8  1222 01A3:04DA  1229 01A3:04DB  1230 01A3:04DD
  1231 01A3:04DE  1232 01A3:04E2  1233 01A3:04E6  1234 01A3:04E9
  1235 01A3:04EC  1236 01A3:04ED  1242 01A3:04EE  1243 01A3:04F0
  1244 01A3:04F1  1245 01A3:04F5  1246 01A3:04F8  1247 01A3:04FB
  1248 01A3:04FC  1263 01A3:04FD  1268 01A3:04FE  1273 01A3:04FF
  1278 01A3:0500  1283 01A3:0501  1288 01A3:0502  1289 01A3:0503
  1290 01A3:0504  1291 01A3:0505  1292 01A3:0506  1293 01A3:0507
  1294 01A3:0508  1295 01A3:050A  1296 01A3:050D  1297 01A3:0510
  1298 01A3:0512  1299 01A3:0515  1300 01A3:0518  1301 01A3:0519
  1302 01A3:051A  1303 01A3:051C  1304 01A3:0520  1306 01A3:0521
  1307 01A3:0522  1308 01A3:0523  1309 01A3:0524  1310 01A3:0525
  1316 01A3:0526  1317 01A3:0528  1318 01A3:052C  1319 01A3:052F
  1320 01A3:0531  1321 01A3:0535  1322 01A3:0537  1323 01A3:0539
  1324 01A3:053C  1326 01A3:053E  1327 01A3:053F  1328 01A3:0543
  1329 01A3:0545  1330 01A3:0547  1331 01A3:0548  1333 01A3:054A
  1334 01A3:054C  1336 01A3:054E  1338 01A3:0550  1345 01A3:0551
  1346 01A3:0553  1347 01A3:0554  1348 01A3:0555  1349 01A3:0559
  1350 01A3:055D  1351 01A3:055E  1352 01A3:055F  1353 01A3:0562
  1354 01A3:0566  1355 01A3:056A  1356 01A3:056E  1357 01A3:0570
  1358 01A3:0572  1359 01A3:0574  1360 01A3:0576  1361 01A3:057A
  1362 01A3:057C  1364 01A3:057F  1366 01A3:0581  1367 01A3:0582
  1368 01A3:0584  1369 01A3:0586  1370 01A3:0587  1371 01A3:0589
  1372 01A3:058B  1373 01A3:058D  1375 01A3:058F  1376 01A3:0591
  1377 01A3:0593  1379 01A3:0595  1380 01A3:0596
Line numbers for C_NEWDOS.OBJ(C_NEWDOS.CPP) segment C_NEWDOS_TEXT

   118 01FC:0007   120 01FC:000A   121 01FC:001A   127 01FC:001C
   129 01FC:001F   130 01FC:0027   131 01FC:0033   133 01FC:003F
   134 01FC:004B
     9 01FC:004D    11 01FC:0050    12 01FC:0054    13 01FC:006C
    14 01FC:0080    15 01FC:0094    16 01FC:00AA
Program entry point at 0000:0000

