
 Start  Stop   Length Name               Class

 00000H 0057EH 0057FH NEWDOS_TEXT        CODE
 00580H 0058FH 00010H _DATA              DATA


Detailed map of segments

 0000:0000 057F C=CODE   S=NEWDOS_TEXT    G=(none)  M=NEWDOS.ASM ACBP=48
 0058:0000 0010 C=DATA   S=_DATA          G=DGROUP  M=NEWDOS.ASM ACBP=48

  Address         Publics by Name

 0000:04AB idle  _ALLOCATEHMA
 0000:043F idle  _ALLOCATEMEMORY
 0000:04CA idle  _CAPITALIZEBUFFER
 0000:04BB idle  _CAPITALIZECHAR
 0000:04DD idle  _CAPITALIZEPCHAR
 0000:02C9 idle  _CHANGEDIRECTORY
 0000:04F1 idle  _CHECKENVIR
 0000:030C idle  _CLOSEFILE
 0000:042E idle  _COMMITFILE
 0000:017D idle  _CONVERTBPBTODPB
 0000:02A8 idle  _CREATECHILD_PSP
 0000:02C1 idle  _CREATEDIRECTORY
 0000:02E9 idle  _CREATEFILE
 0000:03D9 idle  _CREATENEWFILE
 0000:0334 idle  _DELETEFILE
 0000:0195 idle  _DISABLEDRIVE
 0000:00D4 idle  _DISKRESET
 0000:00B7 idle  _DOSBUFFEREDINPUT
 0000:0093 idle  _DOSREADAUXCHAR
 0000:0080 idle  _DOSREADCHAR
 0058:0003 idle  _DOSRESULT
 0000:00A3 idle  _DOSWRITEAUXCHAR
 0000:0099 idle  _DOSWRITECHAR
 0000:009F idle  _DOSWRITEPRNCHAR
 0000:00C5 idle  _DOSWRITESTRING
 0000:0376 idle  _DUPLICATEHANDLE
 0000:019A idle  _ENABLEDRIVE
 0000:053A idle  _ENVPCHAR
 0000:0432 idle  _FFLUSHFILE
 0058:0002 idle  _FILEOPENMODE
 0000:0382 idle  _FORCEDUPLICATEHANDLE
 0000:046D idle  _GETALLOCATIONSTRATEGY
 0000:0155 idle  _GETBOOTDRIVE
 0000:02D7 idle  _GETCURRENTDIRECTORY
 0000:02B8 idle  _GETCURRENTPSP
 0000:00E4 idle  _GETDEFAULTDRIVE
 0000:012B idle  _GETDEFDRIVEDPT
 0000:00E9 idle  _GETDEFDRIVEINFO
 0000:0213 idle  _GETDISKTRANSFERAREA
 0000:021D idle  _GETDOSVERSION
 0000:0143 idle  _GETDRIVEDPT
 0000:0108 idle  _GETDRIVEINFO
 0000:050F idle  _GETENVCOUNT
 0000:0290 idle  _GETEXITCODE
 0000:0225 idle  _GETEXTBREAKCHECK
 0000:02C0 idle  _GETEXTERRORINFO
 0000:0354 idle  _GETFILEATTRIBUTE
 0000:03A6 idle  _GETFILEDATE
 0000:03B5 idle  _GETFILETIME
 0000:015E idle  _GETFREEDISKSPACE
 0000:0499 idle  _GETFREEHMA_ADDR
 0000:023B idle  _GETINDOSFLAGPTR
 0000:0245 idle  _GETINTERRUPTVECTOR
 0000:02A2 idle  _GETPSP_ADDRESS
 0000:00AF idle  _GETSTDINSTATUS
 0000:0255 idle  _GETSWITCHCHAR
 0000:01B9 idle  _GETSYSTEMDATE
 0000:01DF idle  _GETSYSTEMTIME
 0000:026B idle  _GETSYSVARSPTR
 0000:0411 idle  _GETTRUENAME
 0000:0483 idle  _GETUMB_LINKSTATE
 0000:018F idle  _GETVERIFYFLAG
 0000:04A3 idle  _HMA_MEMAVAIL
 0000:03F4 idle  _LOCKFILE
 0000:02FB idle  _OPENFILE
 0058:0000 idle  _PREFIXSEG
 0000:0318 idle  _READFILE
 0000:045B idle  _REALLOCATEMEMORY
 0000:044B idle  _RELEASEMEMORY
 0000:02C5 idle  _REMOVEDIRECTORY
 0000:0394 idle  _RENAMEFILE
 0000:0342 idle  _SEEKFILE
 0000:00DA idle  _SELECTDRIVE
 0000:0474 idle  _SETALLOCATIONSTRATEGY
 0000:0205 idle  _SETDISKTRANSFERAREA
 0000:022E idle  _SETEXTBREAKCHECK
 0000:0363 idle  _SETFILEATTRIBUTE
 0000:03C4 idle  _SETFILETIMEDATE
 0000:0421 idle  _SETHANDLESCOUNT
 0000:01A7 idle  _SETINTERRUPTVECTOR
 0000:0296 idle  _SETPSP_ADDRESS
 0000:025E idle  _SETSWITCHCHAR
 0000:01CC idle  _SETSYSTEMDATE
 0000:01F2 idle  _SETSYSTEMTIME
 0000:048A idle  _SETUMB_LINKSTATE
 0000:0137 idle  _SETVERIFYFLAG
 0000:0278 idle  _STAYTSR
 0000:03EF idle  _UNLOCKFILE
 0000:031E idle  _WRITEFILE

  Address         Publics by Value

 0000:0080 idle  _DOSREADCHAR
 0000:0093 idle  _DOSREADAUXCHAR
 0000:0099 idle  _DOSWRITECHAR
 0000:009F idle  _DOSWRITEPRNCHAR
 0000:00A3 idle  _DOSWRITEAUXCHAR
 0000:00AF idle  _GETSTDINSTATUS
 0000:00B7 idle  _DOSBUFFEREDINPUT
 0000:00C5 idle  _DOSWRITESTRING
 0000:00D4 idle  _DISKRESET
 0000:00DA idle  _SELECTDRIVE
 0000:00E4 idle  _GETDEFAULTDRIVE
 0000:00E9 idle  _GETDEFDRIVEINFO
 0000:0108 idle  _GETDRIVEINFO
 0000:012B idle  _GETDEFDRIVEDPT
 0000:0137 idle  _SETVERIFYFLAG
 0000:0143 idle  _GETDRIVEDPT
 0000:0155 idle  _GETBOOTDRIVE
 0000:015E idle  _GETFREEDISKSPACE
 0000:017D idle  _CONVERTBPBTODPB
 0000:018F idle  _GETVERIFYFLAG
 0000:0195 idle  _DISABLEDRIVE
 0000:019A idle  _ENABLEDRIVE
 0000:01A7 idle  _SETINTERRUPTVECTOR
 0000:01B9 idle  _GETSYSTEMDATE
 0000:01CC idle  _SETSYSTEMDATE
 0000:01DF idle  _GETSYSTEMTIME
 0000:01F2 idle  _SETSYSTEMTIME
 0000:0205 idle  _SETDISKTRANSFERAREA
 0000:0213 idle  _GETDISKTRANSFERAREA
 0000:021D idle  _GETDOSVERSION
 0000:0225 idle  _GETEXTBREAKCHECK
 0000:022E idle  _SETEXTBREAKCHECK
 0000:023B idle  _GETINDOSFLAGPTR
 0000:0245 idle  _GETINTERRUPTVECTOR
 0000:0255 idle  _GETSWITCHCHAR
 0000:025E idle  _SETSWITCHCHAR
 0000:026B idle  _GETSYSVARSPTR
 0000:0278 idle  _STAYTSR
 0000:0290 idle  _GETEXITCODE
 0000:0296 idle  _SETPSP_ADDRESS
 0000:02A2 idle  _GETPSP_ADDRESS
 0000:02A8 idle  _CREATECHILD_PSP
 0000:02B8 idle  _GETCURRENTPSP
 0000:02C0 idle  _GETEXTERRORINFO
 0000:02C1 idle  _CREATEDIRECTORY
 0000:02C5 idle  _REMOVEDIRECTORY
 0000:02C9 idle  _CHANGEDIRECTORY
 0000:02D7 idle  _GETCURRENTDIRECTORY
 0000:02E9 idle  _CREATEFILE
 0000:02FB idle  _OPENFILE
 0000:030C idle  _CLOSEFILE
 0000:0318 idle  _READFILE
 0000:031E idle  _WRITEFILE
 0000:0334 idle  _DELETEFILE
 0000:0342 idle  _SEEKFILE
 0000:0354 idle  _GETFILEATTRIBUTE
 0000:0363 idle  _SETFILEATTRIBUTE
 0000:0376 idle  _DUPLICATEHANDLE
 0000:0382 idle  _FORCEDUPLICATEHANDLE
 0000:0394 idle  _RENAMEFILE
 0000:03A6 idle  _GETFILEDATE
 0000:03B5 idle  _GETFILETIME
 0000:03C4 idle  _SETFILETIMEDATE
 0000:03D9 idle  _CREATENEWFILE
 0000:03EF idle  _UNLOCKFILE
 0000:03F4 idle  _LOCKFILE
 0000:0411 idle  _GETTRUENAME
 0000:0421 idle  _SETHANDLESCOUNT
 0000:042E idle  _COMMITFILE
 0000:0432 idle  _FFLUSHFILE
 0000:043F idle  _ALLOCATEMEMORY
 0000:044B idle  _RELEASEMEMORY
 0000:045B idle  _REALLOCATEMEMORY
 0000:046D idle  _GETALLOCATIONSTRATEGY
 0000:0474 idle  _SETALLOCATIONSTRATEGY
 0000:0483 idle  _GETUMB_LINKSTATE
 0000:048A idle  _SETUMB_LINKSTATE
 0000:0499 idle  _GETFREEHMA_ADDR
 0000:04A3 idle  _HMA_MEMAVAIL
 0000:04AB idle  _ALLOCATEHMA
 0000:04BB idle  _CAPITALIZECHAR
 0000:04CA idle  _CAPITALIZEBUFFER
 0000:04DD idle  _CAPITALIZEPCHAR
 0000:04F1 idle  _CHECKENVIR
 0000:050F idle  _GETENVCOUNT
 0000:053A idle  _ENVPCHAR
 0058:0000 idle  _PREFIXSEG
 0058:0002 idle  _FILEOPENMODE
 0058:0003 idle  _DOSRESULT

Program entry point at 0000:0000
Warning: No stack

